#
# There is insufficient memory for the Java Runtime Environment to continue.
# Native memory allocation (malloc) failed to allocate 1095216 bytes. Error detail: Chunk::new
# Possible reasons:
#   The system is out of physical RAM or swap space
#   This process is running with CompressedOops enabled, and the Java Heap may be blocking the growth of the native heap
# Possible solutions:
#   Reduce memory load on the system
#   Increase physical memory or swap space
#   Check if swap backing store is full
#   Decrease Java heap size (-Xmx/-Xms)
#   Decrease number of Java threads
#   Decrease Java thread stack sizes (-Xss)
#   Set larger code cache with -XX:ReservedCodeCacheSize=
#   JVM is running with Unscaled Compressed Oops mode in which the Java heap is
#     placed in the first 4GB address space. The Java Heap base address is the
#     maximum limit for the native heap growth. Please use -XX:HeapBaseMinAddress
#     to set the Java Heap base and to place the Java Heap above 4GB virtual address.
# This output file may be truncated or incomplete.
#
#  Out of Memory Error (arena.cpp:168), pid=21952, tid=29188
#
# JRE version: OpenJDK Runtime Environment Temurin-21.0.8+9 (21.0.8+9) (build 21.0.8+9-LTS)
# Java VM: OpenJDK 64-Bit Server VM Temurin-21.0.8+9 (21.0.8+9-LTS, mixed mode, sharing, tiered, compressed oops, compressed class ptrs, parallel gc, windows-amd64)
# No core dump will be written. Minidumps are not enabled by default on client versions of Windows
#

---------------  S U M M A R Y ------------

Command Line: --add-modules=ALL-SYSTEM --add-opens=java.base/java.util=ALL-UNNAMED --add-opens=java.base/java.lang=ALL-UNNAMED --add-opens=java.base/sun.nio.fs=ALL-UNNAMED -Declipse.application=org.eclipse.jdt.ls.core.id1 -Dosgi.bundles.defaultStartLevel=4 -Declipse.product=org.eclipse.jdt.ls.core.product -Djava.import.generatesMetadataFilesAtProjectRoot=false -DDetectVMInstallationsJob.disabled=true -Dfile.encoding=utf8 -XX:+UseParallelGC -XX:GCTimeRatio=4 -XX:AdaptiveSizePolicyWeight=90 -Dsun.zip.disableMemoryMapping=true -Xmx2G -Xms100m -Xlog:disable -javaagent:c:\Users\Utkarsh\.vscode\extensions\redhat.java-1.46.0-win32-x64\lombok\lombok-1.18.39-4050.jar -XX:+HeapDumpOnOutOfMemoryError -XX:HeapDumpPath=c:\Users\Utkarsh\AppData\Roaming\Code\User\workspaceStorage\476b35af7295efd7ee149330c3029c14\redhat.java -Daether.dependencyCollector.impl=bf c:\Users\Utkarsh\.vscode\extensions\redhat.java-1.46.0-win32-x64\server\plugins\org.eclipse.equinox.launcher_1.7.0.v20250519-0528.jar -configuration c:\Users\Utkarsh\AppData\Roaming\Code\User\globalStorage\redhat.java\1.46.0\config_win -data c:\Users\Utkarsh\AppData\Roaming\Code\User\workspaceStorage\476b35af7295efd7ee149330c3029c14\redhat.java\jdt_ws --pipe=\\.\pipe\lsp-bbbd5f298a9b686fda22e439574bb8d9-sock

Host: AMD Ryzen 5 5600H with Radeon Graphics         , 12 cores, 15G,  Windows 11 , 64 bit Build 26100 (10.0.26100.6725)
Time: Wed Oct 15 11:24:18 2025 India Standard Time elapsed time: 5.259276 seconds (0d 0h 0m 5s)

---------------  T H R E A D  ---------------

Current thread (0x000001ddb3002e60):  JavaThread "C2 CompilerThread0" daemon [_thread_in_native, id=29188, stack(0x00000063c4200000,0x00000063c4300000) (1024K)]


Current CompileTask:
C2:5259 6146       4       org.eclipse.osgi.internal.loader.BundleLoader::addExportedProvidersFor (167 bytes)

Stack: [0x00000063c4200000,0x00000063c4300000]
Native frames: (J=compiled Java code, j=interpreted, Vv=VM code, C=native code)
V  [jvm.dll+0x6d2449]
V  [jvm.dll+0x8ae341]
V  [jvm.dll+0x8b08be]
V  [jvm.dll+0x8b0fa3]
V  [jvm.dll+0x280c96]
V  [jvm.dll+0xc581d]
V  [jvm.dll+0xc5d53]
V  [jvm.dll+0x3b9162]
V  [jvm.dll+0x385315]
V  [jvm.dll+0x38477a]
V  [jvm.dll+0x248ed0]
V  [jvm.dll+0x2484af]
V  [jvm.dll+0x1c89ee]
V  [jvm.dll+0x257d4d]
V  [jvm.dll+0x2562ea]
V  [jvm.dll+0x3f2d16]
V  [jvm.dll+0x857e6b]
V  [jvm.dll+0x6d0b0d]
C  [ucrtbase.dll+0x37b0]
C  [KERNEL32.DLL+0x2e8d7]
C  [ntdll.dll+0x8c53c]


---------------  P R O C E S S  ---------------

Threads class SMR info:
_java_thread_list=0x000001de14be8f60, length=43, elements={
0x000001ddb0a48650, 0x000001ddb2efdf60, 0x000001ddb2ff1f50, 0x000001ddb2ff4ec0,
0x000001ddb2ff5d90, 0x000001ddb2ffa160, 0x000001ddb3001530, 0x000001ddb3002e60,
0x000001ddb300e890, 0x000001de0bdbe510, 0x000001de0bff2520, 0x000001de0bdbde80,
0x000001de0bdbd7f0, 0x000001de0bdbb090, 0x000001de0bdbc440, 0x000001de0bdbcad0,
0x000001de0bdbbdb0, 0x000001de0bdbd160, 0x000001de11f2e000, 0x000001de11f2e690,
0x000001de11f2d2e0, 0x000001de11f2bf30, 0x000001de11f2c5c0, 0x000001de139aa6a0,
0x000001de11f30760, 0x000001de11f2d970, 0x000001de11f2f3b0, 0x000001de11f30df0,
0x000001de11f2fa40, 0x000001de11f300d0, 0x000001de11f321a0, 0x000001de11f31480,
0x000001de11f31b10, 0x000001de11f2ed20, 0x000001de11f32830, 0x000001de11f32ec0,
0x000001de11f33550, 0x000001de14bb2b70, 0x000001de14bb1e50, 0x000001de14bb17c0,
0x000001de14bb3200, 0x000001de14bb3890, 0x000001de14bb3f20
}

Java Threads: ( => current thread )
  0x000001ddb0a48650 JavaThread "main"                              [_thread_blocked, id=15272, stack(0x00000063c3800000,0x00000063c3900000) (1024K)]
  0x000001ddb2efdf60 JavaThread "Reference Handler"          daemon [_thread_blocked, id=15296, stack(0x00000063c3c00000,0x00000063c3d00000) (1024K)]
  0x000001ddb2ff1f50 JavaThread "Finalizer"                  daemon [_thread_blocked, id=8488, stack(0x00000063c3d00000,0x00000063c3e00000) (1024K)]
  0x000001ddb2ff4ec0 JavaThread "Signal Dispatcher"          daemon [_thread_blocked, id=26704, stack(0x00000063c3e00000,0x00000063c3f00000) (1024K)]
  0x000001ddb2ff5d90 JavaThread "Attach Listener"            daemon [_thread_blocked, id=24692, stack(0x00000063c3f00000,0x00000063c4000000) (1024K)]
  0x000001ddb2ffa160 JavaThread "Service Thread"             daemon [_thread_blocked, id=12252, stack(0x00000063c4000000,0x00000063c4100000) (1024K)]
  0x000001ddb3001530 JavaThread "Monitor Deflation Thread"   daemon [_thread_blocked, id=8200, stack(0x00000063c4100000,0x00000063c4200000) (1024K)]
=>0x000001ddb3002e60 JavaThread "C2 CompilerThread0"         daemon [_thread_in_native, id=29188, stack(0x00000063c4200000,0x00000063c4300000) (1024K)]
  0x000001ddb300e890 JavaThread "C1 CompilerThread0"         daemon [_thread_blocked, id=1248, stack(0x00000063c4300000,0x00000063c4400000) (1024K)]
  0x000001de0bdbe510 JavaThread "Common-Cleaner"             daemon [_thread_blocked, id=26152, stack(0x00000063c4400000,0x00000063c4500000) (1024K)]
  0x000001de0bff2520 JavaThread "C2 CompilerThread1"         daemon [_thread_in_native, id=19764, stack(0x00000063c4500000,0x00000063c4600000) (1024K)]
  0x000001de0bdbde80 JavaThread "Notification Thread"        daemon [_thread_blocked, id=26356, stack(0x00000063c4600000,0x00000063c4700000) (1024K)]
  0x000001de0bdbd7f0 JavaThread "Active Thread: Equinox Container: 4b7f2ec8-f281-4dfe-8005-d41aa879369b"        [_thread_blocked, id=19800, stack(0x00000063c4e00000,0x00000063c4f00000) (1024K)]
  0x000001de0bdbb090 JavaThread "Refresh Thread: Equinox Container: 4b7f2ec8-f281-4dfe-8005-d41aa879369b" daemon [_thread_blocked, id=1788, stack(0x00000063c4f00000,0x00000063c5000000) (1024K)]
  0x000001de0bdbc440 JavaThread "Framework Event Dispatcher: Equinox Container: 4b7f2ec8-f281-4dfe-8005-d41aa879369b" daemon [_thread_blocked, id=19664, stack(0x00000063c5100000,0x00000063c5200000) (1024K)]
  0x000001de0bdbcad0 JavaThread "Start Level: Equinox Container: 4b7f2ec8-f281-4dfe-8005-d41aa879369b" daemon [_thread_blocked, id=4948, stack(0x00000063c5200000,0x00000063c5300000) (1024K)]
  0x000001de0bdbbdb0 JavaThread "Bundle File Closer"         daemon [_thread_blocked, id=9148, stack(0x00000063c5500000,0x00000063c5600000) (1024K)]
  0x000001de0bdbd160 JavaThread "SCR Component Actor"        daemon [_thread_blocked, id=13952, stack(0x00000063c5600000,0x00000063c5700000) (1024K)]
  0x000001de11f2e000 JavaThread "Worker-JM"                         [_thread_blocked, id=22180, stack(0x00000063c5700000,0x00000063c5800000) (1024K)]
  0x000001de11f2e690 JavaThread "JNA Cleaner"                daemon [_thread_blocked, id=23348, stack(0x00000063c5800000,0x00000063c5900000) (1024K)]
  0x000001de11f2d2e0 JavaThread "Worker-0: Java indexing... "        [_thread_blocked, id=21836, stack(0x00000063c5900000,0x00000063c5a00000) (1024K)]
  0x000001de11f2bf30 JavaThread "Worker-1"                          [_thread_blocked, id=15484, stack(0x00000063c5a00000,0x00000063c5b00000) (1024K)]
  0x000001de11f2c5c0 JavaThread "Java indexing"              daemon [_thread_blocked, id=13896, stack(0x00000063c4700000,0x00000063c4800000) (1024K)]
  0x000001de139aa6a0 JavaThread "C2 CompilerThread2"         daemon [_thread_in_native, id=29028, stack(0x00000063c5b00000,0x00000063c5c00000) (1024K)]
  0x000001de11f30760 JavaThread "Worker-2"                          [_thread_blocked, id=24724, stack(0x00000063c5e00000,0x00000063c5f00000) (1024K)]
  0x000001de11f2d970 JavaThread "Worker-3"                          [_thread_blocked, id=15736, stack(0x00000063c5f00000,0x00000063c6000000) (1024K)]
  0x000001de11f2f3b0 JavaThread "Thread-1"                   daemon [_thread_in_native, id=24916, stack(0x00000063c6000000,0x00000063c6100000) (1024K)]
  0x000001de11f30df0 JavaThread "Thread-2"                   daemon [_thread_in_native, id=27076, stack(0x00000063c6100000,0x00000063c6200000) (1024K)]
  0x000001de11f2fa40 JavaThread "Thread-3"                   daemon [_thread_in_native, id=9240, stack(0x00000063c6200000,0x00000063c6300000) (1024K)]
  0x000001de11f300d0 JavaThread "Thread-4"                   daemon [_thread_in_native, id=25720, stack(0x00000063c6300000,0x00000063c6400000) (1024K)]
  0x000001de11f321a0 JavaThread "Thread-5"                   daemon [_thread_in_native, id=26140, stack(0x00000063c6400000,0x00000063c6500000) (1024K)]
  0x000001de11f31480 JavaThread "Thread-6"                   daemon [_thread_in_native, id=2724, stack(0x00000063c6500000,0x00000063c6600000) (1024K)]
  0x000001de11f31b10 JavaThread "Thread-7"                   daemon [_thread_in_native, id=17544, stack(0x00000063c6600000,0x00000063c6700000) (1024K)]
  0x000001de11f2ed20 JavaThread "Thread-8"                   daemon [_thread_in_native, id=1580, stack(0x00000063c6700000,0x00000063c6800000) (1024K)]
  0x000001de11f32830 JavaThread "Thread-9"                   daemon [_thread_in_native, id=27460, stack(0x00000063c6800000,0x00000063c6900000) (1024K)]
  0x000001de11f32ec0 JavaThread "Thread-10"                  daemon [_thread_in_native, id=22168, stack(0x00000063c6900000,0x00000063c6a00000) (1024K)]
  0x000001de11f33550 JavaThread "Thread-11"                  daemon [_thread_in_native, id=26452, stack(0x00000063c6a00000,0x00000063c6b00000) (1024K)]
  0x000001de14bb2b70 JavaThread "Thread-12"                  daemon [_thread_in_native, id=13376, stack(0x00000063c6b00000,0x00000063c6c00000) (1024K)]
  0x000001de14bb1e50 JavaThread "Thread-13"                  daemon [_thread_in_native, id=20788, stack(0x00000063c6c00000,0x00000063c6d00000) (1024K)]
  0x000001de14bb17c0 JavaThread "pool-2-thread-1"                   [_thread_blocked, id=5676, stack(0x00000063c6d00000,0x00000063c6e00000) (1024K)]
  0x000001de14bb3200 JavaThread "WorkspaceEventsHandler"            [_thread_blocked, id=25412, stack(0x00000063c6e00000,0x00000063c6f00000) (1024K)]
  0x000001de14bb3890 JavaThread "pool-1-thread-1"                   [_thread_blocked, id=3456, stack(0x00000063c6f00000,0x00000063c7000000) (1024K)]
  0x000001de14bb3f20 JavaThread "Worker-4: Initialize Workspace"        [_thread_in_native, id=22704, stack(0x00000063c7000000,0x00000063c7100000) (1024K)]
Total: 43

Other Threads:
  0x000001ddb2fef960 VMThread "VM Thread"                           [id=10020, stack(0x00000063c3b00000,0x00000063c3c00000) (1024K)]
  0x000001ddb2ddca00 WatcherThread "VM Periodic Task Thread"        [id=20496, stack(0x00000063c3a00000,0x00000063c3b00000) (1024K)]
  0x000001ddb2f6b650 WorkerThread "GC Thread#0"                     [id=24428, stack(0x00000063c3900000,0x00000063c3a00000) (1024K)]
  0x000001de11062670 WorkerThread "GC Thread#1"                     [id=10928, stack(0x00000063c4800000,0x00000063c4900000) (1024K)]
  0x000001de11062a10 WorkerThread "GC Thread#2"                     [id=8316, stack(0x00000063c4900000,0x00000063c4a00000) (1024K)]
  0x000001de11062db0 WorkerThread "GC Thread#3"                     [id=21968, stack(0x00000063c4a00000,0x00000063c4b00000) (1024K)]
  0x000001de11800080 WorkerThread "GC Thread#4"                     [id=6644, stack(0x00000063c4b00000,0x00000063c4c00000) (1024K)]
  0x000001de11800420 WorkerThread "GC Thread#5"                     [id=23852, stack(0x00000063c4c00000,0x00000063c4d00000) (1024K)]
  0x000001de118007c0 WorkerThread "GC Thread#6"                     [id=23444, stack(0x00000063c4d00000,0x00000063c4e00000) (1024K)]
  0x000001de11b66d30 WorkerThread "GC Thread#7"                     [id=11708, stack(0x00000063c5000000,0x00000063c5100000) (1024K)]
  0x000001de11b670d0 WorkerThread "GC Thread#8"                     [id=9860, stack(0x00000063c5300000,0x00000063c5400000) (1024K)]
  0x000001de11b67470 WorkerThread "GC Thread#9"                     [id=29692, stack(0x00000063c5400000,0x00000063c5500000) (1024K)]
Total: 12

Threads with active compile tasks:
C2 CompilerThread0  6281 6146       4       org.eclipse.osgi.internal.loader.BundleLoader::addExportedProvidersFor (167 bytes)
C2 CompilerThread1  6281 6160       4       java.lang.invoke.MethodType::makeImpl (109 bytes)
C2 CompilerThread2  6281 6111   !   4       org.eclipse.osgi.internal.loader.BundleLoader::findRequiredSource (283 bytes)
Total: 3

VM state: not at safepoint (normal execution)

VM Mutex/Monitor currently owned by a thread: None

Heap address: 0x0000000080000000, size: 2048 MB, Compressed Oops mode: 32-bit

CDS archive(s) mapped at: [0x000001ddca000000-0x000001ddcaba0000-0x000001ddcaba0000), size 12189696, SharedBaseAddress: 0x000001ddca000000, ArchiveRelocationMode: 1.
Compressed class space mapped at: 0x000001ddcb000000-0x000001de0b000000, reserved size: 1073741824
Narrow klass base: 0x000001ddca000000, Narrow klass shift: 0, Narrow klass range: 0x100000000

GC Precious Log:
 CardTable entry size: 512
 CPUs: 12 total, 12 available
 Memory: 15710M
 Large Page Support: Disabled
 NUMA Support: Disabled
 Compressed Oops: Enabled (32-bit)
 Alignments: Space 512K, Generation 512K, Heap 2M
 Heap Min Capacity: 100M
 Heap Initial Capacity: 100M
 Heap Max Capacity: 2G
 Pre-touch: Disabled
 Parallel Workers: 10

Heap:
 PSYoungGen      total 23552K, used 21919K [0x00000000d5580000, 0x00000000d6f00000, 0x0000000100000000)
  eden space 22016K, 92% used [0x00000000d5580000,0x00000000d69754d0,0x00000000d6b00000)
  from space 1536K, 96% used [0x00000000d6d80000,0x00000000d6ef2b00,0x00000000d6f00000)
  to   space 2048K, 0% used [0x00000000d6b00000,0x00000000d6b00000,0x00000000d6d00000)
 ParOldGen       total 68608K, used 22559K [0x0000000080000000, 0x0000000084300000, 0x00000000d5580000)
  object space 68608K, 32% used [0x0000000080000000,0x0000000081607c30,0x0000000084300000)
 Metaspace       used 47284K, committed 48448K, reserved 1114112K
  class space    used 5162K, committed 5696K, reserved 1048576K

Card table byte_map: [0x000001ddb28f0000,0x000001ddb2d00000] _byte_map_base: 0x000001ddb24f0000

Marking Bits: (ParMarkBitMap*) 0x00007ff9f0dfa340
 Begin Bits: [0x000001ddc53f0000, 0x000001ddc73f0000)
 End Bits:   [0x000001ddc73f0000, 0x000001ddc93f0000)

Polling page: 0x000001ddb0d60000

Metaspace:

Usage:
  Non-class:     41.14 MB used.
      Class:      5.04 MB used.
       Both:     46.18 MB used.

Virtual space:
  Non-class space:       64.00 MB reserved,      41.75 MB ( 65%) committed,  1 nodes.
      Class space:        1.00 GB reserved,       5.56 MB ( <1%) committed,  1 nodes.
             Both:        1.06 GB reserved,      47.31 MB (  4%) committed. 

Chunk freelists:
   Non-Class:  5.56 MB
       Class:  10.34 MB
        Both:  15.91 MB

MaxMetaspaceSize: unlimited
CompressedClassSpaceSize: 1.00 GB
Initial GC threshold: 21.00 MB
Current GC threshold: 58.38 MB
CDS: on
 - commit_granule_bytes: 65536.
 - commit_granule_words: 8192.
 - virtual_space_node_default_size: 8388608.
 - enlarge_chunks_in_place: 1.
 - use_allocation_guard: 0.


Internal statistics:

num_allocs_failed_limit: 8.
num_arena_births: 814.
num_arena_deaths: 14.
num_vsnodes_births: 2.
num_vsnodes_deaths: 0.
num_space_committed: 757.
num_space_uncommitted: 0.
num_chunks_returned_to_freelist: 22.
num_chunks_taken_from_freelist: 2870.
num_chunk_merges: 12.
num_chunk_splits: 1806.
num_chunks_enlarged: 1104.
num_inconsistent_stats: 0.

CodeHeap 'non-profiled nmethods': size=120000Kb used=2962Kb max_used=2962Kb free=117037Kb
 bounds [0x000001ddbdc10000, 0x000001ddbdf00000, 0x000001ddc5140000]
CodeHeap 'profiled nmethods': size=120000Kb used=11983Kb max_used=11983Kb free=108016Kb
 bounds [0x000001ddb6140000, 0x000001ddb6d00000, 0x000001ddbd670000]
CodeHeap 'non-nmethods': size=5760Kb used=1376Kb max_used=1428Kb free=4383Kb
 bounds [0x000001ddbd670000, 0x000001ddbd8e0000, 0x000001ddbdc10000]
CodeCache: size=245760Kb, used=16321Kb, max_used=16373Kb, free=229436Kb
 total_blobs=6384, nmethods=5705, adapters=585, full_count=0
Compilation: enabled, stopped_count=0, restarted_count=0

Compilation events (20 events):
Event: 5.222 Thread 0x000001ddb300e890 nmethod 6276 0x000001ddbdef2e90 code [0x000001ddbdef3020, 0x000001ddbdef30e8]
Event: 5.222 Thread 0x000001ddb300e890 6277       1       java.nio.file.FileTreeWalker$Event::file (5 bytes)
Event: 5.222 Thread 0x000001ddb300e890 nmethod 6277 0x000001ddbdef3190 code [0x000001ddbdef3320, 0x000001ddbdef33e8]
Event: 5.222 Thread 0x000001ddb300e890 6279       1       java.nio.file.FileTreeWalker$DirectoryNode::iterator (5 bytes)
Event: 5.222 Thread 0x000001ddb300e890 nmethod 6279 0x000001ddbdef3490 code [0x000001ddbdef3620, 0x000001ddbdef36e8]
Event: 5.222 Thread 0x000001ddb300e890 6280       1       sun.nio.fs.WindowsFileAttributes::fileKey (2 bytes)
Event: 5.223 Thread 0x000001ddb300e890 nmethod 6280 0x000001ddbdef3790 code [0x000001ddbdef3920, 0x000001ddbdef39f0]
Event: 5.223 Thread 0x000001ddb300e890 6281       3       sun.nio.fs.WindowsPath::compareTo (118 bytes)
Event: 5.225 Thread 0x000001ddb300e890 nmethod 6281 0x000001ddb6ce2890 code [0x000001ddb6ce2bc0, 0x000001ddb6ce4008]
Event: 5.225 Thread 0x000001ddb300e890 6282       1       java.nio.file.FileTreeWalker$DirectoryNode::key (5 bytes)
Event: 5.225 Thread 0x000001ddb300e890 nmethod 6282 0x000001ddbdef3a90 code [0x000001ddbdef3c20, 0x000001ddbdef3ce8]
Event: 5.225 Thread 0x000001ddb300e890 6283   !   3       sun.nio.fs.WindowsPath::openForReadAttributeAccess (44 bytes)
Event: 5.225 Thread 0x000001ddb300e890 nmethod 6283 0x000001ddb6ce4890 code [0x000001ddb6ce4a60, 0x000001ddb6ce4d58]
Event: 5.227 Thread 0x000001ddb300e890 6285       3       sun.nio.fs.WindowsFileAttributes::isSymbolicLink (15 bytes)
Event: 5.227 Thread 0x000001ddb300e890 nmethod 6285 0x000001ddb6ce4e90 code [0x000001ddb6ce5020, 0x000001ddb6ce5188]
Event: 5.228 Thread 0x000001ddb300e890 6286       3       sun.nio.fs.WindowsPath::isEmpty (8 bytes)
Event: 5.228 Thread 0x000001ddb300e890 nmethod 6286 0x000001ddb6ce5210 code [0x000001ddb6ce53c0, 0x000001ddb6ce5598]
Event: 5.229 Thread 0x000001ddb300e890 6287       3       java.util.ArrayDeque::peekFirst (12 bytes)
Event: 5.229 Thread 0x000001ddb300e890 nmethod 6287 0x000001ddb6ce5690 code [0x000001ddb6ce5840, 0x000001ddb6ce59d0]
Event: 5.230 Thread 0x000001ddb300e890 6288       1       java.nio.file.FileTreeWalker$Event::attributes (5 bytes)

GC Heap History (20 events):
Event: 3.480 GC heap before
{Heap before GC invocations=11 (full 1):
 PSYoungGen      total 26112K, used 26025K [0x00000000d5580000, 0x00000000d7300000, 0x0000000100000000)
  eden space 23552K, 100% used [0x00000000d5580000,0x00000000d6c80000,0x00000000d6c80000)
  from space 2560K, 96% used [0x00000000d6e80000,0x00000000d70ea5c0,0x00000000d7100000)
  to   space 2048K, 0% used [0x00000000d7100000,0x00000000d7100000,0x00000000d7300000)
 ParOldGen       total 68608K, used 12642K [0x0000000080000000, 0x0000000084300000, 0x00000000d5580000)
  object space 68608K, 18% used [0x0000000080000000,0x0000000080c58a38,0x0000000084300000)
 Metaspace       used 28604K, committed 29440K, reserved 1114112K
  class space    used 2789K, committed 3136K, reserved 1048576K
}
Event: 3.481 GC heap after
{Heap after GC invocations=11 (full 1):
 PSYoungGen      total 25088K, used 2042K [0x00000000d5580000, 0x00000000d7400000, 0x0000000100000000)
  eden space 23040K, 0% used [0x00000000d5580000,0x00000000d5580000,0x00000000d6c00000)
  from space 2048K, 99% used [0x00000000d7100000,0x00000000d72fe9e0,0x00000000d7300000)
  to   space 4096K, 0% used [0x00000000d6c00000,0x00000000d6c00000,0x00000000d7000000)
 ParOldGen       total 68608K, used 13997K [0x0000000080000000, 0x0000000084300000, 0x00000000d5580000)
  object space 68608K, 20% used [0x0000000080000000,0x0000000080dab558,0x0000000084300000)
 Metaspace       used 28604K, committed 29440K, reserved 1114112K
  class space    used 2789K, committed 3136K, reserved 1048576K
}
Event: 3.682 GC heap before
{Heap before GC invocations=12 (full 1):
 PSYoungGen      total 25088K, used 25066K [0x00000000d5580000, 0x00000000d7400000, 0x0000000100000000)
  eden space 23040K, 99% used [0x00000000d5580000,0x00000000d6bfbf88,0x00000000d6c00000)
  from space 2048K, 99% used [0x00000000d7100000,0x00000000d72fe9e0,0x00000000d7300000)
  to   space 4096K, 0% used [0x00000000d6c00000,0x00000000d6c00000,0x00000000d7000000)
 ParOldGen       total 68608K, used 13997K [0x0000000080000000, 0x0000000084300000, 0x00000000d5580000)
  object space 68608K, 20% used [0x0000000080000000,0x0000000080dab558,0x0000000084300000)
 Metaspace       used 31720K, committed 32704K, reserved 1114112K
  class space    used 3161K, committed 3584K, reserved 1048576K
}
Event: 3.684 GC heap after
{Heap after GC invocations=12 (full 1):
 PSYoungGen      total 24576K, used 1706K [0x00000000d5580000, 0x00000000d7180000, 0x0000000100000000)
  eden space 22528K, 0% used [0x00000000d5580000,0x00000000d5580000,0x00000000d6b80000)
  from space 2048K, 83% used [0x00000000d6c00000,0x00000000d6daab08,0x00000000d6e00000)
  to   space 2560K, 0% used [0x00000000d6f00000,0x00000000d6f00000,0x00000000d7180000)
 ParOldGen       total 68608K, used 16004K [0x0000000080000000, 0x0000000084300000, 0x00000000d5580000)
  object space 68608K, 23% used [0x0000000080000000,0x0000000080fa1150,0x0000000084300000)
 Metaspace       used 31720K, committed 32704K, reserved 1114112K
  class space    used 3161K, committed 3584K, reserved 1048576K
}
Event: 3.856 GC heap before
{Heap before GC invocations=13 (full 1):
 PSYoungGen      total 24576K, used 24234K [0x00000000d5580000, 0x00000000d7180000, 0x0000000100000000)
  eden space 22528K, 100% used [0x00000000d5580000,0x00000000d6b80000,0x00000000d6b80000)
  from space 2048K, 83% used [0x00000000d6c00000,0x00000000d6daab08,0x00000000d6e00000)
  to   space 2560K, 0% used [0x00000000d6f00000,0x00000000d6f00000,0x00000000d7180000)
 ParOldGen       total 68608K, used 16004K [0x0000000080000000, 0x0000000084300000, 0x00000000d5580000)
  object space 68608K, 23% used [0x0000000080000000,0x0000000080fa1150,0x0000000084300000)
 Metaspace       used 34502K, committed 35648K, reserved 1114112K
  class space    used 3541K, committed 4032K, reserved 1048576K
}
Event: 3.857 GC heap after
{Heap after GC invocations=13 (full 1):
 PSYoungGen      total 24064K, used 2000K [0x00000000d5580000, 0x00000000d7100000, 0x0000000100000000)
  eden space 22016K, 0% used [0x00000000d5580000,0x00000000d5580000,0x00000000d6b00000)
  from space 2048K, 97% used [0x00000000d6f00000,0x00000000d70f4010,0x00000000d7100000)
  to   space 2560K, 0% used [0x00000000d6c00000,0x00000000d6c00000,0x00000000d6e80000)
 ParOldGen       total 68608K, used 17208K [0x0000000080000000, 0x0000000084300000, 0x00000000d5580000)
  object space 68608K, 25% used [0x0000000080000000,0x00000000810ce070,0x0000000084300000)
 Metaspace       used 34502K, committed 35648K, reserved 1114112K
  class space    used 3541K, committed 4032K, reserved 1048576K
}
Event: 3.873 GC heap before
{Heap before GC invocations=14 (full 1):
 PSYoungGen      total 24064K, used 4152K [0x00000000d5580000, 0x00000000d7100000, 0x0000000100000000)
  eden space 22016K, 9% used [0x00000000d5580000,0x00000000d579a288,0x00000000d6b00000)
  from space 2048K, 97% used [0x00000000d6f00000,0x00000000d70f4010,0x00000000d7100000)
  to   space 2560K, 0% used [0x00000000d6c00000,0x00000000d6c00000,0x00000000d6e80000)
 ParOldGen       total 68608K, used 17208K [0x0000000080000000, 0x0000000084300000, 0x00000000d5580000)
  object space 68608K, 25% used [0x0000000080000000,0x00000000810ce070,0x0000000084300000)
 Metaspace       used 34791K, committed 35840K, reserved 1114112K
  class space    used 3577K, committed 4032K, reserved 1048576K
}
Event: 3.874 GC heap after
{Heap after GC invocations=14 (full 1):
 PSYoungGen      total 24576K, used 288K [0x00000000d5580000, 0x00000000d6f80000, 0x0000000100000000)
  eden space 22016K, 0% used [0x00000000d5580000,0x00000000d5580000,0x00000000d6b00000)
  from space 2560K, 11% used [0x00000000d6c00000,0x00000000d6c48000,0x00000000d6e80000)
  to   space 1024K, 0% used [0x00000000d6e80000,0x00000000d6e80000,0x00000000d6f80000)
 ParOldGen       total 68608K, used 19032K [0x0000000080000000, 0x0000000084300000, 0x00000000d5580000)
  object space 68608K, 27% used [0x0000000080000000,0x0000000081296080,0x0000000084300000)
 Metaspace       used 34791K, committed 35840K, reserved 1114112K
  class space    used 3577K, committed 4032K, reserved 1048576K
}
Event: 3.874 GC heap before
{Heap before GC invocations=15 (full 2):
 PSYoungGen      total 24576K, used 288K [0x00000000d5580000, 0x00000000d6f80000, 0x0000000100000000)
  eden space 22016K, 0% used [0x00000000d5580000,0x00000000d5580000,0x00000000d6b00000)
  from space 2560K, 11% used [0x00000000d6c00000,0x00000000d6c48000,0x00000000d6e80000)
  to   space 1024K, 0% used [0x00000000d6e80000,0x00000000d6e80000,0x00000000d6f80000)
 ParOldGen       total 68608K, used 19032K [0x0000000080000000, 0x0000000084300000, 0x00000000d5580000)
  object space 68608K, 27% used [0x0000000080000000,0x0000000081296080,0x0000000084300000)
 Metaspace       used 34791K, committed 35840K, reserved 1114112K
  class space    used 3577K, committed 4032K, reserved 1048576K
}
Event: 3.898 GC heap after
{Heap after GC invocations=15 (full 2):
 PSYoungGen      total 24576K, used 0K [0x00000000d5580000, 0x00000000d6f80000, 0x0000000100000000)
  eden space 22016K, 0% used [0x00000000d5580000,0x00000000d5580000,0x00000000d6b00000)
  from space 2560K, 0% used [0x00000000d6c00000,0x00000000d6c00000,0x00000000d6e80000)
  to   space 1024K, 0% used [0x00000000d6e80000,0x00000000d6e80000,0x00000000d6f80000)
 ParOldGen       total 68608K, used 18540K [0x0000000080000000, 0x0000000084300000, 0x00000000d5580000)
  object space 68608K, 27% used [0x0000000080000000,0x000000008121b3d8,0x0000000084300000)
 Metaspace       used 34791K, committed 35840K, reserved 1114112K
  class space    used 3577K, committed 4032K, reserved 1048576K
}
Event: 4.037 GC heap before
{Heap before GC invocations=16 (full 2):
 PSYoungGen      total 24576K, used 22016K [0x00000000d5580000, 0x00000000d6f80000, 0x0000000100000000)
  eden space 22016K, 100% used [0x00000000d5580000,0x00000000d6b00000,0x00000000d6b00000)
  from space 2560K, 0% used [0x00000000d6c00000,0x00000000d6c00000,0x00000000d6e80000)
  to   space 1024K, 0% used [0x00000000d6e80000,0x00000000d6e80000,0x00000000d6f80000)
 ParOldGen       total 68608K, used 18540K [0x0000000080000000, 0x0000000084300000, 0x00000000d5580000)
  object space 68608K, 27% used [0x0000000080000000,0x000000008121b3d8,0x0000000084300000)
 Metaspace       used 36349K, committed 37376K, reserved 1114112K
  class space    used 3794K, committed 4224K, reserved 1048576K
}
Event: 4.038 GC heap after
{Heap after GC invocations=16 (full 2):
 PSYoungGen      total 23040K, used 999K [0x00000000d5580000, 0x00000000d7000000, 0x0000000100000000)
  eden space 22016K, 0% used [0x00000000d5580000,0x00000000d5580000,0x00000000d6b00000)
  from space 1024K, 97% used [0x00000000d6e80000,0x00000000d6f79c58,0x00000000d6f80000)
  to   space 2560K, 0% used [0x00000000d6b00000,0x00000000d6b00000,0x00000000d6d80000)
 ParOldGen       total 68608K, used 19380K [0x0000000080000000, 0x0000000084300000, 0x00000000d5580000)
  object space 68608K, 28% used [0x0000000080000000,0x00000000812ed3d8,0x0000000084300000)
 Metaspace       used 36349K, committed 37376K, reserved 1114112K
  class space    used 3794K, committed 4224K, reserved 1048576K
}
Event: 4.206 GC heap before
{Heap before GC invocations=17 (full 2):
 PSYoungGen      total 23040K, used 23015K [0x00000000d5580000, 0x00000000d7000000, 0x0000000100000000)
  eden space 22016K, 100% used [0x00000000d5580000,0x00000000d6b00000,0x00000000d6b00000)
  from space 1024K, 97% used [0x00000000d6e80000,0x00000000d6f79c58,0x00000000d6f80000)
  to   space 2560K, 0% used [0x00000000d6b00000,0x00000000d6b00000,0x00000000d6d80000)
 ParOldGen       total 68608K, used 19380K [0x0000000080000000, 0x0000000084300000, 0x00000000d5580000)
  object space 68608K, 28% used [0x0000000080000000,0x00000000812ed3d8,0x0000000084300000)
 Metaspace       used 37496K, committed 38528K, reserved 1114112K
  class space    used 3944K, committed 4352K, reserved 1048576K
}
Event: 4.208 GC heap after
{Heap after GC invocations=17 (full 2):
 PSYoungGen      total 24576K, used 608K [0x00000000d5580000, 0x00000000d6f00000, 0x0000000100000000)
  eden space 22016K, 0% used [0x00000000d5580000,0x00000000d5580000,0x00000000d6b00000)
  from space 2560K, 23% used [0x00000000d6b00000,0x00000000d6b98000,0x00000000d6d80000)
  to   space 1536K, 0% used [0x00000000d6d80000,0x00000000d6d80000,0x00000000d6f00000)
 ParOldGen       total 68608K, used 20091K [0x0000000080000000, 0x0000000084300000, 0x00000000d5580000)
  object space 68608K, 29% used [0x0000000080000000,0x000000008139ef20,0x0000000084300000)
 Metaspace       used 37496K, committed 38528K, reserved 1114112K
  class space    used 3944K, committed 4352K, reserved 1048576K
}
Event: 4.431 GC heap before
{Heap before GC invocations=18 (full 2):
 PSYoungGen      total 24576K, used 22624K [0x00000000d5580000, 0x00000000d6f00000, 0x0000000100000000)
  eden space 22016K, 100% used [0x00000000d5580000,0x00000000d6b00000,0x00000000d6b00000)
  from space 2560K, 23% used [0x00000000d6b00000,0x00000000d6b98000,0x00000000d6d80000)
  to   space 1536K, 0% used [0x00000000d6d80000,0x00000000d6d80000,0x00000000d6f00000)
 ParOldGen       total 68608K, used 20091K [0x0000000080000000, 0x0000000084300000, 0x00000000d5580000)
  object space 68608K, 29% used [0x0000000080000000,0x000000008139ef20,0x0000000084300000)
 Metaspace       used 39767K, committed 40832K, reserved 1114112K
  class space    used 4240K, committed 4672K, reserved 1048576K
}
Event: 4.433 GC heap after
{Heap after GC invocations=18 (full 2):
 PSYoungGen      total 23040K, used 832K [0x00000000d5580000, 0x00000000d6e80000, 0x0000000100000000)
  eden space 22016K, 0% used [0x00000000d5580000,0x00000000d5580000,0x00000000d6b00000)
  from space 1024K, 81% used [0x00000000d6d80000,0x00000000d6e50000,0x00000000d6e80000)
  to   space 1024K, 0% used [0x00000000d6c80000,0x00000000d6c80000,0x00000000d6d80000)
 ParOldGen       total 68608K, used 20499K [0x0000000080000000, 0x0000000084300000, 0x00000000d5580000)
  object space 68608K, 29% used [0x0000000080000000,0x0000000081404f20,0x0000000084300000)
 Metaspace       used 39767K, committed 40832K, reserved 1114112K
  class space    used 4240K, committed 4672K, reserved 1048576K
}
Event: 4.746 GC heap before
{Heap before GC invocations=19 (full 2):
 PSYoungGen      total 23040K, used 22848K [0x00000000d5580000, 0x00000000d6e80000, 0x0000000100000000)
  eden space 22016K, 100% used [0x00000000d5580000,0x00000000d6b00000,0x00000000d6b00000)
  from space 1024K, 81% used [0x00000000d6d80000,0x00000000d6e50000,0x00000000d6e80000)
  to   space 1024K, 0% used [0x00000000d6c80000,0x00000000d6c80000,0x00000000d6d80000)
 ParOldGen       total 68608K, used 20499K [0x0000000080000000, 0x0000000084300000, 0x00000000d5580000)
  object space 68608K, 29% used [0x0000000080000000,0x0000000081404f20,0x0000000084300000)
 Metaspace       used 42290K, committed 43456K, reserved 1114112K
  class space    used 4586K, committed 5056K, reserved 1048576K
}
Event: 4.748 GC heap after
{Heap after GC invocations=19 (full 2):
 PSYoungGen      total 23040K, used 1024K [0x00000000d5580000, 0x00000000d7000000, 0x0000000100000000)
  eden space 22016K, 0% used [0x00000000d5580000,0x00000000d5580000,0x00000000d6b00000)
  from space 1024K, 100% used [0x00000000d6c80000,0x00000000d6d80000,0x00000000d6d80000)
  to   space 2560K, 0% used [0x00000000d6d80000,0x00000000d6d80000,0x00000000d7000000)
 ParOldGen       total 68608K, used 21555K [0x0000000080000000, 0x0000000084300000, 0x00000000d5580000)
  object space 68608K, 31% used [0x0000000080000000,0x000000008150cf20,0x0000000084300000)
 Metaspace       used 42290K, committed 43456K, reserved 1114112K
  class space    used 4586K, committed 5056K, reserved 1048576K
}
Event: 5.083 GC heap before
{Heap before GC invocations=20 (full 2):
 PSYoungGen      total 23040K, used 23040K [0x00000000d5580000, 0x00000000d7000000, 0x0000000100000000)
  eden space 22016K, 100% used [0x00000000d5580000,0x00000000d6b00000,0x00000000d6b00000)
  from space 1024K, 100% used [0x00000000d6c80000,0x00000000d6d80000,0x00000000d6d80000)
  to   space 2560K, 0% used [0x00000000d6d80000,0x00000000d6d80000,0x00000000d7000000)
 ParOldGen       total 68608K, used 21555K [0x0000000080000000, 0x0000000084300000, 0x00000000d5580000)
  object space 68608K, 31% used [0x0000000080000000,0x000000008150cf20,0x0000000084300000)
 Metaspace       used 45027K, committed 46208K, reserved 1114112K
  class space    used 4909K, committed 5440K, reserved 1048576K
}
Event: 5.085 GC heap after
{Heap after GC invocations=20 (full 2):
 PSYoungGen      total 23552K, used 1482K [0x00000000d5580000, 0x00000000d6f00000, 0x0000000100000000)
  eden space 22016K, 0% used [0x00000000d5580000,0x00000000d5580000,0x00000000d6b00000)
  from space 1536K, 96% used [0x00000000d6d80000,0x00000000d6ef2b00,0x00000000d6f00000)
  to   space 2048K, 0% used [0x00000000d6b00000,0x00000000d6b00000,0x00000000d6d00000)
 ParOldGen       total 68608K, used 22559K [0x0000000080000000, 0x0000000084300000, 0x00000000d5580000)
  object space 68608K, 32% used [0x0000000080000000,0x0000000081607c30,0x0000000084300000)
 Metaspace       used 45027K, committed 46208K, reserved 1114112K
  class space    used 4909K, committed 5440K, reserved 1048576K
}

Dll operation events (10 events):
Event: 0.014 Loaded shared library c:\Users\Utkarsh\.vscode\extensions\redhat.java-1.46.0-win32-x64\jre\21.0.8-win32-x86_64\bin\java.dll
Event: 0.083 Loaded shared library c:\Users\Utkarsh\.vscode\extensions\redhat.java-1.46.0-win32-x64\jre\21.0.8-win32-x86_64\bin\zip.dll
Event: 0.099 Loaded shared library C:\Users\Utkarsh\.vscode\extensions\redhat.java-1.46.0-win32-x64\jre\21.0.8-win32-x86_64\bin\instrument.dll
Event: 0.103 Loaded shared library C:\Users\Utkarsh\.vscode\extensions\redhat.java-1.46.0-win32-x64\jre\21.0.8-win32-x86_64\bin\net.dll
Event: 0.105 Loaded shared library C:\Users\Utkarsh\.vscode\extensions\redhat.java-1.46.0-win32-x64\jre\21.0.8-win32-x86_64\bin\nio.dll
Event: 0.108 Loaded shared library C:\Users\Utkarsh\.vscode\extensions\redhat.java-1.46.0-win32-x64\jre\21.0.8-win32-x86_64\bin\zip.dll
Event: 0.124 Loaded shared library C:\Users\Utkarsh\.vscode\extensions\redhat.java-1.46.0-win32-x64\jre\21.0.8-win32-x86_64\bin\jimage.dll
Event: 0.183 Loaded shared library c:\Users\Utkarsh\.vscode\extensions\redhat.java-1.46.0-win32-x64\jre\21.0.8-win32-x86_64\bin\verify.dll
Event: 1.121 Loaded shared library C:\Users\Utkarsh\AppData\Roaming\Code\User\globalStorage\redhat.java\1.46.0\config_win\org.eclipse.equinox.launcher\org.eclipse.equinox.launcher.win32.win32.x86_64_1.2.1400.v20250801-0854\eclipse_11916.dll
Event: 2.397 Loaded shared library C:\Users\Utkarsh\AppData\Local\Temp\jna-1551202770\jna11330444133430261450.dll

Deoptimization events (20 events):
Event: 5.187 Thread 0x000001de11f2c5c0 DEOPT UNPACKING pc=0x000001ddbd6c3aa2 sp=0x00000063c47fdc50 mode 2
Event: 5.190 Thread 0x000001de11f2c5c0 Uncommon trap: trap_request=0xffffff45 fr.pc=0x000001ddbdd08e5c relative=0x000000000000105c
Event: 5.190 Thread 0x000001de11f2c5c0 Uncommon trap: reason=unstable_if action=reinterpret pc=0x000001ddbdd08e5c method=java.util.Properties$LineReader.readLine()I @ 325 c2
Event: 5.190 Thread 0x000001de11f2c5c0 DEOPT PACKING pc=0x000001ddbdd08e5c sp=0x00000063c47fe920
Event: 5.190 Thread 0x000001de11f2c5c0 DEOPT UNPACKING pc=0x000001ddbd6c3aa2 sp=0x00000063c47fe8b0 mode 2
Event: 5.193 Thread 0x000001de11f2c5c0 DEOPT PACKING pc=0x000001ddb6be1a56 sp=0x00000063c47fe680
Event: 5.193 Thread 0x000001de11f2c5c0 DEOPT UNPACKING pc=0x000001ddbd6c4242 sp=0x00000063c47fdb90 mode 0
Event: 5.193 Thread 0x000001de11f2c5c0 DEOPT PACKING pc=0x000001ddb6cbf126 sp=0x00000063c47fe8c0
Event: 5.193 Thread 0x000001de11f2c5c0 DEOPT UNPACKING pc=0x000001ddbd6c4242 sp=0x00000063c47fddb0 mode 0
Event: 5.193 Thread 0x000001de11f2c5c0 DEOPT PACKING pc=0x000001ddb6cbf126 sp=0x00000063c47fe8c0
Event: 5.193 Thread 0x000001de11f2c5c0 DEOPT UNPACKING pc=0x000001ddbd6c4242 sp=0x00000063c47fddb0 mode 0
Event: 5.193 Thread 0x000001de11f2c5c0 DEOPT PACKING pc=0x000001ddb6cbf126 sp=0x00000063c47fe8c0
Event: 5.193 Thread 0x000001de11f2c5c0 DEOPT UNPACKING pc=0x000001ddbd6c4242 sp=0x00000063c47fddb0 mode 0
Event: 5.194 Thread 0x000001de11f2c5c0 DEOPT PACKING pc=0x000001ddb6cbf126 sp=0x00000063c47fe8c0
Event: 5.194 Thread 0x000001de11f2c5c0 DEOPT UNPACKING pc=0x000001ddbd6c4242 sp=0x00000063c47fddb0 mode 0
Event: 5.194 Thread 0x000001de11f2c5c0 DEOPT PACKING pc=0x000001ddb6cbf126 sp=0x00000063c47fe8c0
Event: 5.194 Thread 0x000001de11f2c5c0 DEOPT UNPACKING pc=0x000001ddbd6c4242 sp=0x00000063c47fddb0 mode 0
Event: 5.195 Thread 0x000001de11f2c5c0 DEOPT PACKING pc=0x000001ddb6cbf126 sp=0x00000063c47fe8c0
Event: 5.195 Thread 0x000001de11f2c5c0 DEOPT UNPACKING pc=0x000001ddbd6c4242 sp=0x00000063c47fddb0 mode 0
Event: 5.241 Thread 0x000001de14bb3f20 Uncommon trap: trap_request=0xffffff45 fr.pc=0x000001ddbdc99948 relative=0x00000000000000a8

Classes loaded (20 events):
Event: 5.189 Loading class java/nio/file/FileTreeWalker$1
Event: 5.189 Loading class java/nio/file/FileTreeWalker$1 done
Event: 5.189 Loading class java/nio/file/FileTreeWalker$DirectoryNode
Event: 5.189 Loading class java/nio/file/FileTreeWalker$DirectoryNode done
Event: 5.189 Loading class java/nio/file/FileTreeWalker$Event
Event: 5.189 Loading class java/nio/file/FileTreeWalker$Event done
Event: 5.189 Loading class java/nio/file/FileTreeWalker$EventType
Event: 5.190 Loading class java/nio/file/FileTreeWalker$EventType done
Event: 5.190 Loading class java/nio/file/Files$3
Event: 5.190 Loading class java/nio/file/Files$3 done
Event: 5.190 Loading class sun/nio/fs/Globs
Event: 5.190 Loading class sun/nio/fs/Globs done
Event: 5.190 Loading class java/util/regex/Pattern$SliceU
Event: 5.190 Loading class java/util/regex/Pattern$SliceU done
Event: 5.190 Loading class sun/nio/fs/WindowsFileSystem$2
Event: 5.190 Loading class java/nio/file/PathMatcher
Event: 5.190 Loading class java/nio/file/PathMatcher done
Event: 5.190 Loading class sun/nio/fs/WindowsFileSystem$2 done
Event: 5.191 Loading class java/nio/file/FileVisitResult
Event: 5.191 Loading class java/nio/file/FileVisitResult done

Classes unloaded (7 events):
Event: 2.856 Thread 0x000001ddb2fef960 Unloading class 0x000001ddcb1aa000 'java/lang/invoke/LambdaForm$MH+0x000001ddcb1aa000'
Event: 2.856 Thread 0x000001ddb2fef960 Unloading class 0x000001ddcb1a9c00 'java/lang/invoke/LambdaForm$MH+0x000001ddcb1a9c00'
Event: 2.856 Thread 0x000001ddb2fef960 Unloading class 0x000001ddcb1a9800 'java/lang/invoke/LambdaForm$MH+0x000001ddcb1a9800'
Event: 2.856 Thread 0x000001ddb2fef960 Unloading class 0x000001ddcb1a9400 'java/lang/invoke/LambdaForm$MH+0x000001ddcb1a9400'
Event: 2.856 Thread 0x000001ddb2fef960 Unloading class 0x000001ddcb1a9000 'java/lang/invoke/LambdaForm$BMH+0x000001ddcb1a9000'
Event: 2.856 Thread 0x000001ddb2fef960 Unloading class 0x000001ddcb1a8c00 'java/lang/invoke/LambdaForm$DMH+0x000001ddcb1a8c00'
Event: 2.856 Thread 0x000001ddb2fef960 Unloading class 0x000001ddcb1a3800 'java/lang/invoke/LambdaForm$DMH+0x000001ddcb1a3800'

Classes redefined (0 events):
No events

Internal exceptions (20 events):
Event: 5.238 Thread 0x000001de14bb3f20 Exception <a 'sun/nio/fs/WindowsException'{0x00000000d6707820}> (0x00000000d6707820) 
thrown [s\src\hotspot\share\prims\jni.cpp, line 520]
Event: 5.239 Thread 0x000001de14bb3f20 Exception <a 'sun/nio/fs/WindowsException'{0x00000000d6707eb0}> (0x00000000d6707eb0) 
thrown [s\src\hotspot\share\prims\jni.cpp, line 520]
Event: 5.239 Thread 0x000001de14bb3f20 Exception <a 'sun/nio/fs/WindowsException'{0x00000000d67087f8}> (0x00000000d67087f8) 
thrown [s\src\hotspot\share\prims\jni.cpp, line 520]
Event: 5.239 Thread 0x000001de14bb3f20 Exception <a 'sun/nio/fs/WindowsException'{0x00000000d6708ea8}> (0x00000000d6708ea8) 
thrown [s\src\hotspot\share\prims\jni.cpp, line 520]
Event: 5.239 Thread 0x000001de14bb3f20 Exception <a 'sun/nio/fs/WindowsException'{0x00000000d670c8f0}> (0x00000000d670c8f0) 
thrown [s\src\hotspot\share\prims\jni.cpp, line 520]
Event: 5.239 Thread 0x000001de14bb3f20 Exception <a 'sun/nio/fs/WindowsException'{0x00000000d670cf40}> (0x00000000d670cf40) 
thrown [s\src\hotspot\share\prims\jni.cpp, line 520]
Event: 5.239 Thread 0x000001de14bb3f20 Exception <a 'sun/nio/fs/WindowsException'{0x00000000d670d590}> (0x00000000d670d590) 
thrown [s\src\hotspot\share\prims\jni.cpp, line 520]
Event: 5.239 Thread 0x000001de14bb3f20 Exception <a 'sun/nio/fs/WindowsException'{0x00000000d670dbf8}> (0x00000000d670dbf8) 
thrown [s\src\hotspot\share\prims\jni.cpp, line 520]
Event: 5.239 Thread 0x000001de14bb3f20 Exception <a 'sun/nio/fs/WindowsException'{0x00000000d6710fd8}> (0x00000000d6710fd8) 
thrown [s\src\hotspot\share\prims\jni.cpp, line 520]
Event: 5.239 Thread 0x000001de14bb3f20 Exception <a 'sun/nio/fs/WindowsException'{0x00000000d67115f8}> (0x00000000d67115f8) 
thrown [s\src\hotspot\share\prims\jni.cpp, line 520]
Event: 5.240 Thread 0x000001de14bb3f20 Exception <a 'sun/nio/fs/WindowsException'{0x00000000d6711c18}> (0x00000000d6711c18) 
thrown [s\src\hotspot\share\prims\jni.cpp, line 520]
Event: 5.240 Thread 0x000001de14bb3f20 Exception <a 'sun/nio/fs/WindowsException'{0x00000000d6712250}> (0x00000000d6712250) 
thrown [s\src\hotspot\share\prims\jni.cpp, line 520]
Event: 5.240 Thread 0x000001de14bb3f20 Exception <a 'sun/nio/fs/WindowsException'{0x00000000d6719280}> (0x00000000d6719280) 
thrown [s\src\hotspot\share\prims\jni.cpp, line 520]
Event: 5.240 Thread 0x000001de14bb3f20 Exception <a 'sun/nio/fs/WindowsException'{0x00000000d67198a0}> (0x00000000d67198a0) 
thrown [s\src\hotspot\share\prims\jni.cpp, line 520]
Event: 5.240 Thread 0x000001de14bb3f20 Exception <a 'sun/nio/fs/WindowsException'{0x00000000d6719ec0}> (0x00000000d6719ec0) 
thrown [s\src\hotspot\share\prims\jni.cpp, line 520]
Event: 5.240 Thread 0x000001de14bb3f20 Exception <a 'sun/nio/fs/WindowsException'{0x00000000d671a4f8}> (0x00000000d671a4f8) 
thrown [s\src\hotspot\share\prims\jni.cpp, line 520]
Event: 5.240 Thread 0x000001de14bb3f20 Exception <a 'sun/nio/fs/WindowsException'{0x00000000d671f9d0}> (0x00000000d671f9d0) 
thrown [s\src\hotspot\share\prims\jni.cpp, line 520]
Event: 5.241 Thread 0x000001de14bb3f20 Exception <a 'sun/nio/fs/WindowsException'{0x00000000d671fff0}> (0x00000000d671fff0) 
thrown [s\src\hotspot\share\prims\jni.cpp, line 520]
Event: 5.241 Thread 0x000001de14bb3f20 Exception <a 'sun/nio/fs/WindowsException'{0x00000000d6720850}> (0x00000000d6720850) 
thrown [s\src\hotspot\share\prims\jni.cpp, line 520]
Event: 5.241 Thread 0x000001de14bb3f20 Exception <a 'sun/nio/fs/WindowsException'{0x00000000d6720e88}> (0x00000000d6720e88) 
thrown [s\src\hotspot\share\prims\jni.cpp, line 520]

ZGC Phase Switch (0 events):
No events

VM Operations (20 events):
Event: 4.037 Executing VM operation: ParallelGCFailedAllocation (Allocation Failure)
Event: 4.038 Executing VM operation: ParallelGCFailedAllocation (Allocation Failure) done
Event: 4.206 Executing VM operation: ParallelGCFailedAllocation (Allocation Failure)
Event: 4.208 Executing VM operation: ParallelGCFailedAllocation (Allocation Failure) done
Event: 4.319 Executing VM operation: HandshakeAllThreads (Deoptimize)
Event: 4.319 Executing VM operation: HandshakeAllThreads (Deoptimize) done
Event: 4.330 Executing VM operation: HandshakeAllThreads (Deoptimize)
Event: 4.330 Executing VM operation: HandshakeAllThreads (Deoptimize) done
Event: 4.431 Executing VM operation: ParallelGCFailedAllocation (Allocation Failure)
Event: 4.433 Executing VM operation: ParallelGCFailedAllocation (Allocation Failure) done
Event: 4.611 Executing VM operation: HandshakeAllThreads (Deoptimize)
Event: 4.612 Executing VM operation: HandshakeAllThreads (Deoptimize) done
Event: 4.746 Executing VM operation: ParallelGCFailedAllocation (Allocation Failure)
Event: 4.748 Executing VM operation: ParallelGCFailedAllocation (Allocation Failure) done
Event: 4.965 Executing VM operation: ICBufferFull
Event: 4.965 Executing VM operation: ICBufferFull done
Event: 5.057 Executing VM operation: HandshakeAllThreads (Deoptimize)
Event: 5.057 Executing VM operation: HandshakeAllThreads (Deoptimize) done
Event: 5.082 Executing VM operation: ParallelGCFailedAllocation (Allocation Failure)
Event: 5.085 Executing VM operation: ParallelGCFailedAllocation (Allocation Failure) done

Memory protections (0 events):
No events

Nmethod flushes (20 events):
Event: 3.885 Thread 0x000001ddb2fef960 flushing  nmethod 0x000001ddb67c3910
Event: 3.885 Thread 0x000001ddb2fef960 flushing  nmethod 0x000001ddb67c4210
Event: 3.885 Thread 0x000001ddb2fef960 flushing  nmethod 0x000001ddb67c5410
Event: 3.885 Thread 0x000001ddb2fef960 flushing  nmethod 0x000001ddb67c5c10
Event: 3.885 Thread 0x000001ddb2fef960 flushing  nmethod 0x000001ddb67c6390
Event: 3.885 Thread 0x000001ddb2fef960 flushing  nmethod 0x000001ddb67c7910
Event: 3.885 Thread 0x000001ddb2fef960 flushing  nmethod 0x000001ddb67c7d10
Event: 3.885 Thread 0x000001ddb2fef960 flushing  nmethod 0x000001ddb67c8610
Event: 3.885 Thread 0x000001ddb2fef960 flushing  nmethod 0x000001ddb67c9b10
Event: 3.885 Thread 0x000001ddb2fef960 flushing  nmethod 0x000001ddb67c9f90
Event: 3.885 Thread 0x000001ddb2fef960 flushing  nmethod 0x000001ddb67ca490
Event: 3.885 Thread 0x000001ddb2fef960 flushing  nmethod 0x000001ddb67caa10
Event: 3.885 Thread 0x000001ddb2fef960 flushing  nmethod 0x000001ddb67d4590
Event: 3.885 Thread 0x000001ddb2fef960 flushing  nmethod 0x000001ddb67d5990
Event: 3.885 Thread 0x000001ddb2fef960 flushing  nmethod 0x000001ddb67d5d90
Event: 3.885 Thread 0x000001ddb2fef960 flushing  nmethod 0x000001ddb67e8010
Event: 3.885 Thread 0x000001ddb2fef960 flushing  nmethod 0x000001ddb67ef910
Event: 3.885 Thread 0x000001ddb2fef960 flushing  nmethod 0x000001ddb67fff90
Event: 3.885 Thread 0x000001ddb2fef960 flushing  nmethod 0x000001ddb6801b90
Event: 3.885 Thread 0x000001ddb2fef960 flushing  nmethod 0x000001ddb68a1b10

Events (20 events):
Event: 3.495 Thread 0x000001ddb300e890 Thread added: 0x000001de139aa6a0
Event: 3.627 Thread 0x000001de11f2d2e0 Thread added: 0x000001de11f30760
Event: 3.648 Thread 0x000001de11f30760 Thread added: 0x000001de11f2d970
Event: 3.674 Thread 0x000001ddb0a48650 Thread added: 0x000001de11f2f3b0
Event: 3.675 Thread 0x000001ddb0a48650 Thread added: 0x000001de11f30df0
Event: 3.675 Thread 0x000001ddb0a48650 Thread added: 0x000001de11f2fa40
Event: 3.675 Thread 0x000001ddb0a48650 Thread added: 0x000001de11f300d0
Event: 3.675 Thread 0x000001ddb0a48650 Thread added: 0x000001de11f321a0
Event: 3.675 Thread 0x000001ddb0a48650 Thread added: 0x000001de11f31480
Event: 3.675 Thread 0x000001ddb0a48650 Thread added: 0x000001de11f31b10
Event: 3.675 Thread 0x000001ddb0a48650 Thread added: 0x000001de11f2ed20
Event: 3.675 Thread 0x000001ddb0a48650 Thread added: 0x000001de11f32830
Event: 3.675 Thread 0x000001ddb0a48650 Thread added: 0x000001de11f32ec0
Event: 3.675 Thread 0x000001ddb0a48650 Thread added: 0x000001de11f33550
Event: 3.676 Thread 0x000001ddb0a48650 Thread added: 0x000001de14bb2b70
Event: 3.676 Thread 0x000001ddb0a48650 Thread added: 0x000001de14bb1e50
Event: 3.704 Thread 0x000001ddb0a48650 Thread added: 0x000001de14bb17c0
Event: 3.899 Thread 0x000001ddb0a48650 Thread added: 0x000001de14bb3200
Event: 3.900 Thread 0x000001ddb0a48650 Thread added: 0x000001de14bb3890
Event: 4.115 Thread 0x000001de11f30760 Thread added: 0x000001de14bb3f20


Dynamic libraries:
0x00007ff7b60a0000 - 0x00007ff7b60ae000 	c:\Users\Utkarsh\.vscode\extensions\redhat.java-1.46.0-win32-x64\jre\21.0.8-win32-x86_64\bin\java.exe
0x00007ffa70920000 - 0x00007ffa70b88000 	C:\WINDOWS\SYSTEM32\ntdll.dll
0x00007ffa6ff00000 - 0x00007ffa6ffc9000 	C:\WINDOWS\System32\KERNEL32.DLL
0x00007ffa6dab0000 - 0x00007ffa6dea2000 	C:\WINDOWS\System32\KERNELBASE.dll
0x00007ffa6dee0000 - 0x00007ffa6e02b000 	C:\WINDOWS\System32\ucrtbase.dll
0x00007ffa56980000 - 0x00007ffa5699e000 	c:\Users\Utkarsh\.vscode\extensions\redhat.java-1.46.0-win32-x64\jre\21.0.8-win32-x86_64\bin\VCRUNTIME140.dll
0x00007ffa569a0000 - 0x00007ffa569b8000 	c:\Users\Utkarsh\.vscode\extensions\redhat.java-1.46.0-win32-x64\jre\21.0.8-win32-x86_64\bin\jli.dll
0x00007ffa703b0000 - 0x00007ffa70575000 	C:\WINDOWS\System32\USER32.dll
0x00007ffa6deb0000 - 0x00007ffa6ded7000 	C:\WINDOWS\System32\win32u.dll
0x00007ffa50c90000 - 0x00007ffa50f23000 	C:\WINDOWS\WinSxS\amd64_microsoft.windows.common-controls_6595b64144ccf1df_6.0.26100.6725_none_3e085828e334708b\COMCTL32.dll
0x00007ffa706e0000 - 0x00007ffa7070b000 	C:\WINDOWS\System32\GDI32.dll
0x00007ffa6fe50000 - 0x00007ffa6fef9000 	C:\WINDOWS\System32\msvcrt.dll
0x00007ffa6e1b0000 - 0x00007ffa6e2dd000 	C:\WINDOWS\System32\gdi32full.dll
0x00007ffa6e640000 - 0x00007ffa6e6e3000 	C:\WINDOWS\System32\msvcp_win.dll
0x00007ffa6e950000 - 0x00007ffa6e97f000 	C:\WINDOWS\System32\IMM32.DLL
0x00007ffa66af0000 - 0x00007ffa66afc000 	c:\Users\Utkarsh\.vscode\extensions\redhat.java-1.46.0-win32-x64\jre\21.0.8-win32-x86_64\bin\vcruntime140_1.dll
0x00007ffa39c80000 - 0x00007ffa39d0d000 	c:\Users\Utkarsh\.vscode\extensions\redhat.java-1.46.0-win32-x64\jre\21.0.8-win32-x86_64\bin\msvcp140.dll
0x00007ff9f0140000 - 0x00007ff9f0ed7000 	c:\Users\Utkarsh\.vscode\extensions\redhat.java-1.46.0-win32-x64\jre\21.0.8-win32-x86_64\bin\server\jvm.dll
0x00007ffa6f630000 - 0x00007ffa6f6e4000 	C:\WINDOWS\System32\ADVAPI32.dll
0x00007ffa6e8a0000 - 0x00007ffa6e946000 	C:\WINDOWS\System32\sechost.dll
0x00007ffa6ee20000 - 0x00007ffa6ef38000 	C:\WINDOWS\System32\RPCRT4.dll
0x00007ffa70860000 - 0x00007ffa708d4000 	C:\WINDOWS\System32\WS2_32.dll
0x00007ffa6d930000 - 0x00007ffa6d98e000 	C:\WINDOWS\SYSTEM32\POWRPROF.dll
0x00007ffa62f40000 - 0x00007ffa62f75000 	C:\WINDOWS\SYSTEM32\WINMM.dll
0x00007ffa63c80000 - 0x00007ffa63c8b000 	C:\WINDOWS\SYSTEM32\VERSION.dll
0x00007ffa6d910000 - 0x00007ffa6d924000 	C:\WINDOWS\SYSTEM32\UMPDC.dll
0x00007ffa6c860000 - 0x00007ffa6c87b000 	C:\WINDOWS\SYSTEM32\kernel.appcore.dll
0x00007ffa66520000 - 0x00007ffa6652a000 	c:\Users\Utkarsh\.vscode\extensions\redhat.java-1.46.0-win32-x64\jre\21.0.8-win32-x86_64\bin\jimage.dll
0x00007ffa5f190000 - 0x00007ffa5f3d2000 	C:\WINDOWS\SYSTEM32\DBGHELP.DLL
0x00007ffa6efd0000 - 0x00007ffa6f34b000 	C:\WINDOWS\System32\combase.dll
0x00007ffa700d0000 - 0x00007ffa701a7000 	C:\WINDOWS\System32\OLEAUT32.dll
0x00007ffa4eff0000 - 0x00007ffa4f02c000 	C:\WINDOWS\SYSTEM32\dbgcore.DLL
0x00007ffa6e430000 - 0x00007ffa6e4c8000 	C:\WINDOWS\System32\bcryptPrimitives.dll
0x00007ffa6aaf0000 - 0x00007ffa6aaff000 	c:\Users\Utkarsh\.vscode\extensions\redhat.java-1.46.0-win32-x64\jre\21.0.8-win32-x86_64\bin\instrument.dll
0x00007ffa566c0000 - 0x00007ffa566df000 	c:\Users\Utkarsh\.vscode\extensions\redhat.java-1.46.0-win32-x64\jre\21.0.8-win32-x86_64\bin\java.dll
0x00007ffa6f700000 - 0x00007ffa6fe4c000 	C:\WINDOWS\System32\SHELL32.dll
0x00007ffa6e4d0000 - 0x00007ffa6e63b000 	C:\WINDOWS\System32\wintypes.dll
0x00007ffa6b6d0000 - 0x00007ffa6bf2d000 	C:\WINDOWS\SYSTEM32\windows.storage.dll
0x00007ffa6ffd0000 - 0x00007ffa700c2000 	C:\WINDOWS\System32\SHCORE.dll
0x00007ffa70340000 - 0x00007ffa703a2000 	C:\WINDOWS\System32\shlwapi.dll
0x00007ffa6d9d0000 - 0x00007ffa6d9f9000 	C:\WINDOWS\SYSTEM32\profapi.dll
0x00007ffa56080000 - 0x00007ffa56098000 	c:\Users\Utkarsh\.vscode\extensions\redhat.java-1.46.0-win32-x64\jre\21.0.8-win32-x86_64\bin\zip.dll
0x00007ffa66990000 - 0x00007ffa669a0000 	C:\Users\Utkarsh\.vscode\extensions\redhat.java-1.46.0-win32-x64\jre\21.0.8-win32-x86_64\bin\net.dll
0x00007ffa667b0000 - 0x00007ffa668cf000 	C:\WINDOWS\SYSTEM32\WINHTTP.dll
0x00007ffa6cdf0000 - 0x00007ffa6ce5b000 	C:\WINDOWS\system32\mswsock.dll
0x00007ffa55d60000 - 0x00007ffa55d76000 	C:\Users\Utkarsh\.vscode\extensions\redhat.java-1.46.0-win32-x64\jre\21.0.8-win32-x86_64\bin\nio.dll
0x00007ffa56d00000 - 0x00007ffa56d10000 	c:\Users\Utkarsh\.vscode\extensions\redhat.java-1.46.0-win32-x64\jre\21.0.8-win32-x86_64\bin\verify.dll
0x00007ffa3a720000 - 0x00007ffa3a764000 	C:\Users\Utkarsh\AppData\Roaming\Code\User\globalStorage\redhat.java\1.46.0\config_win\org.eclipse.equinox.launcher\org.eclipse.equinox.launcher.win32.win32.x86_64_1.2.1400.v20250801-0854\eclipse_11916.dll
0x00007ffa6e700000 - 0x00007ffa6e898000 	C:\WINDOWS\System32\ole32.dll
0x00007ffa6d0b0000 - 0x00007ffa6d0cb000 	C:\WINDOWS\SYSTEM32\CRYPTSP.dll
0x00007ffa6c7c0000 - 0x00007ffa6c7fb000 	C:\WINDOWS\system32\rsaenh.dll
0x00007ffa6ce90000 - 0x00007ffa6cebb000 	C:\WINDOWS\SYSTEM32\USERENV.dll
0x00007ffa6d9a0000 - 0x00007ffa6d9c6000 	C:\WINDOWS\SYSTEM32\bcrypt.dll
0x00007ffa6d0a0000 - 0x00007ffa6d0ac000 	C:\WINDOWS\SYSTEM32\CRYPTBASE.dll
0x00007ffa6c250000 - 0x00007ffa6c284000 	C:\WINDOWS\SYSTEM32\IPHLPAPI.DLL
0x00007ffa701b0000 - 0x00007ffa701ba000 	C:\WINDOWS\System32\NSI.dll
0x00007ffa31b30000 - 0x00007ffa31b79000 	C:\Users\Utkarsh\AppData\Local\Temp\jna-1551202770\jna11330444133430261450.dll
0x00007ffa6e6f0000 - 0x00007ffa6e6f8000 	C:\WINDOWS\System32\PSAPI.DLL
0x00007ffa67580000 - 0x00007ffa6759e000 	C:\WINDOWS\SYSTEM32\dhcpcsvc6.DLL
0x00007ffa67550000 - 0x00007ffa67573000 	C:\WINDOWS\SYSTEM32\dhcpcsvc.DLL

JVMTI agents:
c:\Users\Utkarsh\.vscode\extensions\redhat.java-1.46.0-win32-x64\lombok\lombok-1.18.39-4050.jar path:c:\Users\Utkarsh\.vscode\extensions\redhat.java-1.46.0-win32-x64\jre\21.0.8-win32-x86_64\bin\instrument.dll, loaded, initialized, instrumentlib options:none

dbghelp: loaded successfully - version: 4.0.5 - missing functions: none
symbol engine: initialized successfully - sym options: 0x614 - pdb path: .;c:\Users\Utkarsh\.vscode\extensions\redhat.java-1.46.0-win32-x64\jre\21.0.8-win32-x86_64\bin;C:\WINDOWS\SYSTEM32;C:\WINDOWS\WinSxS\amd64_microsoft.windows.common-controls_6595b64144ccf1df_6.0.26100.6725_none_3e085828e334708b;c:\Users\Utkarsh\.vscode\extensions\redhat.java-1.46.0-win32-x64\jre\21.0.8-win32-x86_64\bin\server;C:\Users\Utkarsh\AppData\Roaming\Code\User\globalStorage\redhat.java\1.46.0\config_win\org.eclipse.equinox.launcher\org.eclipse.equinox.launcher.win32.win32.x86_64_1.2.1400.v20250801-0854;C:\Users\Utkarsh\AppData\Local\Temp\jna-1551202770

VM Arguments:
jvm_args: --add-modules=ALL-SYSTEM --add-opens=java.base/java.util=ALL-UNNAMED --add-opens=java.base/java.lang=ALL-UNNAMED --add-opens=java.base/sun.nio.fs=ALL-UNNAMED -Declipse.application=org.eclipse.jdt.ls.core.id1 -Dosgi.bundles.defaultStartLevel=4 -Declipse.product=org.eclipse.jdt.ls.core.product -Djava.import.generatesMetadataFilesAtProjectRoot=false -DDetectVMInstallationsJob.disabled=true -Dfile.encoding=utf8 -XX:+UseParallelGC -XX:GCTimeRatio=4 -XX:AdaptiveSizePolicyWeight=90 -Dsun.zip.disableMemoryMapping=true -Xmx2G -Xms100m -Xlog:disable -javaagent:c:\Users\Utkarsh\.vscode\extensions\redhat.java-1.46.0-win32-x64\lombok\lombok-1.18.39-4050.jar -XX:+HeapDumpOnOutOfMemoryError -XX:HeapDumpPath=c:\Users\Utkarsh\AppData\Roaming\Code\User\workspaceStorage\476b35af7295efd7ee149330c3029c14\redhat.java -Daether.dependencyCollector.impl=bf 
java_command: c:\Users\Utkarsh\.vscode\extensions\redhat.java-1.46.0-win32-x64\server\plugins\org.eclipse.equinox.launcher_1.7.0.v20250519-0528.jar -configuration c:\Users\Utkarsh\AppData\Roaming\Code\User\globalStorage\redhat.java\1.46.0\config_win -data c:\Users\Utkarsh\AppData\Roaming\Code\User\workspaceStorage\476b35af7295efd7ee149330c3029c14\redhat.java\jdt_ws --pipe=\\.\pipe\lsp-bbbd5f298a9b686fda22e439574bb8d9-sock
java_class_path (initial): c:\Users\Utkarsh\.vscode\extensions\redhat.java-1.46.0-win32-x64\server\plugins\org.eclipse.equinox.launcher_1.7.0.v20250519-0528.jar
Launcher Type: SUN_STANDARD

[Global flags]
    uintx AdaptiveSizePolicyWeight                 = 90                                        {product} {command line}
     intx CICompilerCount                          = 4                                         {product} {ergonomic}
    uintx GCTimeRatio                              = 4                                         {product} {command line}
     bool HeapDumpOnOutOfMemoryError               = true                                   {manageable} {command line}
    ccstr HeapDumpPath                             = c:\Users\Utkarsh\AppData\Roaming\Code\User\workspaceStorage\476b35af7295efd7ee149330c3029c14\redhat.java         {manageable} {command line}
   size_t InitialHeapSize                          = 104857600                                 {product} {command line}
   size_t MaxHeapSize                              = 2147483648                                {product} {command line}
   size_t MaxNewSize                               = 715653120                                 {product} {ergonomic}
   size_t MinHeapDeltaBytes                        = 524288                                    {product} {ergonomic}
   size_t MinHeapSize                              = 104857600                                 {product} {command line}
   size_t NewSize                                  = 34603008                                  {product} {ergonomic}
    uintx NonNMethodCodeHeapSize                   = 5839372                                {pd product} {ergonomic}
    uintx NonProfiledCodeHeapSize                  = 122909434                              {pd product} {ergonomic}
   size_t OldSize                                  = 70254592                                  {product} {ergonomic}
    uintx ProfiledCodeHeapSize                     = 122909434                              {pd product} {ergonomic}
    uintx ReservedCodeCacheSize                    = 251658240                              {pd product} {ergonomic}
     bool SegmentedCodeCache                       = true                                      {product} {ergonomic}
   size_t SoftMaxHeapSize                          = 2147483648                             {manageable} {ergonomic}
     bool UseCompressedOops                        = true                           {product lp64_product} {ergonomic}
     bool UseLargePagesIndividualAllocation        = false                                  {pd product} {ergonomic}
     bool UseParallelGC                            = true                                      {product} {command line}

Logging:
Log output configuration:
 #0: stdout all=off uptime,level,tags foldmultilines=false
 #1: stderr all=off uptime,level,tags foldmultilines=false

Environment Variables:
PATH=D:\app\oracle\product\10.2.0\server\bin;C:\Program Files\Eclipse Adoptium\jdk-21.0.8.9-hotspot\bin;C:\windows\system32;C:\windows;C:\windows\System32\Wbem;C:\windows\System32\WindowsPowerShell\v1.0\;C:\windows\System32\OpenSSH\;C:\Program Files (x86)\NVIDIA Corporation\PhysX\Common;C:\WINDOWS\system32;C:\WINDOWS;C:\WINDOWS\System32\Wbem;C:\WINDOWS\System32\WindowsPowerShell\v1.0\;C:\WINDOWS\System32\OpenSSH\;C:\Program Files\Git\cmd;C:\Program Files\nodejs\;C:\Program Files\Cloudflare\Cloudflare WARP\;C:\MinGW\bin;C:\Program Files\MySQL\MySQL Shell 8.0\bin\;C:\Users\Utkarsh\AppData\Local\Microsoft\WindowsApps;C:\Users\Utkarsh\AppData\Local\Programs\Microsoft VS Code\bin;C:\Users\Utkarsh\AppData\Roaming\npm;C:\Program Files\Eclipse Adoptium\jdk-21.0.8.9-hotspot\bin;C:\Users\Utkarsh\AppData\Local\Programs\cursor\resources\app\bin;
USERNAME=Utkarsh
OS=Windows_NT
PROCESSOR_IDENTIFIER=AMD64 Family 25 Model 80 Stepping 0, AuthenticAMD
TMP=C:\Users\Utkarsh\AppData\Local\Temp
TEMP=C:\Users\Utkarsh\AppData\Local\Temp




Periodic native trim disabled

---------------  S Y S T E M  ---------------

OS:
 Windows 11 , 64 bit Build 26100 (10.0.26100.6725)
OS uptime: 2 days 5:47 hours
Hyper-V role detected

CPU: total 12 (initial active 12) (12 cores per cpu, 2 threads per core) family 25 model 80 stepping 0 microcode 0xa500011, cx8, cmov, fxsr, ht, mmx, 3dnowpref, sse, sse2, sse3, ssse3, sse4a, sse4.1, sse4.2, popcnt, lzcnt, tsc, tscinvbit, avx, avx2, aes, erms, clmul, bmi1, bmi2, adx, sha, fma, vzeroupper, clflush, clflushopt, hv, rdtscp, rdpid, fsrm, f16c, cet_ss
Processor Information for processor 0
  Max Mhz: 3301, Current Mhz: 3301, Mhz Limit: 3301
Processor Information for processor 1
  Max Mhz: 3301, Current Mhz: 1805, Mhz Limit: 3301
Processor Information for processor 2
  Max Mhz: 3301, Current Mhz: 3301, Mhz Limit: 3301
Processor Information for processor 3
  Max Mhz: 3301, Current Mhz: 3301, Mhz Limit: 3301
Processor Information for processor 4
  Max Mhz: 3301, Current Mhz: 3301, Mhz Limit: 3301
Processor Information for processor 5
  Max Mhz: 3301, Current Mhz: 1805, Mhz Limit: 3301
Processor Information for processor 6
  Max Mhz: 3301, Current Mhz: 3301, Mhz Limit: 3301
Processor Information for processor 7
  Max Mhz: 3301, Current Mhz: 3301, Mhz Limit: 3301
Processor Information for processor 8
  Max Mhz: 3301, Current Mhz: 3301, Mhz Limit: 3301
Processor Information for processor 9
  Max Mhz: 3301, Current Mhz: 3301, Mhz Limit: 3301
Processor Information for processor 10
  Max Mhz: 3301, Current Mhz: 3301, Mhz Limit: 3301
Processor Information for processor 11
  Max Mhz: 3301, Current Mhz: 3301, Mhz Limit: 3301

Memory: 4k page, system-wide physical 15710M (1286M free)
TotalPageFile size 19806M (AvailPageFile size 6M)
current process WorkingSet (physical memory assigned to process): 237M, peak: 238M
current process commit charge ("private bytes"): 361M, peak: 365M

vm_info: OpenJDK 64-Bit Server VM (21.0.8+9-LTS) for windows-amd64 JRE (21.0.8+9-LTS), built on 2025-07-15T00:00:00Z by "admin" with MS VC++ 17.7 (VS2022)

END.
