#
# There is insufficient memory for the Java Runtime Environment to continue.
# Native memory allocation (malloc) failed to allocate 1759536 bytes. Error detail: Chunk::new
# Possible reasons:
#   The system is out of physical RAM or swap space
#   This process is running with CompressedOops enabled, and the Java Heap may be blocking the growth of the native heap
# Possible solutions:
#   Reduce memory load on the system
#   Increase physical memory or swap space
#   Check if swap backing store is full
#   Decrease Java heap size (-Xmx/-Xms)
#   Decrease number of Java threads
#   Decrease Java thread stack sizes (-Xss)
#   Set larger code cache with -XX:ReservedCodeCacheSize=
#   JVM is running with Unscaled Compressed Oops mode in which the Java heap is
#     placed in the first 4GB address space. The Java Heap base address is the
#     maximum limit for the native heap growth. Please use -XX:HeapBaseMinAddress
#     to set the Java Heap base and to place the Java Heap above 4GB virtual address.
# This output file may be truncated or incomplete.
#
#  Out of Memory Error (arena.cpp:168), pid=9184, tid=24756
#
# JRE version: OpenJDK Runtime Environment Temurin-21.0.8+9 (21.0.8+9) (build 21.0.8+9-LTS)
# Java VM: OpenJDK 64-Bit Server VM Temurin-21.0.8+9 (21.0.8+9-LTS, mixed mode, sharing, tiered, compressed oops, compressed class ptrs, parallel gc, windows-amd64)
# No core dump will be written. Minidumps are not enabled by default on client versions of Windows
#

---------------  S U M M A R Y ------------

Command Line: --add-modules=ALL-SYSTEM --add-opens=java.base/java.util=ALL-UNNAMED --add-opens=java.base/java.lang=ALL-UNNAMED --add-opens=java.base/sun.nio.fs=ALL-UNNAMED -Declipse.application=org.eclipse.jdt.ls.core.id1 -Dosgi.bundles.defaultStartLevel=4 -Declipse.product=org.eclipse.jdt.ls.core.product -Djava.import.generatesMetadataFilesAtProjectRoot=false -DDetectVMInstallationsJob.disabled=true -Dfile.encoding=utf8 -XX:+UseParallelGC -XX:GCTimeRatio=4 -XX:AdaptiveSizePolicyWeight=90 -Dsun.zip.disableMemoryMapping=true -Xmx2G -Xms100m -Xlog:disable -javaagent:c:\Users\Utkarsh\.vscode\extensions\redhat.java-1.46.0-win32-x64\lombok\lombok-1.18.39-4050.jar -XX:+HeapDumpOnOutOfMemoryError -XX:HeapDumpPath=c:\Users\Utkarsh\AppData\Roaming\Code\User\workspaceStorage\476b35af7295efd7ee149330c3029c14\redhat.java -Daether.dependencyCollector.impl=bf c:\Users\Utkarsh\.vscode\extensions\redhat.java-1.46.0-win32-x64\server\plugins\org.eclipse.equinox.launcher_1.7.0.v20250519-0528.jar -configuration c:\Users\Utkarsh\AppData\Roaming\Code\User\globalStorage\redhat.java\1.46.0\config_win -data c:\Users\Utkarsh\AppData\Roaming\Code\User\workspaceStorage\476b35af7295efd7ee149330c3029c14\redhat.java\jdt_ws --pipe=\\.\pipe\lsp-609f871f9b62a6fd48744bbd8007531b-sock

Host: AMD Ryzen 5 5600H with Radeon Graphics         , 12 cores, 15G,  Windows 11 , 64 bit Build 26100 (10.0.26100.6725)
Time: Wed Oct 15 11:24:25 2025 India Standard Time elapsed time: 4.920775 seconds (0d 0h 0m 4s)

---------------  T H R E A D  ---------------

Current thread (0x0000017cd96654f0):  JavaThread "C2 CompilerThread1" daemon [_thread_in_native, id=24756, stack(0x000000193f700000,0x000000193f800000) (1024K)]


Current CompileTask:
C2:4920 5789   !   4       org.eclipse.osgi.internal.loader.BundleLoader::findClass0 (491 bytes)

Stack: [0x000000193f700000,0x000000193f800000]
Native frames: (J=compiled Java code, j=interpreted, Vv=VM code, C=native code)
V  [jvm.dll+0x6d2449]
V  [jvm.dll+0x8ae341]
V  [jvm.dll+0x8b08be]
V  [jvm.dll+0x8b0fa3]
V  [jvm.dll+0x280c96]
V  [jvm.dll+0xc581d]
V  [jvm.dll+0xc5d53]
V  [jvm.dll+0x3b9162]
V  [jvm.dll+0x385315]
V  [jvm.dll+0x38477a]
V  [jvm.dll+0x248ed0]
V  [jvm.dll+0x2484af]
V  [jvm.dll+0x1c89ee]
V  [jvm.dll+0x257d4d]
V  [jvm.dll+0x2562ea]
V  [jvm.dll+0x3f2d16]
V  [jvm.dll+0x857e6b]
V  [jvm.dll+0x6d0b0d]
C  [ucrtbase.dll+0x37b0]
C  [KERNEL32.DLL+0x2e8d7]
C  [ntdll.dll+0x8c53c]


---------------  P R O C E S S  ---------------

Threads class SMR info:
_java_thread_list=0x0000017ce25cc100, length=42, elements={
0x0000017cfe12bd30, 0x0000017cd93344b0, 0x0000017c9632c500, 0x0000017cd93362b0,
0x0000017cd93372b0, 0x0000017cd933a960, 0x0000017cd9348e30, 0x0000017cd9351ed0,
0x0000017cd9353230, 0x0000017cd93487a0, 0x0000017cd96654f0, 0x0000017cd93494c0,
0x0000017cd9347a80, 0x0000017cd9346040, 0x0000017cd9346d60, 0x0000017cd93473f0,
0x0000017cd9348110, 0x0000017cde35bce0, 0x0000017cde35b650, 0x0000017cde35a930,
0x0000017cde359580, 0x0000017cde35c370, 0x0000017cde359c10, 0x0000017cde35a2a0,
0x0000017cde35e440, 0x0000017cde35d720, 0x0000017cde35afc0, 0x0000017cde35ddb0,
0x0000017cde35f160, 0x0000017cde35f7f0, 0x0000017cde35ead0, 0x0000017cde35d090,
0x0000017cde35fe80, 0x0000017cde360510, 0x0000017ce1b50dc0, 0x0000017ce1b4e660,
0x0000017ce1b4dfd0, 0x0000017ce1b51450, 0x0000017ce1b4f380, 0x0000017ce1b4fa10,
0x0000017ce1b500a0, 0x0000017ce1b50730
}

Java Threads: ( => current thread )
  0x0000017cfe12bd30 JavaThread "main"                              [_thread_blocked, id=7328, stack(0x000000193ea00000,0x000000193eb00000) (1024K)]
  0x0000017cd93344b0 JavaThread "Reference Handler"          daemon [_thread_blocked, id=25500, stack(0x000000193ee00000,0x000000193ef00000) (1024K)]
  0x0000017c9632c500 JavaThread "Finalizer"                  daemon [_thread_blocked, id=2936, stack(0x000000193ef00000,0x000000193f000000) (1024K)]
  0x0000017cd93362b0 JavaThread "Signal Dispatcher"          daemon [_thread_blocked, id=19584, stack(0x000000193f000000,0x000000193f100000) (1024K)]
  0x0000017cd93372b0 JavaThread "Attach Listener"            daemon [_thread_blocked, id=12784, stack(0x000000193f100000,0x000000193f200000) (1024K)]
  0x0000017cd933a960 JavaThread "Service Thread"             daemon [_thread_blocked, id=5000, stack(0x000000193f200000,0x000000193f300000) (1024K)]
  0x0000017cd9348e30 JavaThread "Monitor Deflation Thread"   daemon [_thread_blocked, id=29144, stack(0x000000193f300000,0x000000193f400000) (1024K)]
  0x0000017cd9351ed0 JavaThread "C2 CompilerThread0"         daemon [_thread_in_native, id=17080, stack(0x000000193f400000,0x000000193f500000) (1024K)]
  0x0000017cd9353230 JavaThread "C1 CompilerThread0"         daemon [_thread_in_native, id=9692, stack(0x000000193f500000,0x000000193f600000) (1024K)]
  0x0000017cd93487a0 JavaThread "Common-Cleaner"             daemon [_thread_blocked, id=24416, stack(0x000000193f600000,0x000000193f700000) (1024K)]
=>0x0000017cd96654f0 JavaThread "C2 CompilerThread1"         daemon [_thread_in_native, id=24756, stack(0x000000193f700000,0x000000193f800000) (1024K)]
  0x0000017cd93494c0 JavaThread "Notification Thread"        daemon [_thread_blocked, id=19284, stack(0x000000193f800000,0x000000193f900000) (1024K)]
  0x0000017cd9347a80 JavaThread "Active Thread: Equinox Container: 34bb99ac-5bf1-4640-81ee-c13ed3eec213"        [_thread_blocked, id=19024, stack(0x0000001940000000,0x0000001940100000) (1024K)]
  0x0000017cd9346040 JavaThread "Refresh Thread: Equinox Container: 34bb99ac-5bf1-4640-81ee-c13ed3eec213" daemon [_thread_blocked, id=4280, stack(0x0000001940100000,0x0000001940200000) (1024K)]
  0x0000017cd9346d60 JavaThread "Framework Event Dispatcher: Equinox Container: 34bb99ac-5bf1-4640-81ee-c13ed3eec213" daemon [_thread_blocked, id=1960, stack(0x0000001940300000,0x0000001940400000) (1024K)]
  0x0000017cd93473f0 JavaThread "Start Level: Equinox Container: 34bb99ac-5bf1-4640-81ee-c13ed3eec213" daemon [_thread_blocked, id=26128, stack(0x0000001940400000,0x0000001940500000) (1024K)]
  0x0000017cd9348110 JavaThread "Bundle File Closer"         daemon [_thread_blocked, id=12744, stack(0x0000001940700000,0x0000001940800000) (1024K)]
  0x0000017cde35bce0 JavaThread "SCR Component Actor"        daemon [_thread_blocked, id=2668, stack(0x0000001940800000,0x0000001940900000) (1024K)]
  0x0000017cde35b650 JavaThread "Worker-JM"                         [_thread_blocked, id=14188, stack(0x0000001940900000,0x0000001940a00000) (1024K)]
  0x0000017cde35a930 JavaThread "JNA Cleaner"                daemon [_thread_blocked, id=29488, stack(0x0000001940a00000,0x0000001940b00000) (1024K)]
  0x0000017cde359580 JavaThread "Worker-0: Initialize After Load"        [_thread_in_native, id=26236, stack(0x000000193f900000,0x000000193fa00000) (1024K)]
  0x0000017cde35c370 JavaThread "Worker-1"                          [_thread_blocked, id=23656, stack(0x0000001940b00000,0x0000001940c00000) (1024K)]
  0x0000017cde359c10 JavaThread "Java indexing"              daemon [_thread_blocked, id=20920, stack(0x0000001940c00000,0x0000001940d00000) (1024K)]
  0x0000017cde35a2a0 JavaThread "Worker-2"                          [_thread_blocked, id=20492, stack(0x0000001941000000,0x0000001941100000) (1024K)]
  0x0000017cde35e440 JavaThread "Worker-3"                          [_thread_blocked, id=7528, stack(0x0000001941100000,0x0000001941200000) (1024K)]
  0x0000017cde35d720 JavaThread "Thread-1"                   daemon [_thread_in_native, id=17276, stack(0x0000001941200000,0x0000001941300000) (1024K)]
  0x0000017cde35afc0 JavaThread "Thread-2"                   daemon [_thread_in_native, id=11816, stack(0x0000001941300000,0x0000001941400000) (1024K)]
  0x0000017cde35ddb0 JavaThread "Thread-3"                   daemon [_thread_in_native, id=13624, stack(0x0000001941400000,0x0000001941500000) (1024K)]
  0x0000017cde35f160 JavaThread "Thread-4"                   daemon [_thread_in_native, id=22256, stack(0x0000001941500000,0x0000001941600000) (1024K)]
  0x0000017cde35f7f0 JavaThread "Thread-5"                   daemon [_thread_in_native, id=2664, stack(0x0000001941600000,0x0000001941700000) (1024K)]
  0x0000017cde35ead0 JavaThread "Thread-6"                   daemon [_thread_in_native, id=26836, stack(0x0000001941700000,0x0000001941800000) (1024K)]
  0x0000017cde35d090 JavaThread "Thread-7"                   daemon [_thread_in_native, id=13380, stack(0x0000001941800000,0x0000001941900000) (1024K)]
  0x0000017cde35fe80 JavaThread "Thread-8"                   daemon [_thread_in_native, id=16716, stack(0x0000001941900000,0x0000001941a00000) (1024K)]
  0x0000017cde360510 JavaThread "Thread-9"                   daemon [_thread_in_native, id=22436, stack(0x0000001941a00000,0x0000001941b00000) (1024K)]
  0x0000017ce1b50dc0 JavaThread "Thread-10"                  daemon [_thread_in_native, id=24304, stack(0x0000001941b00000,0x0000001941c00000) (1024K)]
  0x0000017ce1b4e660 JavaThread "Thread-11"                  daemon [_thread_in_native, id=18808, stack(0x0000001941c00000,0x0000001941d00000) (1024K)]
  0x0000017ce1b4dfd0 JavaThread "Thread-12"                  daemon [_thread_in_native, id=27004, stack(0x0000001941d00000,0x0000001941e00000) (1024K)]
  0x0000017ce1b51450 JavaThread "Thread-13"                  daemon [_thread_in_native, id=20316, stack(0x0000001941e00000,0x0000001941f00000) (1024K)]
  0x0000017ce1b4f380 JavaThread "pool-2-thread-1"                   [_thread_blocked, id=11256, stack(0x0000001941f00000,0x0000001942000000) (1024K)]
  0x0000017ce1b4fa10 JavaThread "WorkspaceEventsHandler"            [_thread_blocked, id=18992, stack(0x0000001942000000,0x0000001942100000) (1024K)]
  0x0000017ce1b500a0 JavaThread "pool-1-thread-1"                   [_thread_blocked, id=22204, stack(0x0000001942100000,0x0000001942200000) (1024K)]
  0x0000017ce1b50730 JavaThread "Worker-4"                          [_thread_blocked, id=24144, stack(0x0000001942200000,0x0000001942300000) (1024K)]
Total: 42

Other Threads:
  0x0000017c96314960 VMThread "VM Thread"                           [id=25844, stack(0x000000193ed00000,0x000000193ee00000) (1024K)]
  0x0000017c9620ca00 WatcherThread "VM Periodic Task Thread"        [id=14256, stack(0x000000193ec00000,0x000000193ed00000) (1024K)]
  0x0000017cfe149f90 WorkerThread "GC Thread#0"                     [id=10264, stack(0x000000193eb00000,0x000000193ec00000) (1024K)]
  0x0000017cd9c30390 WorkerThread "GC Thread#1"                     [id=19428, stack(0x000000193fa00000,0x000000193fb00000) (1024K)]
  0x0000017cd9c30730 WorkerThread "GC Thread#2"                     [id=9300, stack(0x000000193fb00000,0x000000193fc00000) (1024K)]
  0x0000017cd9c2b060 WorkerThread "GC Thread#3"                     [id=5860, stack(0x000000193fc00000,0x000000193fd00000) (1024K)]
  0x0000017cd9699a60 WorkerThread "GC Thread#4"                     [id=24292, stack(0x000000193fd00000,0x000000193fe00000) (1024K)]
  0x0000017cd969a200 WorkerThread "GC Thread#5"                     [id=27220, stack(0x000000193fe00000,0x000000193ff00000) (1024K)]
  0x0000017cd969a5a0 WorkerThread "GC Thread#6"                     [id=27896, stack(0x000000193ff00000,0x0000001940000000) (1024K)]
  0x0000017cde1b4ed0 WorkerThread "GC Thread#7"                     [id=21044, stack(0x0000001940200000,0x0000001940300000) (1024K)]
  0x0000017cde717cf0 WorkerThread "GC Thread#8"                     [id=17912, stack(0x0000001940500000,0x0000001940600000) (1024K)]
  0x0000017cde2f2740 WorkerThread "GC Thread#9"                     [id=19264, stack(0x0000001940600000,0x0000001940700000) (1024K)]
Total: 12

Threads with active compile tasks:
C2 CompilerThread0  5945 5898       4       java.lang.invoke.MethodType::makeImpl (109 bytes)
C2 CompilerThread1  5945 5789   !   4       org.eclipse.osgi.internal.loader.BundleLoader::findClass0 (491 bytes)
Total: 2

VM state: not at safepoint (normal execution)

VM Mutex/Monitor currently owned by a thread: None

Heap address: 0x0000000080000000, size: 2048 MB, Compressed Oops mode: 32-bit

CDS archive(s) mapped at: [0x0000017c97000000-0x0000017c97ba0000-0x0000017c97ba0000), size 12189696, SharedBaseAddress: 0x0000017c97000000, ArchiveRelocationMode: 1.
Compressed class space mapped at: 0x0000017c98000000-0x0000017cd8000000, reserved size: 1073741824
Narrow klass base: 0x0000017c97000000, Narrow klass shift: 0, Narrow klass range: 0x100000000

GC Precious Log:
 CardTable entry size: 512
 CPUs: 12 total, 12 available
 Memory: 15710M
 Large Page Support: Disabled
 NUMA Support: Disabled
 Compressed Oops: Enabled (32-bit)
 Alignments: Space 512K, Generation 512K, Heap 2M
 Heap Min Capacity: 100M
 Heap Initial Capacity: 100M
 Heap Max Capacity: 2G
 Pre-touch: Disabled
 Parallel Workers: 10

Heap:
 PSYoungGen      total 23040K, used 15459K [0x00000000d5580000, 0x00000000d7000000, 0x0000000100000000)
  eden space 22016K, 65% used [0x00000000d5580000,0x00000000d6398f58,0x00000000d6b00000)
  from space 1024K, 100% used [0x00000000d6d00000,0x00000000d6e00000,0x00000000d6e00000)
  to   space 2048K, 0% used [0x00000000d6e00000,0x00000000d6e00000,0x00000000d7000000)
 ParOldGen       total 68608K, used 22066K [0x0000000080000000, 0x0000000084300000, 0x00000000d5580000)
  object space 68608K, 32% used [0x0000000080000000,0x000000008158cae8,0x0000000084300000)
 Metaspace       used 43856K, committed 44928K, reserved 1114112K
  class space    used 4789K, committed 5248K, reserved 1048576K

Card table byte_map: [0x0000017cfdb00000,0x0000017cfdf10000] _byte_map_base: 0x0000017cfd700000

Marking Bits: (ParMarkBitMap*) 0x00007ff9f0dfa340
 Begin Bits: [0x0000017c92130000, 0x0000017c94130000)
 End Bits:   [0x0000017c94130000, 0x0000017c96130000)

Polling page: 0x0000017cfd8f0000

Metaspace:

Usage:
  Non-class:     38.15 MB used.
      Class:      4.68 MB used.
       Both:     42.83 MB used.

Virtual space:
  Non-class space:       64.00 MB reserved,      38.75 MB ( 61%) committed,  1 nodes.
      Class space:        1.00 GB reserved,       5.12 MB ( <1%) committed,  1 nodes.
             Both:        1.06 GB reserved,      43.88 MB (  4%) committed. 

Chunk freelists:
   Non-Class:  8.33 MB
       Class:  10.78 MB
        Both:  19.11 MB

MaxMetaspaceSize: unlimited
CompressedClassSpaceSize: 1.00 GB
Initial GC threshold: 21.00 MB
Current GC threshold: 58.38 MB
CDS: on
 - commit_granule_bytes: 65536.
 - commit_granule_words: 8192.
 - virtual_space_node_default_size: 8388608.
 - enlarge_chunks_in_place: 1.
 - use_allocation_guard: 0.


Internal statistics:

num_allocs_failed_limit: 6.
num_arena_births: 790.
num_arena_deaths: 14.
num_vsnodes_births: 2.
num_vsnodes_deaths: 0.
num_space_committed: 702.
num_space_uncommitted: 0.
num_chunks_returned_to_freelist: 20.
num_chunks_taken_from_freelist: 2671.
num_chunk_merges: 7.
num_chunk_splits: 1704.
num_chunks_enlarged: 1045.
num_inconsistent_stats: 0.

CodeHeap 'non-profiled nmethods': size=120000Kb used=2753Kb max_used=2753Kb free=117246Kb
 bounds [0x0000017c8ac00000, 0x0000017c8aec0000, 0x0000017c92130000]
CodeHeap 'profiled nmethods': size=120000Kb used=11243Kb max_used=11243Kb free=108756Kb
 bounds [0x0000017c83130000, 0x0000017c83c30000, 0x0000017c8a660000]
CodeHeap 'non-nmethods': size=5760Kb used=1363Kb max_used=1433Kb free=4396Kb
 bounds [0x0000017c8a660000, 0x0000017c8a8d0000, 0x0000017c8ac00000]
CodeCache: size=245760Kb, used=15359Kb, max_used=15429Kb, free=230398Kb
 total_blobs=6100, nmethods=5440, adapters=566, full_count=0
Compilation: enabled, stopped_count=0, restarted_count=0

Compilation events (20 events):
Event: 4.892 Thread 0x0000017cd9353230 nmethod 5990 0x0000017c83c21990 code [0x0000017c83c21bc0, 0x0000017c83c22198]
Event: 4.893 Thread 0x0000017cd9353230 5991       1       com.google.inject.Key$AnnotationTypeStrategy::hasAttributes (2 bytes)
Event: 4.893 Thread 0x0000017cd9353230 nmethod 5991 0x0000017c8aead010 code [0x0000017c8aead1a0, 0x0000017c8aead268]
Event: 4.893 Thread 0x0000017cd9353230 5992       3       java.lang.Character::isLowSurrogate (18 bytes)
Event: 4.893 Thread 0x0000017cd9353230 nmethod 5992 0x0000017c83c22390 code [0x0000017c83c22520, 0x0000017c83c22698]
Event: 4.893 Thread 0x0000017cd9353230 5993       3       java.lang.Character::codePointBefore (48 bytes)
Event: 4.894 Thread 0x0000017cd9353230 nmethod 5993 0x0000017c83c22710 code [0x0000017c83c22900, 0x0000017c83c22e88]
Event: 4.894 Thread 0x0000017cd9353230 5994       3       sun.util.calendar.BaseCalendar::isLeapYear (5 bytes)
Event: 4.894 Thread 0x0000017cd9353230 nmethod 5994 0x0000017c83c23010 code [0x0000017c83c231c0, 0x0000017c83c23448]
Event: 4.894 Thread 0x0000017cd9353230 5995       3       sun.util.calendar.CalendarUtils::isGregorianLeapYear (27 bytes)
Event: 4.894 Thread 0x0000017cd9353230 nmethod 5995 0x0000017c83c23590 code [0x0000017c83c23740, 0x0000017c83c23950]
Event: 4.894 Thread 0x0000017cd9353230 5996       1       org.eclipse.core.internal.resources.Workspace::getRoot (5 bytes)
Event: 4.894 Thread 0x0000017cd9353230 nmethod 5996 0x0000017c8aead310 code [0x0000017c8aead4a0, 0x0000017c8aead568]
Event: 4.894 Thread 0x0000017cd9353230 5997       3       java.util.TreeMap$PrivateEntryIterator::<init> (28 bytes)
Event: 4.894 Thread 0x0000017cd9353230 nmethod 5997 0x0000017c83c23a10 code [0x0000017c83c23bc0, 0x0000017c83c23d78]
Event: 4.895 Thread 0x0000017cd9353230 5998       3       java.lang.invoke.LambdaForm$MH/0x0000017c9801fc00::invoke (110 bytes)
Event: 4.895 Thread 0x0000017cd9353230 nmethod 5998 0x0000017c83c23e90 code [0x0000017c83c240e0, 0x0000017c83c24ed8]
Event: 4.895 Thread 0x0000017cd9353230 5999       3       java.lang.invoke.LambdaForm$MH/0x0000017c9801f400::invoke (46 bytes)
Event: 4.896 Thread 0x0000017cd9353230 nmethod 5999 0x0000017c83c25210 code [0x0000017c83c25400, 0x0000017c83c25a10]
Event: 4.897 Thread 0x0000017cd9353230 6001       3       org.eclipse.core.runtime.Assert::isLegal (15 bytes)

GC Heap History (20 events):
Event: 3.181 GC heap before
{Heap before GC invocations=10 (full 1):
 PSYoungGen      total 25088K, used 24879K [0x00000000d5580000, 0x00000000d7400000, 0x0000000100000000)
  eden space 24064K, 100% used [0x00000000d5580000,0x00000000d6d00000,0x00000000d6d00000)
  from space 1024K, 79% used [0x00000000d7300000,0x00000000d73cbf48,0x00000000d7400000)
  to   space 2560K, 0% used [0x00000000d6f00000,0x00000000d6f00000,0x00000000d7180000)
 ParOldGen       total 68608K, used 12747K [0x0000000080000000, 0x0000000084300000, 0x00000000d5580000)
  object space 68608K, 18% used [0x0000000080000000,0x0000000080c72df8,0x0000000084300000)
 Metaspace       used 26482K, committed 27328K, reserved 1114112K
  class space    used 2599K, committed 2944K, reserved 1048576K
}
Event: 3.182 GC heap after
{Heap after GC invocations=10 (full 1):
 PSYoungGen      total 26112K, used 2545K [0x00000000d5580000, 0x00000000d7380000, 0x0000000100000000)
  eden space 23552K, 0% used [0x00000000d5580000,0x00000000d5580000,0x00000000d6c80000)
  from space 2560K, 99% used [0x00000000d6f00000,0x00000000d717c518,0x00000000d7180000)
  to   space 2048K, 0% used [0x00000000d7180000,0x00000000d7180000,0x00000000d7380000)
 ParOldGen       total 68608K, used 12755K [0x0000000080000000, 0x0000000084300000, 0x00000000d5580000)
  object space 68608K, 18% used [0x0000000080000000,0x0000000080c74df8,0x0000000084300000)
 Metaspace       used 26482K, committed 27328K, reserved 1114112K
  class space    used 2599K, committed 2944K, reserved 1048576K
}
Event: 3.393 GC heap before
{Heap before GC invocations=11 (full 1):
 PSYoungGen      total 26112K, used 26097K [0x00000000d5580000, 0x00000000d7380000, 0x0000000100000000)
  eden space 23552K, 100% used [0x00000000d5580000,0x00000000d6c80000,0x00000000d6c80000)
  from space 2560K, 99% used [0x00000000d6f00000,0x00000000d717c518,0x00000000d7180000)
  to   space 2048K, 0% used [0x00000000d7180000,0x00000000d7180000,0x00000000d7380000)
 ParOldGen       total 68608K, used 12755K [0x0000000080000000, 0x0000000084300000, 0x00000000d5580000)
  object space 68608K, 18% used [0x0000000080000000,0x0000000080c74df8,0x0000000084300000)
 Metaspace       used 28798K, committed 29696K, reserved 1114112K
  class space    used 2809K, committed 3200K, reserved 1048576K
}
Event: 3.394 GC heap after
{Heap after GC invocations=11 (full 1):
 PSYoungGen      total 25088K, used 2031K [0x00000000d5580000, 0x00000000d7380000, 0x0000000100000000)
  eden space 23040K, 0% used [0x00000000d5580000,0x00000000d5580000,0x00000000d6c00000)
  from space 2048K, 99% used [0x00000000d7180000,0x00000000d737bfa0,0x00000000d7380000)
  to   space 3584K, 0% used [0x00000000d6c80000,0x00000000d6c80000,0x00000000d7000000)
 ParOldGen       total 68608K, used 14088K [0x0000000080000000, 0x0000000084300000, 0x00000000d5580000)
  object space 68608K, 20% used [0x0000000080000000,0x0000000080dc22b0,0x0000000084300000)
 Metaspace       used 28798K, committed 29696K, reserved 1114112K
  class space    used 2809K, committed 3200K, reserved 1048576K
}
Event: 3.583 GC heap before
{Heap before GC invocations=12 (full 1):
 PSYoungGen      total 25088K, used 25071K [0x00000000d5580000, 0x00000000d7380000, 0x0000000100000000)
  eden space 23040K, 100% used [0x00000000d5580000,0x00000000d6c00000,0x00000000d6c00000)
  from space 2048K, 99% used [0x00000000d7180000,0x00000000d737bfa0,0x00000000d7380000)
  to   space 3584K, 0% used [0x00000000d6c80000,0x00000000d6c80000,0x00000000d7000000)
 ParOldGen       total 68608K, used 14088K [0x0000000080000000, 0x0000000084300000, 0x00000000d5580000)
  object space 68608K, 20% used [0x0000000080000000,0x0000000080dc22b0,0x0000000084300000)
 Metaspace       used 31833K, committed 32768K, reserved 1114112K
  class space    used 3173K, committed 3584K, reserved 1048576K
}
Event: 3.585 GC heap after
{Heap after GC invocations=12 (full 1):
 PSYoungGen      total 24576K, used 1722K [0x00000000d5580000, 0x00000000d7200000, 0x0000000100000000)
  eden space 22528K, 0% used [0x00000000d5580000,0x00000000d5580000,0x00000000d6b80000)
  from space 2048K, 84% used [0x00000000d6c80000,0x00000000d6e2e8a8,0x00000000d6e80000)
  to   space 2560K, 0% used [0x00000000d6f80000,0x00000000d6f80000,0x00000000d7200000)
 ParOldGen       total 68608K, used 16101K [0x0000000080000000, 0x0000000084300000, 0x00000000d5580000)
  object space 68608K, 23% used [0x0000000080000000,0x0000000080fb9498,0x0000000084300000)
 Metaspace       used 31833K, committed 32768K, reserved 1114112K
  class space    used 3173K, committed 3584K, reserved 1048576K
}
Event: 3.756 GC heap before
{Heap before GC invocations=13 (full 1):
 PSYoungGen      total 24576K, used 24250K [0x00000000d5580000, 0x00000000d7200000, 0x0000000100000000)
  eden space 22528K, 100% used [0x00000000d5580000,0x00000000d6b80000,0x00000000d6b80000)
  from space 2048K, 84% used [0x00000000d6c80000,0x00000000d6e2e8a8,0x00000000d6e80000)
  to   space 2560K, 0% used [0x00000000d6f80000,0x00000000d6f80000,0x00000000d7200000)
 ParOldGen       total 68608K, used 16101K [0x0000000080000000, 0x0000000084300000, 0x00000000d5580000)
  object space 68608K, 23% used [0x0000000080000000,0x0000000080fb9498,0x0000000084300000)
 Metaspace       used 34567K, committed 35648K, reserved 1114112K
  class space    used 3551K, committed 4032K, reserved 1048576K
}
Event: 3.758 GC heap after
{Heap after GC invocations=13 (full 1):
 PSYoungGen      total 24064K, used 2000K [0x00000000d5580000, 0x00000000d7180000, 0x0000000100000000)
  eden space 22016K, 0% used [0x00000000d5580000,0x00000000d5580000,0x00000000d6b00000)
  from space 2048K, 97% used [0x00000000d6f80000,0x00000000d7174010,0x00000000d7180000)
  to   space 2560K, 0% used [0x00000000d6c80000,0x00000000d6c80000,0x00000000d6f00000)
 ParOldGen       total 68608K, used 17309K [0x0000000080000000, 0x0000000084300000, 0x00000000d5580000)
  object space 68608K, 25% used [0x0000000080000000,0x00000000810e75d8,0x0000000084300000)
 Metaspace       used 34567K, committed 35648K, reserved 1114112K
  class space    used 3551K, committed 4032K, reserved 1048576K
}
Event: 3.770 GC heap before
{Heap before GC invocations=14 (full 1):
 PSYoungGen      total 24064K, used 3967K [0x00000000d5580000, 0x00000000d7180000, 0x0000000100000000)
  eden space 22016K, 8% used [0x00000000d5580000,0x00000000d576bdd0,0x00000000d6b00000)
  from space 2048K, 97% used [0x00000000d6f80000,0x00000000d7174010,0x00000000d7180000)
  to   space 2560K, 0% used [0x00000000d6c80000,0x00000000d6c80000,0x00000000d6f00000)
 ParOldGen       total 68608K, used 17309K [0x0000000080000000, 0x0000000084300000, 0x00000000d5580000)
  object space 68608K, 25% used [0x0000000080000000,0x00000000810e75d8,0x0000000084300000)
 Metaspace       used 34836K, committed 35840K, reserved 1114112K
  class space    used 3589K, committed 4032K, reserved 1048576K
}
Event: 3.771 GC heap after
{Heap after GC invocations=14 (full 1):
 PSYoungGen      total 24576K, used 320K [0x00000000d5580000, 0x00000000d7000000, 0x0000000100000000)
  eden space 22016K, 0% used [0x00000000d5580000,0x00000000d5580000,0x00000000d6b00000)
  from space 2560K, 12% used [0x00000000d6c80000,0x00000000d6cd0000,0x00000000d6f00000)
  to   space 1024K, 0% used [0x00000000d6f00000,0x00000000d6f00000,0x00000000d7000000)
 ParOldGen       total 68608K, used 19157K [0x0000000080000000, 0x0000000084300000, 0x00000000d5580000)
  object space 68608K, 27% used [0x0000000080000000,0x00000000812b55e8,0x0000000084300000)
 Metaspace       used 34836K, committed 35840K, reserved 1114112K
  class space    used 3589K, committed 4032K, reserved 1048576K
}
Event: 3.771 GC heap before
{Heap before GC invocations=15 (full 2):
 PSYoungGen      total 24576K, used 320K [0x00000000d5580000, 0x00000000d7000000, 0x0000000100000000)
  eden space 22016K, 0% used [0x00000000d5580000,0x00000000d5580000,0x00000000d6b00000)
  from space 2560K, 12% used [0x00000000d6c80000,0x00000000d6cd0000,0x00000000d6f00000)
  to   space 1024K, 0% used [0x00000000d6f00000,0x00000000d6f00000,0x00000000d7000000)
 ParOldGen       total 68608K, used 19157K [0x0000000080000000, 0x0000000084300000, 0x00000000d5580000)
  object space 68608K, 27% used [0x0000000080000000,0x00000000812b55e8,0x0000000084300000)
 Metaspace       used 34836K, committed 35840K, reserved 1114112K
  class space    used 3589K, committed 4032K, reserved 1048576K
}
Event: 3.796 GC heap after
{Heap after GC invocations=15 (full 2):
 PSYoungGen      total 24576K, used 0K [0x00000000d5580000, 0x00000000d7000000, 0x0000000100000000)
  eden space 22016K, 0% used [0x00000000d5580000,0x00000000d5580000,0x00000000d6b00000)
  from space 2560K, 0% used [0x00000000d6c80000,0x00000000d6c80000,0x00000000d6f00000)
  to   space 1024K, 0% used [0x00000000d6f00000,0x00000000d6f00000,0x00000000d7000000)
 ParOldGen       total 68608K, used 18559K [0x0000000080000000, 0x0000000084300000, 0x00000000d5580000)
  object space 68608K, 27% used [0x0000000080000000,0x000000008121fdb8,0x0000000084300000)
 Metaspace       used 34836K, committed 35840K, reserved 1114112K
  class space    used 3589K, committed 4032K, reserved 1048576K
}
Event: 3.965 GC heap before
{Heap before GC invocations=16 (full 2):
 PSYoungGen      total 24576K, used 22016K [0x00000000d5580000, 0x00000000d7000000, 0x0000000100000000)
  eden space 22016K, 100% used [0x00000000d5580000,0x00000000d6b00000,0x00000000d6b00000)
  from space 2560K, 0% used [0x00000000d6c80000,0x00000000d6c80000,0x00000000d6f00000)
  to   space 1024K, 0% used [0x00000000d6f00000,0x00000000d6f00000,0x00000000d7000000)
 ParOldGen       total 68608K, used 18559K [0x0000000080000000, 0x0000000084300000, 0x00000000d5580000)
  object space 68608K, 27% used [0x0000000080000000,0x000000008121fdb8,0x0000000084300000)
 Metaspace       used 36342K, committed 37440K, reserved 1114112K
  class space    used 3798K, committed 4288K, reserved 1048576K
}
Event: 3.966 GC heap after
{Heap after GC invocations=16 (full 2):
 PSYoungGen      total 23040K, used 1014K [0x00000000d5580000, 0x00000000d7000000, 0x0000000100000000)
  eden space 22016K, 0% used [0x00000000d5580000,0x00000000d5580000,0x00000000d6b00000)
  from space 1024K, 99% used [0x00000000d6f00000,0x00000000d6ffdb58,0x00000000d7000000)
  to   space 2560K, 0% used [0x00000000d6b00000,0x00000000d6b00000,0x00000000d6d80000)
 ParOldGen       total 68608K, used 19467K [0x0000000080000000, 0x0000000084300000, 0x00000000d5580000)
  object space 68608K, 28% used [0x0000000080000000,0x0000000081302de8,0x0000000084300000)
 Metaspace       used 36342K, committed 37440K, reserved 1114112K
  class space    used 3798K, committed 4288K, reserved 1048576K
}
Event: 4.157 GC heap before
{Heap before GC invocations=17 (full 2):
 PSYoungGen      total 23040K, used 23030K [0x00000000d5580000, 0x00000000d7000000, 0x0000000100000000)
  eden space 22016K, 100% used [0x00000000d5580000,0x00000000d6b00000,0x00000000d6b00000)
  from space 1024K, 99% used [0x00000000d6f00000,0x00000000d6ffdb58,0x00000000d7000000)
  to   space 2560K, 0% used [0x00000000d6b00000,0x00000000d6b00000,0x00000000d6d80000)
 ParOldGen       total 68608K, used 19467K [0x0000000080000000, 0x0000000084300000, 0x00000000d5580000)
  object space 68608K, 28% used [0x0000000080000000,0x0000000081302de8,0x0000000084300000)
 Metaspace       used 37535K, committed 38656K, reserved 1114112K
  class space    used 3954K, committed 4416K, reserved 1048576K
}
Event: 4.159 GC heap after
{Heap after GC invocations=17 (full 2):
 PSYoungGen      total 24576K, used 832K [0x00000000d5580000, 0x00000000d6f80000, 0x0000000100000000)
  eden space 22016K, 0% used [0x00000000d5580000,0x00000000d5580000,0x00000000d6b00000)
  from space 2560K, 32% used [0x00000000d6b00000,0x00000000d6bd0000,0x00000000d6d80000)
  to   space 1536K, 0% used [0x00000000d6e00000,0x00000000d6e00000,0x00000000d6f80000)
 ParOldGen       total 68608K, used 20402K [0x0000000080000000, 0x0000000084300000, 0x00000000d5580000)
  object space 68608K, 29% used [0x0000000080000000,0x00000000813ecac8,0x0000000084300000)
 Metaspace       used 37535K, committed 38656K, reserved 1114112K
  class space    used 3954K, committed 4416K, reserved 1048576K
}
Event: 4.384 GC heap before
{Heap before GC invocations=18 (full 2):
 PSYoungGen      total 24576K, used 22848K [0x00000000d5580000, 0x00000000d6f80000, 0x0000000100000000)
  eden space 22016K, 100% used [0x00000000d5580000,0x00000000d6b00000,0x00000000d6b00000)
  from space 2560K, 32% used [0x00000000d6b00000,0x00000000d6bd0000,0x00000000d6d80000)
  to   space 1536K, 0% used [0x00000000d6e00000,0x00000000d6e00000,0x00000000d6f80000)
 ParOldGen       total 68608K, used 20402K [0x0000000080000000, 0x0000000084300000, 0x00000000d5580000)
  object space 68608K, 29% used [0x0000000080000000,0x00000000813ecac8,0x0000000084300000)
 Metaspace       used 39800K, committed 40960K, reserved 1114112K
  class space    used 4249K, committed 4736K, reserved 1048576K
}
Event: 4.385 GC heap after
{Heap after GC invocations=18 (full 2):
 PSYoungGen      total 23040K, used 864K [0x00000000d5580000, 0x00000000d6f00000, 0x0000000100000000)
  eden space 22016K, 0% used [0x00000000d5580000,0x00000000d5580000,0x00000000d6b00000)
  from space 1024K, 84% used [0x00000000d6e00000,0x00000000d6ed8000,0x00000000d6f00000)
  to   space 1024K, 0% used [0x00000000d6d00000,0x00000000d6d00000,0x00000000d6e00000)
 ParOldGen       total 68608K, used 21002K [0x0000000080000000, 0x0000000084300000, 0x00000000d5580000)
  object space 68608K, 30% used [0x0000000080000000,0x0000000081482ac8,0x0000000084300000)
 Metaspace       used 39800K, committed 40960K, reserved 1114112K
  class space    used 4249K, committed 4736K, reserved 1048576K
}
Event: 4.697 GC heap before
{Heap before GC invocations=19 (full 2):
 PSYoungGen      total 23040K, used 22880K [0x00000000d5580000, 0x00000000d6f00000, 0x0000000100000000)
  eden space 22016K, 100% used [0x00000000d5580000,0x00000000d6b00000,0x00000000d6b00000)
  from space 1024K, 84% used [0x00000000d6e00000,0x00000000d6ed8000,0x00000000d6f00000)
  to   space 1024K, 0% used [0x00000000d6d00000,0x00000000d6d00000,0x00000000d6e00000)
 ParOldGen       total 68608K, used 21002K [0x0000000080000000, 0x0000000084300000, 0x00000000d5580000)
  object space 68608K, 30% used [0x0000000080000000,0x0000000081482ac8,0x0000000084300000)
 Metaspace       used 42249K, committed 43328K, reserved 1114112K
  class space    used 4588K, committed 5056K, reserved 1048576K
}
Event: 4.698 GC heap after
{Heap after GC invocations=19 (full 2):
 PSYoungGen      total 23040K, used 1024K [0x00000000d5580000, 0x00000000d7000000, 0x0000000100000000)
  eden space 22016K, 0% used [0x00000000d5580000,0x00000000d5580000,0x00000000d6b00000)
  from space 1024K, 100% used [0x00000000d6d00000,0x00000000d6e00000,0x00000000d6e00000)
  to   space 2048K, 0% used [0x00000000d6e00000,0x00000000d6e00000,0x00000000d7000000)
 ParOldGen       total 68608K, used 22066K [0x0000000080000000, 0x0000000084300000, 0x00000000d5580000)
  object space 68608K, 32% used [0x0000000080000000,0x000000008158cae8,0x0000000084300000)
 Metaspace       used 42249K, committed 43328K, reserved 1114112K
  class space    used 4588K, committed 5056K, reserved 1048576K
}

Dll operation events (10 events):
Event: 0.013 Loaded shared library c:\Users\Utkarsh\.vscode\extensions\redhat.java-1.46.0-win32-x64\jre\21.0.8-win32-x86_64\bin\java.dll
Event: 0.086 Loaded shared library c:\Users\Utkarsh\.vscode\extensions\redhat.java-1.46.0-win32-x64\jre\21.0.8-win32-x86_64\bin\zip.dll
Event: 0.110 Loaded shared library C:\Users\Utkarsh\.vscode\extensions\redhat.java-1.46.0-win32-x64\jre\21.0.8-win32-x86_64\bin\instrument.dll
Event: 0.114 Loaded shared library C:\Users\Utkarsh\.vscode\extensions\redhat.java-1.46.0-win32-x64\jre\21.0.8-win32-x86_64\bin\net.dll
Event: 0.116 Loaded shared library C:\Users\Utkarsh\.vscode\extensions\redhat.java-1.46.0-win32-x64\jre\21.0.8-win32-x86_64\bin\nio.dll
Event: 0.120 Loaded shared library C:\Users\Utkarsh\.vscode\extensions\redhat.java-1.46.0-win32-x64\jre\21.0.8-win32-x86_64\bin\zip.dll
Event: 0.137 Loaded shared library C:\Users\Utkarsh\.vscode\extensions\redhat.java-1.46.0-win32-x64\jre\21.0.8-win32-x86_64\bin\jimage.dll
Event: 0.201 Loaded shared library c:\Users\Utkarsh\.vscode\extensions\redhat.java-1.46.0-win32-x64\jre\21.0.8-win32-x86_64\bin\verify.dll
Event: 1.095 Loaded shared library C:\Users\Utkarsh\AppData\Roaming\Code\User\globalStorage\redhat.java\1.46.0\config_win\org.eclipse.equinox.launcher\org.eclipse.equinox.launcher.win32.win32.x86_64_1.2.1400.v20250801-0854\eclipse_11916.dll
Event: 2.369 Loaded shared library C:\Users\Utkarsh\AppData\Local\Temp\jna-1551202770\jna10119790870030099605.dll

Deoptimization events (20 events):
Event: 4.850 Thread 0x0000017cde35e440 DEOPT PACKING pc=0x0000017c8acf7704 sp=0x00000019411fee40
Event: 4.850 Thread 0x0000017cde35e440 DEOPT UNPACKING pc=0x0000017c8a6b3aa2 sp=0x00000019411fede0 mode 2
Event: 4.850 Thread 0x0000017cde35e440 Uncommon trap: trap_request=0xffffff45 fr.pc=0x0000017c8ad8f8b8 relative=0x0000000000000958
Event: 4.850 Thread 0x0000017cde35e440 Uncommon trap: reason=unstable_if action=reinterpret pc=0x0000017c8ad8f8b8 method=java.util.concurrent.ConcurrentHashMap.putVal(Ljava/lang/Object;Ljava/lang/Object;Z)Ljava/lang/Object; @ 97 c2
Event: 4.850 Thread 0x0000017cde35e440 DEOPT PACKING pc=0x0000017c8ad8f8b8 sp=0x00000019411fe1a0
Event: 4.850 Thread 0x0000017cde35e440 DEOPT UNPACKING pc=0x0000017c8a6b3aa2 sp=0x00000019411fe128 mode 2
Event: 4.854 Thread 0x0000017cde35e440 Uncommon trap: trap_request=0xffffff45 fr.pc=0x0000017c8acfc310 relative=0x0000000000000750
Event: 4.854 Thread 0x0000017cde35e440 Uncommon trap: reason=unstable_if action=reinterpret pc=0x0000017c8acfc310 method=java.util.WeakHashMap.remove(Ljava/lang/Object;)Ljava/lang/Object; @ 92 c2
Event: 4.854 Thread 0x0000017cde35e440 DEOPT PACKING pc=0x0000017c8acfc310 sp=0x00000019411fdff0
Event: 4.854 Thread 0x0000017cde35e440 DEOPT UNPACKING pc=0x0000017c8a6b3aa2 sp=0x00000019411fdfa0 mode 2
Event: 4.889 Thread 0x0000017cde35c370 Uncommon trap: trap_request=0xffffff45 fr.pc=0x0000017c8acd0844 relative=0x00000000000001e4
Event: 4.889 Thread 0x0000017cde35c370 Uncommon trap: reason=unstable_if action=reinterpret pc=0x0000017c8acd0844 method=java.lang.invoke.VarHandle.accessModeType(I)Ljava/lang/invoke/MethodType; @ 26 c2
Event: 4.889 Thread 0x0000017cde35c370 DEOPT PACKING pc=0x0000017c8acd0844 sp=0x0000001940bfe850
Event: 4.889 Thread 0x0000017cde35c370 DEOPT UNPACKING pc=0x0000017c8a6b3aa2 sp=0x0000001940bfe730 mode 2
Event: 4.889 Thread 0x0000017cde35c370 Uncommon trap: trap_request=0xffffff45 fr.pc=0x0000017c8ac45500 relative=0x00000000000000c0
Event: 4.889 Thread 0x0000017cde35c370 Uncommon trap: reason=unstable_if action=reinterpret pc=0x0000017c8ac45500 method=jdk.internal.misc.Unsafe.convEndian(ZI)I @ 4 c2
Event: 4.889 Thread 0x0000017cde35c370 DEOPT PACKING pc=0x0000017c8ac45500 sp=0x0000001940bfe7f0
Event: 4.889 Thread 0x0000017cde35c370 DEOPT UNPACKING pc=0x0000017c8a6b3aa2 sp=0x0000001940bfe688 mode 2
Event: 4.893 Thread 0x0000017cde35c370 DEOPT PACKING pc=0x0000017c83a485d6 sp=0x0000001940bfe840
Event: 4.893 Thread 0x0000017cde35c370 DEOPT UNPACKING pc=0x0000017c8a6b4242 sp=0x0000001940bfdd68 mode 0

Classes loaded (20 events):
Event: 4.400 Loading class sun/reflect/generics/scope/ConstructorScope
Event: 4.400 Loading class sun/reflect/generics/scope/ConstructorScope done
Event: 4.400 Loading class sun/reflect/generics/tree/VoidDescriptor
Event: 4.400 Loading class sun/reflect/generics/tree/VoidDescriptor done
Event: 4.411 Loading class java/nio/channels/ServerSocketChannel
Event: 4.412 Loading class java/nio/channels/ServerSocketChannel done
Event: 4.519 Loading class java/lang/ExceptionInInitializerError
Event: 4.519 Loading class java/lang/ExceptionInInitializerError done
Event: 4.520 Loading class sun/misc/Unsafe
Event: 4.520 Loading class sun/misc/Unsafe done
Event: 4.533 Loading class jdk/internal/org/objectweb/asm/ClassReader
Event: 4.533 Loading class jdk/internal/org/objectweb/asm/ClassReader done
Event: 4.752 Loading class java/lang/ProcessEnvironment$CheckedKeySet
Event: 4.752 Loading class java/lang/ProcessEnvironment$CheckedKeySet done
Event: 4.861 Loading class java/util/regex/Pattern$Pos
Event: 4.861 Loading class java/util/regex/Pattern$Pos done
Event: 4.888 Loading class sun/security/provider/MD5
Event: 4.888 Loading class sun/security/provider/MD5 done
Event: 4.889 Loading class sun/security/provider/ByteArrayAccess$LE
Event: 4.889 Loading class sun/security/provider/ByteArrayAccess$LE done

Classes unloaded (7 events):
Event: 2.785 Thread 0x0000017c96314960 Unloading class 0x0000017c981ad000 'java/lang/invoke/LambdaForm$MH+0x0000017c981ad000'
Event: 2.785 Thread 0x0000017c96314960 Unloading class 0x0000017c981acc00 'java/lang/invoke/LambdaForm$MH+0x0000017c981acc00'
Event: 2.785 Thread 0x0000017c96314960 Unloading class 0x0000017c981ac800 'java/lang/invoke/LambdaForm$MH+0x0000017c981ac800'
Event: 2.785 Thread 0x0000017c96314960 Unloading class 0x0000017c981ac400 'java/lang/invoke/LambdaForm$MH+0x0000017c981ac400'
Event: 2.785 Thread 0x0000017c96314960 Unloading class 0x0000017c981ac000 'java/lang/invoke/LambdaForm$BMH+0x0000017c981ac000'
Event: 2.785 Thread 0x0000017c96314960 Unloading class 0x0000017c981abc00 'java/lang/invoke/LambdaForm$DMH+0x0000017c981abc00'
Event: 2.785 Thread 0x0000017c96314960 Unloading class 0x0000017c981aa800 'java/lang/invoke/LambdaForm$DMH+0x0000017c981aa800'

Classes redefined (0 events):
No events

Internal exceptions (20 events):
Event: 3.593 Thread 0x0000017cde35e440 Exception <a 'java/lang/NoSuchMethodError'{0x00000000d5694798}: 'int java.lang.invoke.DirectMethodHandle$Holder.invokeStaticInit(java.lang.Object, double, double)'> (0x00000000d5694798) 
thrown [s\src\hotspot\share\interpreter\linkResolver.cpp, line 773]
Event: 3.593 Thread 0x0000017cde35e440 Exception <a 'java/lang/NoSuchMethodError'{0x00000000d5698bc8}: 'int java.lang.invoke.DirectMethodHandle$Holder.invokeStatic(java.lang.Object, long)'> (0x00000000d5698bc8) 
thrown [s\src\hotspot\share\interpreter\linkResolver.cpp, line 773]
Event: 3.596 Thread 0x0000017cde35e440 Exception <a 'java/lang/NoSuchMethodError'{0x00000000d56f7ac0}: 'int java.lang.invoke.Invokers$Holder.linkToTargetMethod(java.lang.Object, java.lang.Object)'> (0x00000000d56f7ac0) 
thrown [s\src\hotspot\share\interpreter\linkResolver.cpp, line 773]
Event: 3.629 Thread 0x0000017cde35e440 Exception <a 'java/lang/NoSuchMethodError'{0x00000000d5c14990}: 'java.lang.Object java.lang.invoke.DirectMethodHandle$Holder.invokeSpecialIFC(java.lang.Object, java.lang.Object, java.lang.Object, java.lang.Object)'> (0x00000000d5c14990) 
thrown [s\src\hotspot\share\interpreter\linkResolver.cpp, line 773]
Event: 3.746 Thread 0x0000017cfe12bd30 Exception <a 'java/lang/NoSuchMethodError'{0x00000000d6a12c30}: 'void java.lang.invoke.DirectMethodHandle$Holder.invokeSpecial(java.lang.Object, java.lang.Object, java.lang.Object, java.lang.Object, java.lang.Object, java.lang.Object)'> (0x00000000d6a12c30) 
thrown [s\src\hotspot\share\interpreter\linkResolver.cpp, line 773]
Event: 3.747 Thread 0x0000017cfe12bd30 Exception <a 'java/lang/IncompatibleClassChangeError'{0x00000000d6a1b000}: Found class java.lang.Object, but interface was expected> (0x00000000d6a1b000) 
thrown [s\src\hotspot\share\interpreter\linkResolver.cpp, line 840]
Event: 3.747 Thread 0x0000017cfe12bd30 Exception <a 'java/lang/IncompatibleClassChangeError'{0x00000000d6a1cdf0}: Found class java.lang.Object, but interface was expected> (0x00000000d6a1cdf0) 
thrown [s\src\hotspot\share\interpreter\linkResolver.cpp, line 840]
Event: 3.797 Thread 0x0000017cde35c370 Exception <a 'java/lang/NoSuchMethodError'{0x00000000d55956f0}: 'int java.lang.invoke.DirectMethodHandle$Holder.invokeSpecial(java.lang.Object, java.lang.Object, java.lang.Object, java.lang.Object)'> (0x00000000d55956f0) 
thrown [s\src\hotspot\share\interpreter\linkResolver.cpp, line 773]
Event: 3.798 Thread 0x0000017cde35c370 Exception <a 'java/lang/NoSuchMethodError'{0x00000000d55e33b0}: 'java.lang.Object java.lang.invoke.DirectMethodHandle$Holder.invokeStatic(java.lang.Object, int, java.lang.Object, java.lang.Object)'> (0x00000000d55e33b0) 
thrown [s\src\hotspot\share\interpreter\linkResolver.cpp, line 773]
Event: 3.799 Thread 0x0000017cde35c370 Exception <a 'java/lang/NoSuchMethodError'{0x00000000d56229b0}: 'java.lang.Object java.lang.invoke.DelegatingMethodHandle$Holder.delegate(java.lang.Object, int, java.lang.Object, java.lang.Object)'> (0x00000000d56229b0) 
thrown [s\src\hotspot\share\interpreter\linkResolver.cpp, line 773]
Event: 3.800 Thread 0x0000017cde35c370 Implicit null exception at 0x0000017c8addc876 to 0x0000017c8addcb98
Event: 3.801 Thread 0x0000017cde35c370 Exception <a 'java/lang/NoSuchMethodError'{0x00000000d56403d8}: 'int java.lang.invoke.Invokers$Holder.linkToTargetMethod(java.lang.Object, java.lang.Object, java.lang.Object)'> (0x00000000d56403d8) 
thrown [s\src\hotspot\share\interpreter\linkResolver.cpp, line 773]
Event: 3.950 Thread 0x0000017cde35e440 Exception <a 'java/lang/NoClassDefFoundError'{0x00000000d6933b88}: javax/enterprise/inject/Typed> (0x00000000d6933b88) 
thrown [s\src\hotspot\share\classfile\systemDictionary.cpp, line 301]
Event: 4.516 Thread 0x0000017cde35e440 Exception <a 'java/lang/NoSuchMethodError'{0x00000000d5ff82a8}: 'void java.lang.invoke.DirectMethodHandle$Holder.invokeStaticInit(java.lang.Object, java.lang.Object, java.lang.Object)'> (0x00000000d5ff82a8) 
thrown [s\src\hotspot\share\interpreter\linkResolver.cpp, line 773]
Event: 4.521 Thread 0x0000017cde35e440 Exception <a 'java/lang/ExceptionInInitializerError'{0x00000000d6039e00}> (0x00000000d6039e00) 
thrown [s\src\hotspot\share\oops\instanceKlass.cpp, line 1220]
Event: 4.531 Thread 0x0000017cde35e440 Exception <a 'java/lang/NoSuchMethodError'{0x00000000d60b6c90}: 'long java.lang.invoke.DirectMethodHandle$Holder.invokeStatic(java.lang.Object, java.lang.Object, int)'> (0x00000000d60b6c90) 
thrown [s\src\hotspot\share\interpreter\linkResolver.cpp, line 773]
Event: 4.534 Thread 0x0000017cde35e440 Implicit null exception at 0x0000017c8ad4827e to 0x0000017c8ad484f0
Event: 4.534 Thread 0x0000017cde35e440 Implicit null exception at 0x0000017c8acb5e9c to 0x0000017c8acb6db8
Event: 4.536 Thread 0x0000017cde35e440 Exception <a 'java/lang/NoSuchMethodError'{0x00000000d60f6a68}: 'java.lang.Object java.lang.invoke.Invokers$Holder.invokeExact_MT(java.lang.Object, int, java.lang.Object)'> (0x00000000d60f6a68) 
thrown [s\src\hotspot\share\interpreter\linkResolver.cpp, line 773]
Event: 4.742 Thread 0x0000017cde35e440 Exception <a 'java/lang/NoClassDefFoundError'{0x00000000d5847d30}: com/google/inject/servlet/ServletModuleTargetVisitor> (0x00000000d5847d30) 
thrown [s\src\hotspot\share\classfile\systemDictionary.cpp, line 301]

ZGC Phase Switch (0 events):
No events

VM Operations (20 events):
Event: 3.770 Executing VM operation: CollectForMetadataAllocation (Metadata GC Threshold)
Event: 3.796 Executing VM operation: CollectForMetadataAllocation (Metadata GC Threshold) done
Event: 3.912 Executing VM operation: HandshakeAllThreads (Deoptimize)
Event: 3.913 Executing VM operation: HandshakeAllThreads (Deoptimize) done
Event: 3.965 Executing VM operation: ParallelGCFailedAllocation (Allocation Failure)
Event: 3.967 Executing VM operation: ParallelGCFailedAllocation (Allocation Failure) done
Event: 4.157 Executing VM operation: ParallelGCFailedAllocation (Allocation Failure)
Event: 4.159 Executing VM operation: ParallelGCFailedAllocation (Allocation Failure) done
Event: 4.266 Executing VM operation: HandshakeAllThreads (Deoptimize)
Event: 4.266 Executing VM operation: HandshakeAllThreads (Deoptimize) done
Event: 4.384 Executing VM operation: ParallelGCFailedAllocation (Allocation Failure)
Event: 4.385 Executing VM operation: ParallelGCFailedAllocation (Allocation Failure) done
Event: 4.407 Executing VM operation: HandshakeAllThreads (Deoptimize)
Event: 4.407 Executing VM operation: HandshakeAllThreads (Deoptimize) done
Event: 4.561 Executing VM operation: HandshakeAllThreads (Deoptimize)
Event: 4.561 Executing VM operation: HandshakeAllThreads (Deoptimize) done
Event: 4.673 Executing VM operation: ICBufferFull
Event: 4.673 Executing VM operation: ICBufferFull done
Event: 4.697 Executing VM operation: ParallelGCFailedAllocation (Allocation Failure)
Event: 4.699 Executing VM operation: ParallelGCFailedAllocation (Allocation Failure) done

Memory protections (0 events):
No events

Nmethod flushes (20 events):
Event: 3.782 Thread 0x0000017c96314960 flushing  nmethod 0x0000017c8365bb90
Event: 3.782 Thread 0x0000017c96314960 flushing  nmethod 0x0000017c8366a210
Event: 3.782 Thread 0x0000017c96314960 flushing  nmethod 0x0000017c83677990
Event: 3.782 Thread 0x0000017c96314960 flushing  nmethod 0x0000017c836c0b10
Event: 3.782 Thread 0x0000017c96314960 flushing  nmethod 0x0000017c836ff890
Event: 3.782 Thread 0x0000017c96314960 flushing  nmethod 0x0000017c8374a190
Event: 3.782 Thread 0x0000017c96314960 flushing  nmethod 0x0000017c83776210
Event: 3.782 Thread 0x0000017c96314960 flushing  nmethod 0x0000017c837a6b10
Event: 3.782 Thread 0x0000017c96314960 flushing  nmethod 0x0000017c837a6f10
Event: 3.782 Thread 0x0000017c96314960 flushing  nmethod 0x0000017c837a7810
Event: 3.782 Thread 0x0000017c96314960 flushing  nmethod 0x0000017c837a8a10
Event: 3.782 Thread 0x0000017c96314960 flushing  nmethod 0x0000017c837a9210
Event: 3.782 Thread 0x0000017c96314960 flushing  nmethod 0x0000017c837aaf10
Event: 3.782 Thread 0x0000017c96314960 flushing  nmethod 0x0000017c837ad110
Event: 3.782 Thread 0x0000017c96314960 flushing  nmethod 0x0000017c837ad590
Event: 3.782 Thread 0x0000017c96314960 flushing  nmethod 0x0000017c837ae510
Event: 3.782 Thread 0x0000017c96314960 flushing  nmethod 0x0000017c837aed10
Event: 3.782 Thread 0x0000017c96314960 flushing  nmethod 0x0000017c837b0210
Event: 3.782 Thread 0x0000017c96314960 flushing  nmethod 0x0000017c837f7990
Event: 3.782 Thread 0x0000017c96314960 flushing  nmethod 0x0000017c83838090

Events (20 events):
Event: 3.401 Thread 0x0000017cd9353230 Thread added: 0x0000017ce06b4010
Event: 3.528 Thread 0x0000017cde35c370 Thread added: 0x0000017cde35a2a0
Event: 3.548 Thread 0x0000017cde35a2a0 Thread added: 0x0000017cde35e440
Event: 3.573 Thread 0x0000017cfe12bd30 Thread added: 0x0000017cde35d720
Event: 3.574 Thread 0x0000017cfe12bd30 Thread added: 0x0000017cde35afc0
Event: 3.574 Thread 0x0000017cfe12bd30 Thread added: 0x0000017cde35ddb0
Event: 3.574 Thread 0x0000017cfe12bd30 Thread added: 0x0000017cde35f160
Event: 3.574 Thread 0x0000017cfe12bd30 Thread added: 0x0000017cde35f7f0
Event: 3.574 Thread 0x0000017cfe12bd30 Thread added: 0x0000017cde35ead0
Event: 3.574 Thread 0x0000017cfe12bd30 Thread added: 0x0000017cde35d090
Event: 3.574 Thread 0x0000017cfe12bd30 Thread added: 0x0000017cde35fe80
Event: 3.575 Thread 0x0000017cfe12bd30 Thread added: 0x0000017cde360510
Event: 3.575 Thread 0x0000017cfe12bd30 Thread added: 0x0000017ce1b50dc0
Event: 3.575 Thread 0x0000017cfe12bd30 Thread added: 0x0000017ce1b4e660
Event: 3.575 Thread 0x0000017cfe12bd30 Thread added: 0x0000017ce1b4dfd0
Event: 3.575 Thread 0x0000017cfe12bd30 Thread added: 0x0000017ce1b51450
Event: 3.602 Thread 0x0000017cfe12bd30 Thread added: 0x0000017ce1b4f380
Event: 3.767 Thread 0x0000017cfe12bd30 Thread added: 0x0000017ce1b4fa10
Event: 3.767 Thread 0x0000017cfe12bd30 Thread added: 0x0000017ce1b500a0
Event: 3.982 Thread 0x0000017cde35a2a0 Thread added: 0x0000017ce1b50730


Dynamic libraries:
0x00007ff7b60a0000 - 0x00007ff7b60ae000 	c:\Users\Utkarsh\.vscode\extensions\redhat.java-1.46.0-win32-x64\jre\21.0.8-win32-x86_64\bin\java.exe
0x00007ffa70920000 - 0x00007ffa70b88000 	C:\WINDOWS\SYSTEM32\ntdll.dll
0x00007ffa6ff00000 - 0x00007ffa6ffc9000 	C:\WINDOWS\System32\KERNEL32.DLL
0x00007ffa6dab0000 - 0x00007ffa6dea2000 	C:\WINDOWS\System32\KERNELBASE.dll
0x00007ffa6dee0000 - 0x00007ffa6e02b000 	C:\WINDOWS\System32\ucrtbase.dll
0x00007ffa569a0000 - 0x00007ffa569b8000 	c:\Users\Utkarsh\.vscode\extensions\redhat.java-1.46.0-win32-x64\jre\21.0.8-win32-x86_64\bin\jli.dll
0x00007ffa703b0000 - 0x00007ffa70575000 	C:\WINDOWS\System32\USER32.dll
0x00007ffa6deb0000 - 0x00007ffa6ded7000 	C:\WINDOWS\System32\win32u.dll
0x00007ffa50c90000 - 0x00007ffa50f23000 	C:\WINDOWS\WinSxS\amd64_microsoft.windows.common-controls_6595b64144ccf1df_6.0.26100.6725_none_3e085828e334708b\COMCTL32.dll
0x00007ffa706e0000 - 0x00007ffa7070b000 	C:\WINDOWS\System32\GDI32.dll
0x00007ffa6fe50000 - 0x00007ffa6fef9000 	C:\WINDOWS\System32\msvcrt.dll
0x00007ffa56980000 - 0x00007ffa5699e000 	c:\Users\Utkarsh\.vscode\extensions\redhat.java-1.46.0-win32-x64\jre\21.0.8-win32-x86_64\bin\VCRUNTIME140.dll
0x00007ffa6e1b0000 - 0x00007ffa6e2dd000 	C:\WINDOWS\System32\gdi32full.dll
0x00007ffa6e640000 - 0x00007ffa6e6e3000 	C:\WINDOWS\System32\msvcp_win.dll
0x00007ffa6e950000 - 0x00007ffa6e97f000 	C:\WINDOWS\System32\IMM32.DLL
0x00007ffa66af0000 - 0x00007ffa66afc000 	c:\Users\Utkarsh\.vscode\extensions\redhat.java-1.46.0-win32-x64\jre\21.0.8-win32-x86_64\bin\vcruntime140_1.dll
0x00007ffa39c80000 - 0x00007ffa39d0d000 	c:\Users\Utkarsh\.vscode\extensions\redhat.java-1.46.0-win32-x64\jre\21.0.8-win32-x86_64\bin\msvcp140.dll
0x00007ff9f0140000 - 0x00007ff9f0ed7000 	c:\Users\Utkarsh\.vscode\extensions\redhat.java-1.46.0-win32-x64\jre\21.0.8-win32-x86_64\bin\server\jvm.dll
0x00007ffa6f630000 - 0x00007ffa6f6e4000 	C:\WINDOWS\System32\ADVAPI32.dll
0x00007ffa6e8a0000 - 0x00007ffa6e946000 	C:\WINDOWS\System32\sechost.dll
0x00007ffa6ee20000 - 0x00007ffa6ef38000 	C:\WINDOWS\System32\RPCRT4.dll
0x00007ffa70860000 - 0x00007ffa708d4000 	C:\WINDOWS\System32\WS2_32.dll
0x00007ffa6d930000 - 0x00007ffa6d98e000 	C:\WINDOWS\SYSTEM32\POWRPROF.dll
0x00007ffa62f40000 - 0x00007ffa62f75000 	C:\WINDOWS\SYSTEM32\WINMM.dll
0x00007ffa63c80000 - 0x00007ffa63c8b000 	C:\WINDOWS\SYSTEM32\VERSION.dll
0x00007ffa6d910000 - 0x00007ffa6d924000 	C:\WINDOWS\SYSTEM32\UMPDC.dll
0x00007ffa6c860000 - 0x00007ffa6c87b000 	C:\WINDOWS\SYSTEM32\kernel.appcore.dll
0x00007ffa66520000 - 0x00007ffa6652a000 	c:\Users\Utkarsh\.vscode\extensions\redhat.java-1.46.0-win32-x64\jre\21.0.8-win32-x86_64\bin\jimage.dll
0x00007ffa5f190000 - 0x00007ffa5f3d2000 	C:\WINDOWS\SYSTEM32\DBGHELP.DLL
0x00007ffa6efd0000 - 0x00007ffa6f34b000 	C:\WINDOWS\System32\combase.dll
0x00007ffa700d0000 - 0x00007ffa701a7000 	C:\WINDOWS\System32\OLEAUT32.dll
0x00007ffa4eff0000 - 0x00007ffa4f02c000 	C:\WINDOWS\SYSTEM32\dbgcore.DLL
0x00007ffa6e430000 - 0x00007ffa6e4c8000 	C:\WINDOWS\System32\bcryptPrimitives.dll
0x00007ffa6aaf0000 - 0x00007ffa6aaff000 	c:\Users\Utkarsh\.vscode\extensions\redhat.java-1.46.0-win32-x64\jre\21.0.8-win32-x86_64\bin\instrument.dll
0x00007ffa566c0000 - 0x00007ffa566df000 	c:\Users\Utkarsh\.vscode\extensions\redhat.java-1.46.0-win32-x64\jre\21.0.8-win32-x86_64\bin\java.dll
0x00007ffa6f700000 - 0x00007ffa6fe4c000 	C:\WINDOWS\System32\SHELL32.dll
0x00007ffa6e4d0000 - 0x00007ffa6e63b000 	C:\WINDOWS\System32\wintypes.dll
0x00007ffa6b6d0000 - 0x00007ffa6bf2d000 	C:\WINDOWS\SYSTEM32\windows.storage.dll
0x00007ffa6ffd0000 - 0x00007ffa700c2000 	C:\WINDOWS\System32\SHCORE.dll
0x00007ffa70340000 - 0x00007ffa703a2000 	C:\WINDOWS\System32\shlwapi.dll
0x00007ffa6d9d0000 - 0x00007ffa6d9f9000 	C:\WINDOWS\SYSTEM32\profapi.dll
0x00007ffa56080000 - 0x00007ffa56098000 	c:\Users\Utkarsh\.vscode\extensions\redhat.java-1.46.0-win32-x64\jre\21.0.8-win32-x86_64\bin\zip.dll
0x00007ffa66990000 - 0x00007ffa669a0000 	C:\Users\Utkarsh\.vscode\extensions\redhat.java-1.46.0-win32-x64\jre\21.0.8-win32-x86_64\bin\net.dll
0x00007ffa667b0000 - 0x00007ffa668cf000 	C:\WINDOWS\SYSTEM32\WINHTTP.dll
0x00007ffa6cdf0000 - 0x00007ffa6ce5b000 	C:\WINDOWS\system32\mswsock.dll
0x00007ffa55d60000 - 0x00007ffa55d76000 	C:\Users\Utkarsh\.vscode\extensions\redhat.java-1.46.0-win32-x64\jre\21.0.8-win32-x86_64\bin\nio.dll
0x00007ffa56d00000 - 0x00007ffa56d10000 	c:\Users\Utkarsh\.vscode\extensions\redhat.java-1.46.0-win32-x64\jre\21.0.8-win32-x86_64\bin\verify.dll
0x00007ffa3a720000 - 0x00007ffa3a764000 	C:\Users\Utkarsh\AppData\Roaming\Code\User\globalStorage\redhat.java\1.46.0\config_win\org.eclipse.equinox.launcher\org.eclipse.equinox.launcher.win32.win32.x86_64_1.2.1400.v20250801-0854\eclipse_11916.dll
0x00007ffa6e700000 - 0x00007ffa6e898000 	C:\WINDOWS\System32\ole32.dll
0x00007ffa6d0b0000 - 0x00007ffa6d0cb000 	C:\WINDOWS\SYSTEM32\CRYPTSP.dll
0x00007ffa6c7c0000 - 0x00007ffa6c7fb000 	C:\WINDOWS\system32\rsaenh.dll
0x00007ffa6ce90000 - 0x00007ffa6cebb000 	C:\WINDOWS\SYSTEM32\USERENV.dll
0x00007ffa6d9a0000 - 0x00007ffa6d9c6000 	C:\WINDOWS\SYSTEM32\bcrypt.dll
0x00007ffa6d0a0000 - 0x00007ffa6d0ac000 	C:\WINDOWS\SYSTEM32\CRYPTBASE.dll
0x00007ffa6c250000 - 0x00007ffa6c284000 	C:\WINDOWS\SYSTEM32\IPHLPAPI.DLL
0x00007ffa701b0000 - 0x00007ffa701ba000 	C:\WINDOWS\System32\NSI.dll
0x00007ffa31b30000 - 0x00007ffa31b79000 	C:\Users\Utkarsh\AppData\Local\Temp\jna-1551202770\jna10119790870030099605.dll
0x00007ffa6e6f0000 - 0x00007ffa6e6f8000 	C:\WINDOWS\System32\PSAPI.DLL
0x00007ffa67580000 - 0x00007ffa6759e000 	C:\WINDOWS\SYSTEM32\dhcpcsvc6.DLL
0x00007ffa67550000 - 0x00007ffa67573000 	C:\WINDOWS\SYSTEM32\dhcpcsvc.DLL

JVMTI agents:
c:\Users\Utkarsh\.vscode\extensions\redhat.java-1.46.0-win32-x64\lombok\lombok-1.18.39-4050.jar path:c:\Users\Utkarsh\.vscode\extensions\redhat.java-1.46.0-win32-x64\jre\21.0.8-win32-x86_64\bin\instrument.dll, loaded, initialized, instrumentlib options:none

dbghelp: loaded successfully - version: 4.0.5 - missing functions: none
symbol engine: initialized successfully - sym options: 0x614 - pdb path: .;c:\Users\Utkarsh\.vscode\extensions\redhat.java-1.46.0-win32-x64\jre\21.0.8-win32-x86_64\bin;C:\WINDOWS\SYSTEM32;C:\WINDOWS\WinSxS\amd64_microsoft.windows.common-controls_6595b64144ccf1df_6.0.26100.6725_none_3e085828e334708b;c:\Users\Utkarsh\.vscode\extensions\redhat.java-1.46.0-win32-x64\jre\21.0.8-win32-x86_64\bin\server;C:\Users\Utkarsh\AppData\Roaming\Code\User\globalStorage\redhat.java\1.46.0\config_win\org.eclipse.equinox.launcher\org.eclipse.equinox.launcher.win32.win32.x86_64_1.2.1400.v20250801-0854;C:\Users\Utkarsh\AppData\Local\Temp\jna-1551202770

VM Arguments:
jvm_args: --add-modules=ALL-SYSTEM --add-opens=java.base/java.util=ALL-UNNAMED --add-opens=java.base/java.lang=ALL-UNNAMED --add-opens=java.base/sun.nio.fs=ALL-UNNAMED -Declipse.application=org.eclipse.jdt.ls.core.id1 -Dosgi.bundles.defaultStartLevel=4 -Declipse.product=org.eclipse.jdt.ls.core.product -Djava.import.generatesMetadataFilesAtProjectRoot=false -DDetectVMInstallationsJob.disabled=true -Dfile.encoding=utf8 -XX:+UseParallelGC -XX:GCTimeRatio=4 -XX:AdaptiveSizePolicyWeight=90 -Dsun.zip.disableMemoryMapping=true -Xmx2G -Xms100m -Xlog:disable -javaagent:c:\Users\Utkarsh\.vscode\extensions\redhat.java-1.46.0-win32-x64\lombok\lombok-1.18.39-4050.jar -XX:+HeapDumpOnOutOfMemoryError -XX:HeapDumpPath=c:\Users\Utkarsh\AppData\Roaming\Code\User\workspaceStorage\476b35af7295efd7ee149330c3029c14\redhat.java -Daether.dependencyCollector.impl=bf 
java_command: c:\Users\Utkarsh\.vscode\extensions\redhat.java-1.46.0-win32-x64\server\plugins\org.eclipse.equinox.launcher_1.7.0.v20250519-0528.jar -configuration c:\Users\Utkarsh\AppData\Roaming\Code\User\globalStorage\redhat.java\1.46.0\config_win -data c:\Users\Utkarsh\AppData\Roaming\Code\User\workspaceStorage\476b35af7295efd7ee149330c3029c14\redhat.java\jdt_ws --pipe=\\.\pipe\lsp-609f871f9b62a6fd48744bbd8007531b-sock
java_class_path (initial): c:\Users\Utkarsh\.vscode\extensions\redhat.java-1.46.0-win32-x64\server\plugins\org.eclipse.equinox.launcher_1.7.0.v20250519-0528.jar
Launcher Type: SUN_STANDARD

[Global flags]
    uintx AdaptiveSizePolicyWeight                 = 90                                        {product} {command line}
     intx CICompilerCount                          = 4                                         {product} {ergonomic}
    uintx GCTimeRatio                              = 4                                         {product} {command line}
     bool HeapDumpOnOutOfMemoryError               = true                                   {manageable} {command line}
    ccstr HeapDumpPath                             = c:\Users\Utkarsh\AppData\Roaming\Code\User\workspaceStorage\476b35af7295efd7ee149330c3029c14\redhat.java         {manageable} {command line}
   size_t InitialHeapSize                          = 104857600                                 {product} {command line}
   size_t MaxHeapSize                              = 2147483648                                {product} {command line}
   size_t MaxNewSize                               = 715653120                                 {product} {ergonomic}
   size_t MinHeapDeltaBytes                        = 524288                                    {product} {ergonomic}
   size_t MinHeapSize                              = 104857600                                 {product} {command line}
   size_t NewSize                                  = 34603008                                  {product} {ergonomic}
    uintx NonNMethodCodeHeapSize                   = 5839372                                {pd product} {ergonomic}
    uintx NonProfiledCodeHeapSize                  = 122909434                              {pd product} {ergonomic}
   size_t OldSize                                  = 70254592                                  {product} {ergonomic}
    uintx ProfiledCodeHeapSize                     = 122909434                              {pd product} {ergonomic}
    uintx ReservedCodeCacheSize                    = 251658240                              {pd product} {ergonomic}
     bool SegmentedCodeCache                       = true                                      {product} {ergonomic}
   size_t SoftMaxHeapSize                          = 2147483648                             {manageable} {ergonomic}
     bool UseCompressedOops                        = true                           {product lp64_product} {ergonomic}
     bool UseLargePagesIndividualAllocation        = false                                  {pd product} {ergonomic}
     bool UseParallelGC                            = true                                      {product} {command line}

Logging:
Log output configuration:
 #0: stdout all=off uptime,level,tags foldmultilines=false
 #1: stderr all=off uptime,level,tags foldmultilines=false

Environment Variables:
PATH=D:\app\oracle\product\10.2.0\server\bin;C:\Program Files\Eclipse Adoptium\jdk-21.0.8.9-hotspot\bin;C:\windows\system32;C:\windows;C:\windows\System32\Wbem;C:\windows\System32\WindowsPowerShell\v1.0\;C:\windows\System32\OpenSSH\;C:\Program Files (x86)\NVIDIA Corporation\PhysX\Common;C:\WINDOWS\system32;C:\WINDOWS;C:\WINDOWS\System32\Wbem;C:\WINDOWS\System32\WindowsPowerShell\v1.0\;C:\WINDOWS\System32\OpenSSH\;C:\Program Files\Git\cmd;C:\Program Files\nodejs\;C:\Program Files\Cloudflare\Cloudflare WARP\;C:\MinGW\bin;C:\Program Files\MySQL\MySQL Shell 8.0\bin\;C:\Users\Utkarsh\AppData\Local\Microsoft\WindowsApps;C:\Users\Utkarsh\AppData\Local\Programs\Microsoft VS Code\bin;C:\Users\Utkarsh\AppData\Roaming\npm;C:\Program Files\Eclipse Adoptium\jdk-21.0.8.9-hotspot\bin;C:\Users\Utkarsh\AppData\Local\Programs\cursor\resources\app\bin;
USERNAME=Utkarsh
OS=Windows_NT
PROCESSOR_IDENTIFIER=AMD64 Family 25 Model 80 Stepping 0, AuthenticAMD
TMP=C:\Users\Utkarsh\AppData\Local\Temp
TEMP=C:\Users\Utkarsh\AppData\Local\Temp




Periodic native trim disabled

---------------  S Y S T E M  ---------------

OS:
 Windows 11 , 64 bit Build 26100 (10.0.26100.6725)
OS uptime: 2 days 5:47 hours
Hyper-V role detected

CPU: total 12 (initial active 12) (12 cores per cpu, 2 threads per core) family 25 model 80 stepping 0 microcode 0xa500011, cx8, cmov, fxsr, ht, mmx, 3dnowpref, sse, sse2, sse3, ssse3, sse4a, sse4.1, sse4.2, popcnt, lzcnt, tsc, tscinvbit, avx, avx2, aes, erms, clmul, bmi1, bmi2, adx, sha, fma, vzeroupper, clflush, clflushopt, hv, rdtscp, rdpid, fsrm, f16c, cet_ss
Processor Information for processor 0
  Max Mhz: 3301, Current Mhz: 3301, Mhz Limit: 3301
Processor Information for processor 1
  Max Mhz: 3301, Current Mhz: 3301, Mhz Limit: 3301
Processor Information for processor 2
  Max Mhz: 3301, Current Mhz: 3301, Mhz Limit: 3301
Processor Information for processor 3
  Max Mhz: 3301, Current Mhz: 3301, Mhz Limit: 3301
Processor Information for processor 4
  Max Mhz: 3301, Current Mhz: 3301, Mhz Limit: 3301
Processor Information for processor 5
  Max Mhz: 3301, Current Mhz: 3301, Mhz Limit: 3301
Processor Information for processor 6
  Max Mhz: 3301, Current Mhz: 3301, Mhz Limit: 3301
Processor Information for processor 7
  Max Mhz: 3301, Current Mhz: 3301, Mhz Limit: 3301
Processor Information for processor 8
  Max Mhz: 3301, Current Mhz: 1805, Mhz Limit: 3301
Processor Information for processor 9
  Max Mhz: 3301, Current Mhz: 3301, Mhz Limit: 3301
Processor Information for processor 10
  Max Mhz: 3301, Current Mhz: 3301, Mhz Limit: 3301
Processor Information for processor 11
  Max Mhz: 3301, Current Mhz: 3301, Mhz Limit: 3301

Memory: 4k page, system-wide physical 15710M (1328M free)
TotalPageFile size 19806M (AvailPageFile size 6M)
current process WorkingSet (physical memory assigned to process): 227M, peak: 227M
current process commit charge ("private bytes"): 352M, peak: 353M

vm_info: OpenJDK 64-Bit Server VM (21.0.8+9-LTS) for windows-amd64 JRE (21.0.8+9-LTS), built on 2025-07-15T00:00:00Z by "admin" with MS VC++ 17.7 (VS2022)

END.
