#
# There is insufficient memory for the Java Runtime Environment to continue.
# Native memory allocation (malloc) failed to allocate 1056736 bytes. Error detail: Chunk::new
# Possible reasons:
#   The system is out of physical RAM or swap space
#   This process is running with CompressedOops enabled, and the Java Heap may be blocking the growth of the native heap
# Possible solutions:
#   Reduce memory load on the system
#   Increase physical memory or swap space
#   Check if swap backing store is full
#   Decrease Java heap size (-Xmx/-Xms)
#   Decrease number of Java threads
#   Decrease Java thread stack sizes (-Xss)
#   Set larger code cache with -XX:ReservedCodeCacheSize=
#   JVM is running with Unscaled Compressed Oops mode in which the Java heap is
#     placed in the first 4GB address space. The Java Heap base address is the
#     maximum limit for the native heap growth. Please use -XX:HeapBaseMinAddress
#     to set the Java Heap base and to place the Java Heap above 4GB virtual address.
# This output file may be truncated or incomplete.
#
#  Out of Memory Error (arena.cpp:168), pid=16208, tid=10644
#
# JRE version: OpenJDK Runtime Environment Temurin-21.0.8+9 (21.0.8+9) (build 21.0.8+9-LTS)
# Java VM: OpenJDK 64-Bit Server VM Temurin-21.0.8+9 (21.0.8+9-LTS, mixed mode, sharing, tiered, compressed oops, compressed class ptrs, parallel gc, windows-amd64)
# No core dump will be written. Minidumps are not enabled by default on client versions of Windows
#

---------------  S U M M A R Y ------------

Command Line: --add-modules=ALL-SYSTEM --add-opens=java.base/java.util=ALL-UNNAMED --add-opens=java.base/java.lang=ALL-UNNAMED --add-opens=java.base/sun.nio.fs=ALL-UNNAMED -Declipse.application=org.eclipse.jdt.ls.core.id1 -Dosgi.bundles.defaultStartLevel=4 -Declipse.product=org.eclipse.jdt.ls.core.product -Djava.import.generatesMetadataFilesAtProjectRoot=false -DDetectVMInstallationsJob.disabled=true -Dfile.encoding=utf8 -XX:+UseParallelGC -XX:GCTimeRatio=4 -XX:AdaptiveSizePolicyWeight=90 -Dsun.zip.disableMemoryMapping=true -Xmx2G -Xms100m -Xlog:disable -javaagent:c:\Users\Utkarsh\.vscode\extensions\redhat.java-1.46.0-win32-x64\lombok\lombok-1.18.39-4050.jar -XX:+HeapDumpOnOutOfMemoryError -XX:HeapDumpPath=c:\Users\Utkarsh\AppData\Roaming\Code\User\workspaceStorage\476b35af7295efd7ee149330c3029c14\redhat.java -Daether.dependencyCollector.impl=bf c:\Users\Utkarsh\.vscode\extensions\redhat.java-1.46.0-win32-x64\server\plugins\org.eclipse.equinox.launcher_1.7.0.v20250519-0528.jar -configuration c:\Users\Utkarsh\AppData\Roaming\Code\User\globalStorage\redhat.java\1.46.0\config_win -data c:\Users\Utkarsh\AppData\Roaming\Code\User\workspaceStorage\476b35af7295efd7ee149330c3029c14\redhat.java\jdt_ws --pipe=\\.\pipe\lsp-cf02ca0f8b0876c68c547d6ccaeb62b8-sock

Host: AMD Ryzen 5 5600H with Radeon Graphics         , 12 cores, 15G,  Windows 11 , 64 bit Build 26100 (10.0.26100.6725)
Time: Wed Oct 15 11:24:11 2025 India Standard Time elapsed time: 10.276454 seconds (0d 0h 0m 10s)

---------------  T H R E A D  ---------------

Current thread (0x000002527eec7450):  JavaThread "C2 CompilerThread1" daemon [_thread_in_native, id=10644, stack(0x0000008ebb800000,0x0000008ebb900000) (1024K)]


Current CompileTask:
C2:10276 8886       4       org.eclipse.jdt.internal.compiler.lookup.BinaryTypeBinding::createMethod (1666 bytes)

Stack: [0x0000008ebb800000,0x0000008ebb900000]
Native frames: (J=compiled Java code, j=interpreted, Vv=VM code, C=native code)
V  [jvm.dll+0x6d2449]
V  [jvm.dll+0x8ae341]
V  [jvm.dll+0x8b08be]
V  [jvm.dll+0x8b0fa3]
V  [jvm.dll+0x280c96]
V  [jvm.dll+0xc581d]
V  [jvm.dll+0xc5d53]
V  [jvm.dll+0x2f539d]
V  [jvm.dll+0x5fa00a]
V  [jvm.dll+0x252092]
V  [jvm.dll+0x25244f]
V  [jvm.dll+0x24ad14]
V  [jvm.dll+0x2483a4]
V  [jvm.dll+0x1c89ee]
V  [jvm.dll+0x257d4d]
V  [jvm.dll+0x2562ea]
V  [jvm.dll+0x3f2d16]
V  [jvm.dll+0x857e6b]
V  [jvm.dll+0x6d0b0d]
C  [ucrtbase.dll+0x37b0]
C  [KERNEL32.DLL+0x2e8d7]
C  [ntdll.dll+0x8c53c]


---------------  P R O C E S S  ---------------

Threads class SMR info:
_java_thread_list=0x00000252027d9730, length=72, elements={
0x000002521fd5b7c0, 0x000002523654e360, 0x000002521fe01dd0, 0x000002521fe04d10,
0x000002521fe05d10, 0x000002521fe08090, 0x000002521fe12d60, 0x000002521fe1d190,
0x000002521fe1e8f0, 0x0000025278a9b430, 0x0000025278a999f0, 0x0000025278a9a080,
0x0000025278a99360, 0x0000025278a9ada0, 0x0000025278a9bac0, 0x0000025278a98640,
0x0000025278a98cd0, 0x000002527edb0450, 0x000002527edacfd0, 0x000002527edae380,
0x000002527edafdc0, 0x000002527eec7450, 0x000002527edaea10, 0x0000025201268b00,
0x000002527edb0ae0, 0x000002527edad660, 0x000002527edadcf0, 0x000002527edb1170,
0x000002527edaf730, 0x000002527edb45f0, 0x000002527edb1e90, 0x000002527edb1800,
0x000002527edb2520, 0x000002527edb2bb0, 0x000002527edb3240, 0x000002527edb38d0,
0x000002527edb3f60, 0x0000025202139b70, 0x000002520213cff0, 0x000002520213bc40,
0x000002520213a890, 0x000002520213af20, 0x000002520213a200, 0x000002520213c2d0,
0x000002520213c960, 0x000002520213d680, 0x000002520213e3a0, 0x000002520213ea30,
0x000002520213b5b0, 0x000002520213f0c0, 0x000002520213f750, 0x000002520213fde0,
0x0000025202140470, 0x0000025202140b00, 0x0000025202141190, 0x0000025202d604e0,
0x0000025202d5e410, 0x0000025202d5d060, 0x0000025202d60b70, 0x0000025202d5eaa0,
0x0000025202d5d6f0, 0x0000025202d61200, 0x0000025202d5f130, 0x0000025202d5dd80,
0x0000025202d61f20, 0x0000025202d62c40, 0x0000025202d625b0, 0x0000025202d61890,
0x0000025202d5f7c0, 0x0000025202d632d0, 0x0000025202d5fe50, 0x0000025202d63960
}

Java Threads: ( => current thread )
  0x000002521fd5b7c0 JavaThread "main"                              [_thread_blocked, id=27632, stack(0x0000008eba900000,0x0000008ebaa00000) (1024K)]
  0x000002523654e360 JavaThread "Reference Handler"          daemon [_thread_blocked, id=24200, stack(0x0000008ebad00000,0x0000008ebae00000) (1024K)]
  0x000002521fe01dd0 JavaThread "Finalizer"                  daemon [_thread_blocked, id=25856, stack(0x0000008ebae00000,0x0000008ebaf00000) (1024K)]
  0x000002521fe04d10 JavaThread "Signal Dispatcher"          daemon [_thread_blocked, id=25488, stack(0x0000008ebaf00000,0x0000008ebb000000) (1024K)]
  0x000002521fe05d10 JavaThread "Attach Listener"            daemon [_thread_blocked, id=18464, stack(0x0000008ebb000000,0x0000008ebb100000) (1024K)]
  0x000002521fe08090 JavaThread "Service Thread"             daemon [_thread_blocked, id=16936, stack(0x0000008ebb100000,0x0000008ebb200000) (1024K)]
  0x000002521fe12d60 JavaThread "Monitor Deflation Thread"   daemon [_thread_blocked, id=29160, stack(0x0000008ebb200000,0x0000008ebb300000) (1024K)]
  0x000002521fe1d190 JavaThread "C2 CompilerThread0"         daemon [_thread_blocked, id=24472, stack(0x0000008ebb300000,0x0000008ebb400000) (1024K)]
  0x000002521fe1e8f0 JavaThread "C1 CompilerThread0"         daemon [_thread_blocked, id=27780, stack(0x0000008ebb400000,0x0000008ebb500000) (1024K)]
  0x0000025278a9b430 JavaThread "Common-Cleaner"             daemon [_thread_blocked, id=19408, stack(0x0000008ebb500000,0x0000008ebb600000) (1024K)]
  0x0000025278a999f0 JavaThread "Notification Thread"        daemon [_thread_blocked, id=21744, stack(0x0000008ebb700000,0x0000008ebb800000) (1024K)]
  0x0000025278a9a080 JavaThread "Active Thread: Equinox Container: bf5c3ad4-457d-4466-ac18-0d2cbd90a0f0"        [_thread_blocked, id=12248, stack(0x0000008ebbf00000,0x0000008ebc000000) (1024K)]
  0x0000025278a99360 JavaThread "Refresh Thread: Equinox Container: bf5c3ad4-457d-4466-ac18-0d2cbd90a0f0" daemon [_thread_blocked, id=5356, stack(0x0000008ebc000000,0x0000008ebc100000) (1024K)]
  0x0000025278a9ada0 JavaThread "Framework Event Dispatcher: Equinox Container: bf5c3ad4-457d-4466-ac18-0d2cbd90a0f0" daemon [_thread_blocked, id=14328, stack(0x0000008ebc200000,0x0000008ebc300000) (1024K)]
  0x0000025278a9bac0 JavaThread "Start Level: Equinox Container: bf5c3ad4-457d-4466-ac18-0d2cbd90a0f0" daemon [_thread_blocked, id=25308, stack(0x0000008ebc300000,0x0000008ebc400000) (1024K)]
  0x0000025278a98640 JavaThread "Bundle File Closer"         daemon [_thread_blocked, id=10440, stack(0x0000008ebc600000,0x0000008ebc700000) (1024K)]
  0x0000025278a98cd0 JavaThread "SCR Component Actor"        daemon [_thread_blocked, id=16484, stack(0x0000008ebb600000,0x0000008ebb700000) (1024K)]
  0x000002527edb0450 JavaThread "Worker-JM"                         [_thread_blocked, id=18436, stack(0x0000008ebc700000,0x0000008ebc800000) (1024K)]
  0x000002527edacfd0 JavaThread "JNA Cleaner"                daemon [_thread_blocked, id=16704, stack(0x0000008ebc800000,0x0000008ebc900000) (1024K)]
  0x000002527edae380 JavaThread "Worker-0"                          [_thread_blocked, id=18476, stack(0x0000008ebc900000,0x0000008ebca00000) (1024K)]
  0x000002527edafdc0 JavaThread "Worker-1"                          [_thread_blocked, id=28856, stack(0x0000008ebca00000,0x0000008ebcb00000) (1024K)]
=>0x000002527eec7450 JavaThread "C2 CompilerThread1"         daemon [_thread_in_native, id=10644, stack(0x0000008ebb800000,0x0000008ebb900000) (1024K)]
  0x000002527edaea10 JavaThread "Java indexing"              daemon [_thread_blocked, id=23932, stack(0x0000008ebcb00000,0x0000008ebcc00000) (1024K)]
  0x0000025201268b00 JavaThread "C2 CompilerThread2"         daemon [_thread_in_native, id=12368, stack(0x0000008ebcc00000,0x0000008ebcd00000) (1024K)]
  0x000002527edb0ae0 JavaThread "Worker-2"                          [_thread_blocked, id=23940, stack(0x0000008ebcf00000,0x0000008ebd000000) (1024K)]
  0x000002527edad660 JavaThread "Worker-3"                          [_thread_blocked, id=19640, stack(0x0000008ebd000000,0x0000008ebd100000) (1024K)]
  0x000002527edadcf0 JavaThread "Thread-1"                   daemon [_thread_in_native, id=7176, stack(0x0000008ebd100000,0x0000008ebd200000) (1024K)]
  0x000002527edb1170 JavaThread "Thread-2"                   daemon [_thread_in_native, id=16436, stack(0x0000008ebd200000,0x0000008ebd300000) (1024K)]
  0x000002527edaf730 JavaThread "Thread-3"                   daemon [_thread_in_native, id=1600, stack(0x0000008ebd300000,0x0000008ebd400000) (1024K)]
  0x000002527edb45f0 JavaThread "Thread-4"                   daemon [_thread_in_native, id=3128, stack(0x0000008ebd400000,0x0000008ebd500000) (1024K)]
  0x000002527edb1e90 JavaThread "Thread-5"                   daemon [_thread_in_native, id=28988, stack(0x0000008ebd500000,0x0000008ebd600000) (1024K)]
  0x000002527edb1800 JavaThread "Thread-6"                   daemon [_thread_in_native, id=25948, stack(0x0000008ebd600000,0x0000008ebd700000) (1024K)]
  0x000002527edb2520 JavaThread "Thread-7"                   daemon [_thread_in_native, id=25868, stack(0x0000008ebd700000,0x0000008ebd800000) (1024K)]
  0x000002527edb2bb0 JavaThread "Thread-8"                   daemon [_thread_in_native, id=16696, stack(0x0000008ebd800000,0x0000008ebd900000) (1024K)]
  0x000002527edb3240 JavaThread "Thread-9"                   daemon [_thread_in_native, id=6564, stack(0x0000008ebd900000,0x0000008ebda00000) (1024K)]
  0x000002527edb38d0 JavaThread "Thread-10"                  daemon [_thread_in_native, id=5432, stack(0x0000008ebda00000,0x0000008ebdb00000) (1024K)]
  0x000002527edb3f60 JavaThread "Thread-11"                  daemon [_thread_in_native, id=17200, stack(0x0000008ebdb00000,0x0000008ebdc00000) (1024K)]
  0x0000025202139b70 JavaThread "Thread-12"                  daemon [_thread_in_native, id=16396, stack(0x0000008ebdc00000,0x0000008ebdd00000) (1024K)]
  0x000002520213cff0 JavaThread "Thread-13"                  daemon [_thread_in_native, id=13528, stack(0x0000008ebdd00000,0x0000008ebde00000) (1024K)]
  0x000002520213bc40 JavaThread "pool-2-thread-1"                   [_thread_blocked, id=1404, stack(0x0000008ebde00000,0x0000008ebdf00000) (1024K)]
  0x000002520213a890 JavaThread "WorkspaceEventsHandler"            [_thread_blocked, id=6968, stack(0x0000008ebdf00000,0x0000008ebe000000) (1024K)]
  0x000002520213af20 JavaThread "pool-1-thread-1"                   [_thread_blocked, id=23792, stack(0x0000008ebe000000,0x0000008ebe100000) (1024K)]
  0x000002520213a200 JavaThread "Worker-4"                          [_thread_blocked, id=23644, stack(0x0000008ebe100000,0x0000008ebe200000) (1024K)]
  0x000002520213c2d0 JavaThread "ForkJoinPool.commonPool-worker-1" daemon [_thread_blocked, id=22460, stack(0x0000008ebe200000,0x0000008ebe300000) (1024K)]
  0x000002520213c960 JavaThread "ForkJoinPool.commonPool-worker-2" daemon [_thread_blocked, id=16020, stack(0x0000008ebe300000,0x0000008ebe400000) (1024K)]
  0x000002520213d680 JavaThread "ForkJoinPool.commonPool-worker-3" daemon [_thread_blocked, id=13640, stack(0x0000008ebe400000,0x0000008ebe500000) (1024K)]
  0x000002520213e3a0 JavaThread "ForkJoinPool.commonPool-worker-4" daemon [_thread_blocked, id=28460, stack(0x0000008ebe500000,0x0000008ebe600000) (1024K)]
  0x000002520213ea30 JavaThread "ForkJoinPool.commonPool-worker-5" daemon [_thread_blocked, id=21916, stack(0x0000008ebe600000,0x0000008ebe700000) (1024K)]
  0x000002520213b5b0 JavaThread "LocalFile Deleter"          daemon [_thread_blocked, id=29436, stack(0x0000008ebe700000,0x0000008ebe800000) (1024K)]
  0x000002520213f0c0 JavaThread "LocalFile Deleter"          daemon [_thread_blocked, id=11512, stack(0x0000008ebe800000,0x0000008ebe900000) (1024K)]
  0x000002520213f750 JavaThread "LocalFile Deleter"          daemon [_thread_blocked, id=28368, stack(0x0000008ebe900000,0x0000008ebea00000) (1024K)]
  0x000002520213fde0 JavaThread "Compiler Source File Reader" daemon [_thread_blocked, id=15316, stack(0x0000008ebea00000,0x0000008ebeb00000) (1024K)]
  0x0000025202140470 JavaThread "Compiler Source File Reader" daemon [_thread_blocked, id=25164, stack(0x0000008ebeb00000,0x0000008ebec00000) (1024K)]
  0x0000025202140b00 JavaThread "Compiler Source File Reader" daemon [_thread_blocked, id=13784, stack(0x0000008ebec00000,0x0000008ebed00000) (1024K)]
  0x0000025202141190 JavaThread "Compiler Source File Reader" daemon [_thread_blocked, id=4868, stack(0x0000008ebed00000,0x0000008ebee00000) (1024K)]
  0x0000025202d604e0 JavaThread "Compiler Source File Reader" daemon [_thread_blocked, id=7396, stack(0x0000008ebee00000,0x0000008ebef00000) (1024K)]
  0x0000025202d5e410 JavaThread "Compiler Source File Reader" daemon [_thread_blocked, id=13544, stack(0x0000008ebef00000,0x0000008ebf000000) (1024K)]
  0x0000025202d5d060 JavaThread "Compiler Source File Reader" daemon [_thread_blocked, id=1684, stack(0x0000008ebf000000,0x0000008ebf100000) (1024K)]
  0x0000025202d60b70 JavaThread "Compiler Source File Reader" daemon [_thread_blocked, id=1612, stack(0x0000008ebf100000,0x0000008ebf200000) (1024K)]
  0x0000025202d5eaa0 JavaThread "Compiler Source File Reader" daemon [_thread_blocked, id=4552, stack(0x0000008ebf200000,0x0000008ebf300000) (1024K)]
  0x0000025202d5d6f0 JavaThread "Compiler Source File Reader" daemon [_thread_blocked, id=15304, stack(0x0000008ebf300000,0x0000008ebf400000) (1024K)]
  0x0000025202d61200 JavaThread "Compiler Processing Task"   daemon [_thread_blocked, id=25208, stack(0x0000008ebf400000,0x0000008ebf500000) (1024K)]
  0x0000025202d5f130 JavaThread "Compiler Class File Writer" daemon [_thread_blocked, id=18672, stack(0x0000008ebf500000,0x0000008ebf600000) (1024K)]
  0x0000025202d5dd80 JavaThread "Compiler Class File Writer" daemon [_thread_blocked, id=16544, stack(0x0000008ebf600000,0x0000008ebf700000) (1024K)]
  0x0000025202d61f20 JavaThread "Compiler Class File Writer" daemon [_thread_blocked, id=17488, stack(0x0000008ebf700000,0x0000008ebf800000) (1024K)]
  0x0000025202d62c40 JavaThread "Compiler Class File Writer" daemon [_thread_blocked, id=19104, stack(0x0000008ebf800000,0x0000008ebf900000) (1024K)]
  0x0000025202d625b0 JavaThread "Compiler Class File Writer" daemon [_thread_blocked, id=28464, stack(0x0000008ebf900000,0x0000008ebfa00000) (1024K)]
  0x0000025202d61890 JavaThread "Compiler Class File Writer" daemon [_thread_blocked, id=28016, stack(0x0000008ebfa00000,0x0000008ebfb00000) (1024K)]
  0x0000025202d5f7c0 JavaThread "Compiler Class File Writer" daemon [_thread_blocked, id=16116, stack(0x0000008ebfb00000,0x0000008ebfc00000) (1024K)]
  0x0000025202d632d0 JavaThread "Compiler Class File Writer" daemon [_thread_blocked, id=22568, stack(0x0000008ebfc00000,0x0000008ebfd00000) (1024K)]
  0x0000025202d5fe50 JavaThread "Compiler Class File Writer" daemon [_thread_blocked, id=24560, stack(0x0000008ebfd00000,0x0000008ebfe00000) (1024K)]
  0x0000025202d63960 JavaThread "Compiler Class File Writer" daemon [_thread_blocked, id=29516, stack(0x0000008ebfe00000,0x0000008ebff00000) (1024K)]
Total: 72

Other Threads:
  0x000002521fdff940 VMThread "VM Thread"                           [id=5280, stack(0x0000008ebac00000,0x0000008ebad00000) (1024K)]
  0x000002523642ca00 WatcherThread "VM Periodic Task Thread"        [id=24148, stack(0x0000008ebab00000,0x0000008ebac00000) (1024K)]
  0x000002521fd7aa30 WorkerThread "GC Thread#0"                     [id=5164, stack(0x0000008ebaa00000,0x0000008ebab00000) (1024K)]
  0x000002527e4060b0 WorkerThread "GC Thread#1"                     [id=14680, stack(0x0000008ebb900000,0x0000008ebba00000) (1024K)]
  0x000002527e62eee0 WorkerThread "GC Thread#2"                     [id=25936, stack(0x0000008ebba00000,0x0000008ebbb00000) (1024K)]
  0x000002527e62f280 WorkerThread "GC Thread#3"                     [id=588, stack(0x0000008ebbb00000,0x0000008ebbc00000) (1024K)]
  0x000002527e2a1280 WorkerThread "GC Thread#4"                     [id=21312, stack(0x0000008ebbc00000,0x0000008ebbd00000) (1024K)]
  0x000002527e2a1620 WorkerThread "GC Thread#5"                     [id=18236, stack(0x0000008ebbd00000,0x0000008ebbe00000) (1024K)]
  0x000002527e2a19c0 WorkerThread "GC Thread#6"                     [id=10064, stack(0x0000008ebbe00000,0x0000008ebbf00000) (1024K)]
  0x000002527e659ed0 WorkerThread "GC Thread#7"                     [id=13228, stack(0x0000008ebc100000,0x0000008ebc200000) (1024K)]
  0x000002527ec6b980 WorkerThread "GC Thread#8"                     [id=23692, stack(0x0000008ebc400000,0x0000008ebc500000) (1024K)]
  0x000002527e8ff9d0 WorkerThread "GC Thread#9"                     [id=28228, stack(0x0000008ebc500000,0x0000008ebc600000) (1024K)]
Total: 12

Threads with active compile tasks:
C2 CompilerThread1  11296 8886       4       org.eclipse.jdt.internal.compiler.lookup.BinaryTypeBinding::createMethod (1666 bytes)
C2 CompilerThread2  11296 8901   !   4       org.eclipse.jdt.internal.compiler.classfmt.ClassFileReader::<init> (1968 bytes)
Total: 2

VM state: not at safepoint (normal execution)

VM Mutex/Monitor currently owned by a thread: None

Heap address: 0x0000000080000000, size: 2048 MB, Compressed Oops mode: 32-bit

CDS archive(s) mapped at: [0x0000025237000000-0x0000025237ba0000-0x0000025237ba0000), size 12189696, SharedBaseAddress: 0x0000025237000000, ArchiveRelocationMode: 1.
Compressed class space mapped at: 0x0000025238000000-0x0000025278000000, reserved size: 1073741824
Narrow klass base: 0x0000025237000000, Narrow klass shift: 0, Narrow klass range: 0x100000000

GC Precious Log:
 CardTable entry size: 512
 CPUs: 12 total, 12 available
 Memory: 15710M
 Large Page Support: Disabled
 NUMA Support: Disabled
 Compressed Oops: Enabled (32-bit)
 Alignments: Space 512K, Generation 512K, Heap 2M
 Heap Min Capacity: 100M
 Heap Initial Capacity: 100M
 Heap Max Capacity: 2G
 Pre-touch: Disabled
 Parallel Workers: 10

Heap:
 PSYoungGen      total 10752K, used 5358K [0x00000000d5580000, 0x00000000d6480000, 0x0000000100000000)
  eden space 9216K, 46% used [0x00000000d5580000,0x00000000d59a7808,0x00000000d5e80000)
  from space 1536K, 71% used [0x00000000d6300000,0x00000000d6414000,0x00000000d6480000)
  to   space 2560K, 0% used [0x00000000d5f80000,0x00000000d5f80000,0x00000000d6200000)
 ParOldGen       total 68608K, used 50466K [0x0000000080000000, 0x0000000084300000, 0x00000000d5580000)
  object space 68608K, 73% used [0x0000000080000000,0x0000000083148970,0x0000000084300000)
 Metaspace       used 60747K, committed 62080K, reserved 1114112K
  class space    used 6478K, committed 7040K, reserved 1048576K

Card table byte_map: [0x000002521f610000,0x000002521fa20000] _byte_map_base: 0x000002521f210000

Marking Bits: (ParMarkBitMap*) 0x00007ff9f0dfa340
 Begin Bits: [0x0000025231f50000, 0x0000025233f50000)
 End Bits:   [0x0000025233f50000, 0x0000025235f50000)

Polling page: 0x000002521d8f0000

Metaspace:

Usage:
  Non-class:     53.00 MB used.
      Class:      6.33 MB used.
       Both:     59.32 MB used.

Virtual space:
  Non-class space:       64.00 MB reserved,      53.75 MB ( 84%) committed,  1 nodes.
      Class space:        1.00 GB reserved,       6.88 MB ( <1%) committed,  1 nodes.
             Both:        1.06 GB reserved,      60.62 MB (  6%) committed. 

Chunk freelists:
   Non-Class:  10.06 MB
       Class:  9.02 MB
        Both:  19.08 MB

MaxMetaspaceSize: unlimited
CompressedClassSpaceSize: 1.00 GB
Initial GC threshold: 21.00 MB
Current GC threshold: 97.31 MB
CDS: on
 - commit_granule_bytes: 65536.
 - commit_granule_words: 8192.
 - virtual_space_node_default_size: 8388608.
 - enlarge_chunks_in_place: 1.
 - use_allocation_guard: 0.


Internal statistics:

num_allocs_failed_limit: 9.
num_arena_births: 1038.
num_arena_deaths: 14.
num_vsnodes_births: 2.
num_vsnodes_deaths: 0.
num_space_committed: 970.
num_space_uncommitted: 0.
num_chunks_returned_to_freelist: 23.
num_chunks_taken_from_freelist: 3785.
num_chunk_merges: 10.
num_chunk_splits: 2394.
num_chunks_enlarged: 1446.
num_inconsistent_stats: 0.

CodeHeap 'non-profiled nmethods': size=120000Kb used=5429Kb max_used=5429Kb free=114570Kb
 bounds [0x000002522aa20000, 0x000002522af70000, 0x0000025231f50000]
CodeHeap 'profiled nmethods': size=120000Kb used=18652Kb max_used=18652Kb free=101347Kb
 bounds [0x0000025222f50000, 0x0000025224190000, 0x000002522a480000]
CodeHeap 'non-nmethods': size=5760Kb used=1431Kb max_used=1490Kb free=4328Kb
 bounds [0x000002522a480000, 0x000002522a6f0000, 0x000002522aa20000]
CodeCache: size=245760Kb, used=25512Kb, max_used=25571Kb, free=220245Kb
 total_blobs=8955, nmethods=8207, adapters=654, full_count=0
Compilation: enabled, stopped_count=0, restarted_count=0

Compilation events (20 events):
Event: 9.185 Thread 0x000002521fe1e8f0 8977       1       org.eclipse.jdt.internal.compiler.classfmt.ClassFileReader::getSuperclassName (5 bytes)
Event: 9.185 Thread 0x000002521fe1e8f0 nmethod 8977 0x000002522af5ed90 code [0x000002522af5ef20, 0x000002522af5eff0]
Event: 9.185 Thread 0x000002521fe1e8f0 8978       1       org.eclipse.jdt.internal.compiler.classfmt.ClassFileReader::getPermittedSubtypesNames (5 bytes)
Event: 9.185 Thread 0x000002521fe1e8f0 nmethod 8978 0x000002522af5f090 code [0x000002522af5f220, 0x000002522af5f2e8]
Event: 9.192 Thread 0x000002521fe1d190 nmethod 8922 0x000002522af5f390 code [0x000002522af5fe20, 0x000002522af61690]
Event: 9.192 Thread 0x000002521fe1d190 8955       4       org.eclipse.jdt.internal.compiler.parser.diagnose.DiagnoseParser::scopeTrialCheck (782 bytes)
Event: 9.200 Thread 0x0000025201268b00 nmethod 8899 0x000002522af62c90 code [0x000002522af630a0, 0x000002522af65cc8]
Event: 9.200 Thread 0x0000025201268b00 8901   !   4       org.eclipse.jdt.internal.compiler.classfmt.ClassFileReader::<init> (1968 bytes)
Event: 9.244 Thread 0x000002521fe1d190 nmethod 8955 0x000002522af66f90 code [0x000002522af672e0, 0x000002522af69620]
Event: 9.244 Thread 0x000002521fe1d190 8918       4       java.lang.Class::searchFields (43 bytes)
Event: 9.974 Thread 0x000002521fe1e8f0 8979       3       java.util.regex.Matcher::start (18 bytes)
Event: 9.974 Thread 0x000002521fe1e8f0 nmethod 8979 0x0000025224185990 code [0x0000025224185b80, 0x0000025224185f30]
Event: 9.975 Thread 0x000002521fe1e8f0 8980   !   3       java.util.concurrent.locks.LockSupport::park (47 bytes)
Event: 9.975 Thread 0x000002521fe1e8f0 nmethod 8980 0x0000025224186110 code [0x0000025224186300, 0x00000252241866f8]
Event: 9.975 Thread 0x000002521fe1e8f0 8981       3       jdk.internal.misc.Unsafe::freeMemory (18 bytes)
Event: 9.975 Thread 0x000002521fe1e8f0 nmethod 8981 0x0000025224186890 code [0x0000025224186a60, 0x0000025224186d40]
Event: 9.975 Thread 0x000002521fe1e8f0 8982       3       jdk.internal.misc.Unsafe::freeMemoryChecks (7 bytes)
Event: 9.975 Thread 0x000002521fe1e8f0 nmethod 8982 0x0000025224186e90 code [0x0000025224187040, 0x0000025224187240]
Event: 9.975 Thread 0x000002521fe1e8f0 8983       1       org.eclipse.core.internal.jobs.InternalJob::getListeners (5 bytes)
Event: 9.975 Thread 0x000002521fe1e8f0 nmethod 8983 0x000002522af6ac90 code [0x000002522af6ae20, 0x000002522af6aee8]

GC Heap History (20 events):
Event: 6.914 GC heap before
{Heap before GC invocations=36 (full 2):
 PSYoungGen      total 15360K, used 14138K [0x00000000d5580000, 0x00000000d6680000, 0x0000000100000000)
  eden space 13824K, 100% used [0x00000000d5580000,0x00000000d6300000,0x00000000d6300000)
  from space 1536K, 20% used [0x00000000d6400000,0x00000000d644eb30,0x00000000d6580000)
  to   space 1024K, 0% used [0x00000000d6580000,0x00000000d6580000,0x00000000d6680000)
 ParOldGen       total 68608K, used 43269K [0x0000000080000000, 0x0000000084300000, 0x00000000d5580000)
  object space 68608K, 63% used [0x0000000080000000,0x0000000082a41428,0x0000000084300000)
 Metaspace       used 53279K, committed 54400K, reserved 1114112K
  class space    used 5714K, committed 6208K, reserved 1048576K
}
Event: 6.915 GC heap after
{Heap after GC invocations=36 (full 2):
 PSYoungGen      total 14336K, used 464K [0x00000000d5580000, 0x00000000d6600000, 0x0000000100000000)
  eden space 13824K, 0% used [0x00000000d5580000,0x00000000d5580000,0x00000000d6300000)
  from space 512K, 90% used [0x00000000d6580000,0x00000000d65f4010,0x00000000d6600000)
  to   space 512K, 0% used [0x00000000d6500000,0x00000000d6500000,0x00000000d6580000)
 ParOldGen       total 68608K, used 43285K [0x0000000080000000, 0x0000000084300000, 0x00000000d5580000)
  object space 68608K, 63% used [0x0000000080000000,0x0000000082a45428,0x0000000084300000)
 Metaspace       used 53279K, committed 54400K, reserved 1114112K
  class space    used 5714K, committed 6208K, reserved 1048576K
}
Event: 7.049 GC heap before
{Heap before GC invocations=37 (full 2):
 PSYoungGen      total 14336K, used 14288K [0x00000000d5580000, 0x00000000d6600000, 0x0000000100000000)
  eden space 13824K, 100% used [0x00000000d5580000,0x00000000d6300000,0x00000000d6300000)
  from space 512K, 90% used [0x00000000d6580000,0x00000000d65f4010,0x00000000d6600000)
  to   space 512K, 0% used [0x00000000d6500000,0x00000000d6500000,0x00000000d6580000)
 ParOldGen       total 68608K, used 43285K [0x0000000080000000, 0x0000000084300000, 0x00000000d5580000)
  object space 68608K, 63% used [0x0000000080000000,0x0000000082a45428,0x0000000084300000)
 Metaspace       used 54853K, committed 56128K, reserved 1114112K
  class space    used 5904K, committed 6464K, reserved 1048576K
}
Event: 7.050 GC heap after
{Heap after GC invocations=37 (full 2):
 PSYoungGen      total 14336K, used 504K [0x00000000d5580000, 0x00000000d6600000, 0x0000000100000000)
  eden space 13824K, 0% used [0x00000000d5580000,0x00000000d5580000,0x00000000d6300000)
  from space 512K, 98% used [0x00000000d6500000,0x00000000d657e1d8,0x00000000d6580000)
  to   space 512K, 0% used [0x00000000d6580000,0x00000000d6580000,0x00000000d6600000)
 ParOldGen       total 68608K, used 43573K [0x0000000080000000, 0x0000000084300000, 0x00000000d5580000)
  object space 68608K, 63% used [0x0000000080000000,0x0000000082a8d438,0x0000000084300000)
 Metaspace       used 54853K, committed 56128K, reserved 1114112K
  class space    used 5904K, committed 6464K, reserved 1048576K
}
Event: 7.204 GC heap before
{Heap before GC invocations=38 (full 2):
 PSYoungGen      total 14336K, used 14328K [0x00000000d5580000, 0x00000000d6600000, 0x0000000100000000)
  eden space 13824K, 100% used [0x00000000d5580000,0x00000000d6300000,0x00000000d6300000)
  from space 512K, 98% used [0x00000000d6500000,0x00000000d657e1d8,0x00000000d6580000)
  to   space 512K, 0% used [0x00000000d6580000,0x00000000d6580000,0x00000000d6600000)
 ParOldGen       total 68608K, used 43573K [0x0000000080000000, 0x0000000084300000, 0x00000000d5580000)
  object space 68608K, 63% used [0x0000000080000000,0x0000000082a8d438,0x0000000084300000)
 Metaspace       used 56655K, committed 57920K, reserved 1114112K
  class space    used 6087K, committed 6592K, reserved 1048576K
}
Event: 7.206 GC heap after
{Heap after GC invocations=38 (full 2):
 PSYoungGen      total 14336K, used 505K [0x00000000d5580000, 0x00000000d6600000, 0x0000000100000000)
  eden space 13824K, 0% used [0x00000000d5580000,0x00000000d5580000,0x00000000d6300000)
  from space 512K, 98% used [0x00000000d6580000,0x00000000d65fe470,0x00000000d6600000)
  to   space 1536K, 0% used [0x00000000d6300000,0x00000000d6300000,0x00000000d6480000)
 ParOldGen       total 68608K, used 44234K [0x0000000080000000, 0x0000000084300000, 0x00000000d5580000)
  object space 68608K, 64% used [0x0000000080000000,0x0000000082b32a10,0x0000000084300000)
 Metaspace       used 56655K, committed 57920K, reserved 1114112K
  class space    used 6087K, committed 6592K, reserved 1048576K
}
Event: 7.417 GC heap before
{Heap before GC invocations=39 (full 2):
 PSYoungGen      total 14336K, used 14329K [0x00000000d5580000, 0x00000000d6600000, 0x0000000100000000)
  eden space 13824K, 100% used [0x00000000d5580000,0x00000000d6300000,0x00000000d6300000)
  from space 512K, 98% used [0x00000000d6580000,0x00000000d65fe470,0x00000000d6600000)
  to   space 1536K, 0% used [0x00000000d6300000,0x00000000d6300000,0x00000000d6480000)
 ParOldGen       total 68608K, used 44234K [0x0000000080000000, 0x0000000084300000, 0x00000000d5580000)
  object space 68608K, 64% used [0x0000000080000000,0x0000000082b32a10,0x0000000084300000)
 Metaspace       used 58236K, committed 59456K, reserved 1114112K
  class space    used 6252K, committed 6784K, reserved 1048576K
}
Event: 7.418 GC heap after
{Heap after GC invocations=39 (full 2):
 PSYoungGen      total 15360K, used 1514K [0x00000000d5580000, 0x00000000d6800000, 0x0000000100000000)
  eden space 13824K, 0% used [0x00000000d5580000,0x00000000d5580000,0x00000000d6300000)
  from space 1536K, 98% used [0x00000000d6300000,0x00000000d647a960,0x00000000d6480000)
  to   space 2560K, 0% used [0x00000000d6580000,0x00000000d6580000,0x00000000d6800000)
 ParOldGen       total 68608K, used 44703K [0x0000000080000000, 0x0000000084300000, 0x00000000d5580000)
  object space 68608K, 65% used [0x0000000080000000,0x0000000082ba7ef0,0x0000000084300000)
 Metaspace       used 58236K, committed 59456K, reserved 1114112K
  class space    used 6252K, committed 6784K, reserved 1048576K
}
Event: 7.454 GC heap before
{Heap before GC invocations=40 (full 2):
 PSYoungGen      total 15360K, used 5059K [0x00000000d5580000, 0x00000000d6800000, 0x0000000100000000)
  eden space 13824K, 25% used [0x00000000d5580000,0x00000000d58f6448,0x00000000d6300000)
  from space 1536K, 98% used [0x00000000d6300000,0x00000000d647a960,0x00000000d6480000)
  to   space 2560K, 0% used [0x00000000d6580000,0x00000000d6580000,0x00000000d6800000)
 ParOldGen       total 68608K, used 44703K [0x0000000080000000, 0x0000000084300000, 0x00000000d5580000)
  object space 68608K, 65% used [0x0000000080000000,0x0000000082ba7ef0,0x0000000084300000)
 Metaspace       used 58546K, committed 59776K, reserved 1114112K
  class space    used 6295K, committed 6784K, reserved 1048576K
}
Event: 7.456 GC heap after
{Heap after GC invocations=40 (full 2):
 PSYoungGen      total 14336K, used 432K [0x00000000d5580000, 0x00000000d6600000, 0x0000000100000000)
  eden space 13824K, 0% used [0x00000000d5580000,0x00000000d5580000,0x00000000d6300000)
  from space 512K, 84% used [0x00000000d6580000,0x00000000d65ec030,0x00000000d6600000)
  to   space 1024K, 0% used [0x00000000d6400000,0x00000000d6400000,0x00000000d6500000)
 ParOldGen       total 68608K, used 46105K [0x0000000080000000, 0x0000000084300000, 0x00000000d5580000)
  object space 68608K, 67% used [0x0000000080000000,0x0000000082d06720,0x0000000084300000)
 Metaspace       used 58546K, committed 59776K, reserved 1114112K
  class space    used 6295K, committed 6784K, reserved 1048576K
}
Event: 7.456 GC heap before
{Heap before GC invocations=41 (full 3):
 PSYoungGen      total 14336K, used 432K [0x00000000d5580000, 0x00000000d6600000, 0x0000000100000000)
  eden space 13824K, 0% used [0x00000000d5580000,0x00000000d5580000,0x00000000d6300000)
  from space 512K, 84% used [0x00000000d6580000,0x00000000d65ec030,0x00000000d6600000)
  to   space 1024K, 0% used [0x00000000d6400000,0x00000000d6400000,0x00000000d6500000)
 ParOldGen       total 68608K, used 46105K [0x0000000080000000, 0x0000000084300000, 0x00000000d5580000)
  object space 68608K, 67% used [0x0000000080000000,0x0000000082d06720,0x0000000084300000)
 Metaspace       used 58546K, committed 59776K, reserved 1114112K
  class space    used 6295K, committed 6784K, reserved 1048576K
}
Event: 8.504 GC heap after
{Heap after GC invocations=41 (full 3):
 PSYoungGen      total 14336K, used 0K [0x00000000d5580000, 0x00000000d6600000, 0x0000000100000000)
  eden space 13824K, 0% used [0x00000000d5580000,0x00000000d5580000,0x00000000d6300000)
  from space 512K, 0% used [0x00000000d6580000,0x00000000d6580000,0x00000000d6600000)
  to   space 1024K, 0% used [0x00000000d6400000,0x00000000d6400000,0x00000000d6500000)
 ParOldGen       total 68608K, used 40661K [0x0000000080000000, 0x0000000084300000, 0x00000000d5580000)
  object space 68608K, 59% used [0x0000000080000000,0x00000000827b5458,0x0000000084300000)
 Metaspace       used 58546K, committed 59776K, reserved 1114112K
  class space    used 6295K, committed 6784K, reserved 1048576K
}
Event: 8.744 GC heap before
{Heap before GC invocations=42 (full 3):
 PSYoungGen      total 14336K, used 13824K [0x00000000d5580000, 0x00000000d6600000, 0x0000000100000000)
  eden space 13824K, 100% used [0x00000000d5580000,0x00000000d6300000,0x00000000d6300000)
  from space 512K, 0% used [0x00000000d6580000,0x00000000d6580000,0x00000000d6600000)
  to   space 1024K, 0% used [0x00000000d6400000,0x00000000d6400000,0x00000000d6500000)
 ParOldGen       total 68608K, used 40661K [0x0000000080000000, 0x0000000084300000, 0x00000000d5580000)
  object space 68608K, 59% used [0x0000000080000000,0x00000000827b5458,0x0000000084300000)
 Metaspace       used 59599K, committed 60928K, reserved 1114112K
  class space    used 6400K, committed 6976K, reserved 1048576K
}
Event: 8.745 GC heap after
{Heap after GC invocations=42 (full 3):
 PSYoungGen      total 14848K, used 1010K [0x00000000d5580000, 0x00000000d6900000, 0x0000000100000000)
  eden space 13824K, 0% used [0x00000000d5580000,0x00000000d5580000,0x00000000d6300000)
  from space 1024K, 98% used [0x00000000d6400000,0x00000000d64fcb70,0x00000000d6500000)
  to   space 3072K, 0% used [0x00000000d6600000,0x00000000d6600000,0x00000000d6900000)
 ParOldGen       total 68608K, used 41892K [0x0000000080000000, 0x0000000084300000, 0x00000000d5580000)
  object space 68608K, 61% used [0x0000000080000000,0x00000000828e9158,0x0000000084300000)
 Metaspace       used 59599K, committed 60928K, reserved 1114112K
  class space    used 6400K, committed 6976K, reserved 1048576K
}
Event: 8.950 GC heap before
{Heap before GC invocations=43 (full 3):
 PSYoungGen      total 14848K, used 14834K [0x00000000d5580000, 0x00000000d6900000, 0x0000000100000000)
  eden space 13824K, 100% used [0x00000000d5580000,0x00000000d6300000,0x00000000d6300000)
  from space 1024K, 98% used [0x00000000d6400000,0x00000000d64fcb70,0x00000000d6500000)
  to   space 3072K, 0% used [0x00000000d6600000,0x00000000d6600000,0x00000000d6900000)
 ParOldGen       total 68608K, used 41892K [0x0000000080000000, 0x0000000084300000, 0x00000000d5580000)
  object space 68608K, 61% used [0x0000000080000000,0x00000000828e9158,0x0000000084300000)
 Metaspace       used 60205K, committed 61504K, reserved 1114112K
  class space    used 6434K, committed 6976K, reserved 1048576K
}
Event: 8.953 GC heap after
{Heap after GC invocations=43 (full 3):
 PSYoungGen      total 12288K, used 3066K [0x00000000d5580000, 0x00000000d7200000, 0x0000000100000000)
  eden space 9216K, 0% used [0x00000000d5580000,0x00000000d5580000,0x00000000d5e80000)
  from space 3072K, 99% used [0x00000000d6600000,0x00000000d68fe928,0x00000000d6900000)
  to   space 7680K, 0% used [0x00000000d5e80000,0x00000000d5e80000,0x00000000d6600000)
 ParOldGen       total 68608K, used 45463K [0x0000000080000000, 0x0000000084300000, 0x00000000d5580000)
  object space 68608K, 66% used [0x0000000080000000,0x0000000082c65f20,0x0000000084300000)
 Metaspace       used 60205K, committed 61504K, reserved 1114112K
  class space    used 6434K, committed 6976K, reserved 1048576K
}
Event: 9.017 GC heap before
{Heap before GC invocations=44 (full 3):
 PSYoungGen      total 12288K, used 12270K [0x00000000d5580000, 0x00000000d7200000, 0x0000000100000000)
  eden space 9216K, 99% used [0x00000000d5580000,0x00000000d5e7d020,0x00000000d5e80000)
  from space 3072K, 99% used [0x00000000d6600000,0x00000000d68fe928,0x00000000d6900000)
  to   space 7680K, 0% used [0x00000000d5e80000,0x00000000d5e80000,0x00000000d6600000)
 ParOldGen       total 68608K, used 45463K [0x0000000080000000, 0x0000000084300000, 0x00000000d5580000)
  object space 68608K, 66% used [0x0000000080000000,0x0000000082c65f20,0x0000000084300000)
 Metaspace       used 60402K, committed 61760K, reserved 1114112K
  class space    used 6454K, committed 7040K, reserved 1048576K
}
Event: 9.019 GC heap after
{Heap after GC invocations=44 (full 3):
 PSYoungGen      total 12800K, used 3472K [0x00000000d5580000, 0x00000000d6780000, 0x0000000100000000)
  eden space 9216K, 0% used [0x00000000d5580000,0x00000000d5580000,0x00000000d5e80000)
  from space 3584K, 96% used [0x00000000d5e80000,0x00000000d61e4240,0x00000000d6200000)
  to   space 4608K, 0% used [0x00000000d6300000,0x00000000d6300000,0x00000000d6780000)
 ParOldGen       total 68608K, used 47219K [0x0000000080000000, 0x0000000084300000, 0x00000000d5580000)
  object space 68608K, 68% used [0x0000000080000000,0x0000000082e1cf30,0x0000000084300000)
 Metaspace       used 60402K, committed 61760K, reserved 1114112K
  class space    used 6454K, committed 7040K, reserved 1048576K
}
Event: 9.127 GC heap before
{Heap before GC invocations=45 (full 3):
 PSYoungGen      total 12800K, used 12685K [0x00000000d5580000, 0x00000000d6780000, 0x0000000100000000)
  eden space 9216K, 99% used [0x00000000d5580000,0x00000000d5e7f2f8,0x00000000d5e80000)
  from space 3584K, 96% used [0x00000000d5e80000,0x00000000d61e4240,0x00000000d6200000)
  to   space 4608K, 0% used [0x00000000d6300000,0x00000000d6300000,0x00000000d6780000)
 ParOldGen       total 68608K, used 47219K [0x0000000080000000, 0x0000000084300000, 0x00000000d5580000)
  object space 68608K, 68% used [0x0000000080000000,0x0000000082e1cf30,0x0000000084300000)
 Metaspace       used 60625K, committed 61952K, reserved 1114112K
  class space    used 6475K, committed 7040K, reserved 1048576K
}
Event: 9.129 GC heap after
{Heap after GC invocations=45 (full 3):
 PSYoungGen      total 10752K, used 1104K [0x00000000d5580000, 0x00000000d6480000, 0x0000000100000000)
  eden space 9216K, 0% used [0x00000000d5580000,0x00000000d5580000,0x00000000d5e80000)
  from space 1536K, 71% used [0x00000000d6300000,0x00000000d6414000,0x00000000d6480000)
  to   space 2560K, 0% used [0x00000000d5f80000,0x00000000d5f80000,0x00000000d6200000)
 ParOldGen       total 68608K, used 50466K [0x0000000080000000, 0x0000000084300000, 0x00000000d5580000)
  object space 68608K, 73% used [0x0000000080000000,0x0000000083148970,0x0000000084300000)
 Metaspace       used 60625K, committed 61952K, reserved 1114112K
  class space    used 6475K, committed 7040K, reserved 1048576K
}

Dll operation events (10 events):
Event: 0.010 Loaded shared library c:\Users\Utkarsh\.vscode\extensions\redhat.java-1.46.0-win32-x64\jre\21.0.8-win32-x86_64\bin\java.dll
Event: 0.060 Loaded shared library c:\Users\Utkarsh\.vscode\extensions\redhat.java-1.46.0-win32-x64\jre\21.0.8-win32-x86_64\bin\zip.dll
Event: 0.075 Loaded shared library C:\Users\Utkarsh\.vscode\extensions\redhat.java-1.46.0-win32-x64\jre\21.0.8-win32-x86_64\bin\instrument.dll
Event: 0.079 Loaded shared library C:\Users\Utkarsh\.vscode\extensions\redhat.java-1.46.0-win32-x64\jre\21.0.8-win32-x86_64\bin\net.dll
Event: 0.081 Loaded shared library C:\Users\Utkarsh\.vscode\extensions\redhat.java-1.46.0-win32-x64\jre\21.0.8-win32-x86_64\bin\nio.dll
Event: 0.083 Loaded shared library C:\Users\Utkarsh\.vscode\extensions\redhat.java-1.46.0-win32-x64\jre\21.0.8-win32-x86_64\bin\zip.dll
Event: 0.098 Loaded shared library C:\Users\Utkarsh\.vscode\extensions\redhat.java-1.46.0-win32-x64\jre\21.0.8-win32-x86_64\bin\jimage.dll
Event: 0.151 Loaded shared library c:\Users\Utkarsh\.vscode\extensions\redhat.java-1.46.0-win32-x64\jre\21.0.8-win32-x86_64\bin\verify.dll
Event: 1.011 Loaded shared library C:\Users\Utkarsh\AppData\Roaming\Code\User\globalStorage\redhat.java\1.46.0\config_win\org.eclipse.equinox.launcher\org.eclipse.equinox.launcher.win32.win32.x86_64_1.2.1400.v20250801-0854\eclipse_11916.dll
Event: 2.578 Loaded shared library C:\Users\Utkarsh\AppData\Local\Temp\jna-1551202770\jna15174950328990709706.dll

Deoptimization events (20 events):
Event: 9.153 Thread 0x000002520213a200 DEOPT PACKING pc=0x0000025223d74d62 sp=0x0000008ebe1fdfd0
Event: 9.153 Thread 0x000002520213a200 DEOPT UNPACKING pc=0x000002522a4d4242 sp=0x0000008ebe1fd548 mode 0
Event: 9.155 Thread 0x000002520213a200 Uncommon trap: trap_request=0xffffffc6 fr.pc=0x000002522af35d8c relative=0x000000000000116c
Event: 9.155 Thread 0x000002520213a200 Uncommon trap: reason=bimorphic_or_optimized_type_check action=maybe_recompile pc=0x000002522af35d8c method=org.eclipse.jdt.internal.compiler.parser.Parser.consumeToken(Lorg/eclipse/jdt/internal/compiler/parser/TerminalToken;)V @ 599 c2
Event: 9.155 Thread 0x000002520213a200 DEOPT PACKING pc=0x000002522af35d8c sp=0x0000008ebe1fe460
Event: 9.155 Thread 0x000002520213a200 DEOPT UNPACKING pc=0x000002522a4d3aa2 sp=0x0000008ebe1fe440 mode 2
Event: 9.155 Thread 0x000002520213a200 Uncommon trap: trap_request=0xffffffc6 fr.pc=0x000002522af35d8c relative=0x000000000000116c
Event: 9.155 Thread 0x000002520213a200 Uncommon trap: reason=bimorphic_or_optimized_type_check action=maybe_recompile pc=0x000002522af35d8c method=org.eclipse.jdt.internal.compiler.parser.Parser.consumeToken(Lorg/eclipse/jdt/internal/compiler/parser/TerminalToken;)V @ 599 c2
Event: 9.155 Thread 0x000002520213a200 DEOPT PACKING pc=0x000002522af35d8c sp=0x0000008ebe1fe460
Event: 9.155 Thread 0x000002520213a200 DEOPT UNPACKING pc=0x000002522a4d3aa2 sp=0x0000008ebe1fe440 mode 2
Event: 9.159 Thread 0x000002520213a200 Uncommon trap: trap_request=0xffffffc6 fr.pc=0x000002522af35d8c relative=0x000000000000116c
Event: 9.159 Thread 0x000002520213a200 Uncommon trap: reason=bimorphic_or_optimized_type_check action=maybe_recompile pc=0x000002522af35d8c method=org.eclipse.jdt.internal.compiler.parser.Parser.consumeToken(Lorg/eclipse/jdt/internal/compiler/parser/TerminalToken;)V @ 599 c2
Event: 9.159 Thread 0x000002520213a200 DEOPT PACKING pc=0x000002522af35d8c sp=0x0000008ebe1fe510
Event: 9.159 Thread 0x000002520213a200 DEOPT UNPACKING pc=0x000002522a4d3aa2 sp=0x0000008ebe1fe4f0 mode 2
Event: 9.160 Thread 0x000002520213a200 Uncommon trap: trap_request=0xffffffc6 fr.pc=0x000002522af35d8c relative=0x000000000000116c
Event: 9.160 Thread 0x000002520213a200 Uncommon trap: reason=bimorphic_or_optimized_type_check action=maybe_recompile pc=0x000002522af35d8c method=org.eclipse.jdt.internal.compiler.parser.Parser.consumeToken(Lorg/eclipse/jdt/internal/compiler/parser/TerminalToken;)V @ 599 c2
Event: 9.160 Thread 0x000002520213a200 DEOPT PACKING pc=0x000002522af35d8c sp=0x0000008ebe1fe510
Event: 9.160 Thread 0x000002520213a200 DEOPT UNPACKING pc=0x000002522a4d3aa2 sp=0x0000008ebe1fe4f0 mode 2
Event: 9.170 Thread 0x000002520213a200 DEOPT PACKING pc=0x00000252240d89e0 sp=0x0000008ebe1fdf80
Event: 9.170 Thread 0x000002520213a200 DEOPT UNPACKING pc=0x000002522a4d4242 sp=0x0000008ebe1fd458 mode 0

Classes loaded (20 events):
Event: 7.187 Loading class java/util/stream/ReduceOps$4
Event: 7.187 Loading class java/util/stream/ReduceOps$4 done
Event: 7.187 Loading class java/util/stream/ReduceOps$4ReducingSink
Event: 7.187 Loading class java/util/stream/ReduceOps$4ReducingSink done
Event: 7.419 Loading class java/util/concurrent/CompletableFuture$UniApply
Event: 7.419 Loading class java/util/concurrent/CompletableFuture$UniCompletion
Event: 7.420 Loading class java/util/concurrent/CompletableFuture$UniCompletion done
Event: 7.420 Loading class java/util/concurrent/CompletableFuture$UniApply done
Event: 7.420 Loading class java/util/concurrent/CompletableFuture$UniAccept
Event: 7.420 Loading class java/util/concurrent/CompletableFuture$UniAccept done
Event: 7.420 Loading class java/util/concurrent/CompletableFuture$UniExceptionally
Event: 7.420 Loading class java/util/concurrent/CompletableFuture$UniExceptionally done
Event: 8.519 Loading class java/util/Hashtable$KeySet
Event: 8.519 Loading class java/util/Hashtable$KeySet done
Event: 8.644 Loading class java/nio/file/Files$2
Event: 8.644 Loading class java/nio/file/Files$2 done
Event: 8.653 Loading class java/util/concurrent/ArrayBlockingQueue
Event: 8.654 Loading class java/util/concurrent/ArrayBlockingQueue done
Event: 8.667 Loading class java/util/concurrent/ConcurrentHashMap$KeySpliterator
Event: 8.667 Loading class java/util/concurrent/ConcurrentHashMap$KeySpliterator done

Classes unloaded (7 events):
Event: 3.008 Thread 0x000002521fdff940 Unloading class 0x00000252381aa800 'java/lang/invoke/LambdaForm$MH+0x00000252381aa800'
Event: 3.008 Thread 0x000002521fdff940 Unloading class 0x00000252381aa400 'java/lang/invoke/LambdaForm$MH+0x00000252381aa400'
Event: 3.008 Thread 0x000002521fdff940 Unloading class 0x00000252381aa000 'java/lang/invoke/LambdaForm$MH+0x00000252381aa000'
Event: 3.008 Thread 0x000002521fdff940 Unloading class 0x00000252381a9c00 'java/lang/invoke/LambdaForm$MH+0x00000252381a9c00'
Event: 3.008 Thread 0x000002521fdff940 Unloading class 0x00000252381a9800 'java/lang/invoke/LambdaForm$BMH+0x00000252381a9800'
Event: 3.008 Thread 0x000002521fdff940 Unloading class 0x00000252381a9400 'java/lang/invoke/LambdaForm$DMH+0x00000252381a9400'
Event: 3.008 Thread 0x000002521fdff940 Unloading class 0x00000252381a8000 'java/lang/invoke/LambdaForm$DMH+0x00000252381a8000'

Classes redefined (0 events):
No events

Internal exceptions (20 events):
Event: 8.911 Thread 0x000002520213e3a0 Exception <a 'sun/nio/fs/WindowsException'{0x00000000d5d48e30}> (0x00000000d5d48e30) 
thrown [s\src\hotspot\share\prims\jni.cpp, line 520]
Event: 8.911 Thread 0x000002520213e3a0 Exception <a 'sun/nio/fs/WindowsException'{0x00000000d5d497f0}> (0x00000000d5d497f0) 
thrown [s\src\hotspot\share\prims\jni.cpp, line 520]
Event: 8.914 Thread 0x000002520213e3a0 Exception <a 'java/io/FileNotFoundException'{0x00000000d5d6b5e0}> (0x00000000d5d6b5e0) 
thrown [s\src\hotspot\share\prims\jni.cpp, line 520]
Event: 8.914 Thread 0x000002520213e3a0 Exception <a 'java/io/FileNotFoundException'{0x00000000d5d73bc8}> (0x00000000d5d73bc8) 
thrown [s\src\hotspot\share\prims\jni.cpp, line 520]
Event: 8.918 Thread 0x000002520213e3a0 Exception <a 'sun/nio/fs/WindowsException'{0x00000000d5da6e00}> (0x00000000d5da6e00) 
thrown [s\src\hotspot\share\prims\jni.cpp, line 520]
Event: 8.918 Thread 0x000002520213e3a0 Exception <a 'sun/nio/fs/WindowsException'{0x00000000d5da77c0}> (0x00000000d5da77c0) 
thrown [s\src\hotspot\share\prims\jni.cpp, line 520]
Event: 8.918 Thread 0x000002520213e3a0 Exception <a 'sun/nio/fs/WindowsException'{0x00000000d5da8b80}> (0x00000000d5da8b80) 
thrown [s\src\hotspot\share\prims\jni.cpp, line 520]
Event: 8.918 Thread 0x000002520213e3a0 Exception <a 'sun/nio/fs/WindowsException'{0x00000000d5da9290}> (0x00000000d5da9290) 
thrown [s\src\hotspot\share\prims\jni.cpp, line 520]
Event: 8.927 Thread 0x000002527edaea10 Exception <a 'sun/nio/fs/WindowsException'{0x00000000d5d70db8}> (0x00000000d5d70db8) 
thrown [s\src\hotspot\share\prims\jni.cpp, line 520]
Event: 8.944 Thread 0x000002520213a200 Exception <a 'sun/nio/fs/WindowsException'{0x00000000d6112458}> (0x00000000d6112458) 
thrown [s\src\hotspot\share\prims\jni.cpp, line 520]
Event: 8.945 Thread 0x000002520213a200 Exception <a 'sun/nio/fs/WindowsException'{0x00000000d6112b68}> (0x00000000d6112b68) 
thrown [s\src\hotspot\share\prims\jni.cpp, line 520]
Event: 8.945 Thread 0x000002520213a200 Exception <a 'sun/nio/fs/WindowsException'{0x00000000d6113a60}> (0x00000000d6113a60) 
thrown [s\src\hotspot\share\prims\jni.cpp, line 520]
Event: 8.945 Thread 0x000002520213a200 Exception <a 'sun/nio/fs/WindowsException'{0x00000000d6114170}> (0x00000000d6114170) 
thrown [s\src\hotspot\share\prims\jni.cpp, line 520]
Event: 8.945 Thread 0x000002520213a200 Exception <a 'sun/nio/fs/WindowsException'{0x00000000d6147cc0}> (0x00000000d6147cc0) 
thrown [s\src\hotspot\share\prims\jni.cpp, line 520]
Event: 8.945 Thread 0x000002520213a200 Exception <a 'sun/nio/fs/WindowsException'{0x00000000d61483d0}> (0x00000000d61483d0) 
thrown [s\src\hotspot\share\prims\jni.cpp, line 520]
Event: 8.946 Thread 0x000002520213a200 Exception <a 'sun/nio/fs/WindowsException'{0x00000000d61492a0}> (0x00000000d61492a0) 
thrown [s\src\hotspot\share\prims\jni.cpp, line 520]
Event: 8.946 Thread 0x000002520213a200 Exception <a 'sun/nio/fs/WindowsException'{0x00000000d616e898}> (0x00000000d616e898) 
thrown [s\src\hotspot\share\prims\jni.cpp, line 520]
Event: 8.976 Thread 0x000002520213a200 Exception <a 'java/lang/NoSuchMethodError'{0x00000000d594c8d0}: 'java.lang.Object java.lang.invoke.DirectMethodHandle$Holder.invokeStatic(java.lang.Object, java.lang.Object, int, java.lang.Object)'> (0x00000000d594c8d0) 
thrown [s\src\hotspot\share\interpreter\linkResolver.cpp, line 773]
Event: 8.976 Thread 0x000002520213a200 Exception <a 'java/lang/NoSuchMethodError'{0x00000000d595fdc8}: 'java.lang.Object java.lang.invoke.DirectMethodHandle$Holder.newInvokeSpecial(java.lang.Object, java.lang.Object, int)'> (0x00000000d595fdc8) 
thrown [s\src\hotspot\share\interpreter\linkResolver.cpp, line 773]
Event: 9.052 Thread 0x000002527edaea10 Exception <a 'sun/nio/fs/WindowsException'{0x00000000d56b8b60}> (0x00000000d56b8b60) 
thrown [s\src\hotspot\share\prims\jni.cpp, line 520]

ZGC Phase Switch (0 events):
No events

VM Operations (20 events):
Event: 7.191 Executing VM operation: HandshakeAllThreads (Deoptimize)
Event: 7.192 Executing VM operation: HandshakeAllThreads (Deoptimize) done
Event: 7.204 Executing VM operation: ParallelGCFailedAllocation (Allocation Failure)
Event: 7.206 Executing VM operation: ParallelGCFailedAllocation (Allocation Failure) done
Event: 7.417 Executing VM operation: ParallelGCFailedAllocation (Allocation Failure)
Event: 7.418 Executing VM operation: ParallelGCFailedAllocation (Allocation Failure) done
Event: 7.454 Executing VM operation: CollectForMetadataAllocation (Metadata GC Threshold)
Event: 8.504 Executing VM operation: CollectForMetadataAllocation (Metadata GC Threshold) done
Event: 8.744 Executing VM operation: ParallelGCFailedAllocation (Allocation Failure)
Event: 8.745 Executing VM operation: ParallelGCFailedAllocation (Allocation Failure) done
Event: 8.887 Executing VM operation: ICBufferFull
Event: 8.887 Executing VM operation: ICBufferFull done
Event: 8.924 Executing VM operation: HandshakeAllThreads (Deoptimize)
Event: 8.924 Executing VM operation: HandshakeAllThreads (Deoptimize) done
Event: 8.950 Executing VM operation: ParallelGCFailedAllocation (Allocation Failure)
Event: 8.953 Executing VM operation: ParallelGCFailedAllocation (Allocation Failure) done
Event: 9.017 Executing VM operation: ParallelGCFailedAllocation (Allocation Failure)
Event: 9.019 Executing VM operation: ParallelGCFailedAllocation (Allocation Failure) done
Event: 9.126 Executing VM operation: ParallelGCFailedAllocation (Allocation Failure)
Event: 9.129 Executing VM operation: ParallelGCFailedAllocation (Allocation Failure) done

Memory protections (0 events):
No events

Nmethod flushes (20 events):
Event: 7.478 Thread 0x000002521fdff940 flushing  nmethod 0x00000252237f0a10
Event: 7.478 Thread 0x000002521fdff940 flushing  nmethod 0x00000252237f1010
Event: 7.478 Thread 0x000002521fdff940 flushing  nmethod 0x00000252237f5890
Event: 7.478 Thread 0x000002521fdff940 flushing  nmethod 0x00000252237f7910
Event: 7.478 Thread 0x000002521fdff940 flushing  nmethod 0x0000025223800890
Event: 7.478 Thread 0x000002521fdff940 flushing  nmethod 0x0000025223818490
Event: 7.478 Thread 0x000002521fdff940 flushing  nmethod 0x0000025223818a90
Event: 7.478 Thread 0x000002521fdff940 flushing  nmethod 0x0000025223831410
Event: 7.478 Thread 0x000002521fdff940 flushing  nmethod 0x0000025223864a90
Event: 7.478 Thread 0x000002521fdff940 flushing  nmethod 0x0000025223866810
Event: 7.478 Thread 0x000002521fdff940 flushing  nmethod 0x000002522386ba10
Event: 7.478 Thread 0x000002521fdff940 flushing  nmethod 0x000002522386d310
Event: 7.478 Thread 0x000002521fdff940 flushing  nmethod 0x000002522386ee10
Event: 7.478 Thread 0x000002521fdff940 flushing  nmethod 0x0000025223879990
Event: 7.478 Thread 0x000002521fdff940 flushing  nmethod 0x000002522387a110
Event: 7.478 Thread 0x000002521fdff940 flushing  nmethod 0x000002522387a490
Event: 7.478 Thread 0x000002521fdff940 flushing  nmethod 0x000002522387a810
Event: 7.478 Thread 0x000002521fdff940 flushing  nmethod 0x000002522387be10
Event: 7.478 Thread 0x000002521fdff940 flushing  nmethod 0x00000252238abc90
Event: 7.478 Thread 0x000002521fdff940 flushing  nmethod 0x00000252238ac790

Events (20 events):
Event: 8.576 Thread 0x000002527edafdc0 Thread added: 0x0000025202140470
Event: 8.576 Thread 0x000002527edafdc0 Thread added: 0x0000025202140b00
Event: 8.576 Thread 0x000002527edafdc0 Thread added: 0x0000025202141190
Event: 8.576 Thread 0x0000025202140470 Thread added: 0x0000025202d604e0
Event: 8.576 Thread 0x0000025202140b00 Thread added: 0x0000025202d5e410
Event: 8.576 Thread 0x000002520213fde0 Thread added: 0x0000025202d5d060
Event: 8.576 Thread 0x0000025202141190 Thread added: 0x0000025202d60b70
Event: 8.577 Thread 0x0000025202d5e410 Thread added: 0x0000025202d5eaa0
Event: 8.577 Thread 0x0000025202d604e0 Thread added: 0x0000025202d5d6f0
Event: 8.654 Thread 0x000002527edafdc0 Thread added: 0x0000025202d61200
Event: 8.670 Thread 0x000002527edafdc0 Thread added: 0x0000025202d5f130
Event: 8.676 Thread 0x000002527edafdc0 Thread added: 0x0000025202d5dd80
Event: 8.676 Thread 0x000002527edafdc0 Thread added: 0x0000025202d61f20
Event: 8.676 Thread 0x000002527edafdc0 Thread added: 0x0000025202d62c40
Event: 8.716 Thread 0x000002527edafdc0 Thread added: 0x0000025202d625b0
Event: 8.739 Thread 0x000002527edafdc0 Thread added: 0x0000025202d61890
Event: 8.742 Thread 0x000002527edafdc0 Thread added: 0x0000025202d5f7c0
Event: 8.747 Thread 0x000002527edafdc0 Thread added: 0x0000025202d632d0
Event: 8.770 Thread 0x000002527edafdc0 Thread added: 0x0000025202d5fe50
Event: 8.770 Thread 0x000002527edafdc0 Thread added: 0x0000025202d63960


Dynamic libraries:
0x00007ff7b60a0000 - 0x00007ff7b60ae000 	c:\Users\Utkarsh\.vscode\extensions\redhat.java-1.46.0-win32-x64\jre\21.0.8-win32-x86_64\bin\java.exe
0x00007ffa70920000 - 0x00007ffa70b88000 	C:\WINDOWS\SYSTEM32\ntdll.dll
0x00007ffa6ff00000 - 0x00007ffa6ffc9000 	C:\WINDOWS\System32\KERNEL32.DLL
0x00007ffa6dab0000 - 0x00007ffa6dea2000 	C:\WINDOWS\System32\KERNELBASE.dll
0x00007ffa6dee0000 - 0x00007ffa6e02b000 	C:\WINDOWS\System32\ucrtbase.dll
0x00007ffa56980000 - 0x00007ffa5699e000 	c:\Users\Utkarsh\.vscode\extensions\redhat.java-1.46.0-win32-x64\jre\21.0.8-win32-x86_64\bin\VCRUNTIME140.dll
0x00007ffa569a0000 - 0x00007ffa569b8000 	c:\Users\Utkarsh\.vscode\extensions\redhat.java-1.46.0-win32-x64\jre\21.0.8-win32-x86_64\bin\jli.dll
0x00007ffa703b0000 - 0x00007ffa70575000 	C:\WINDOWS\System32\USER32.dll
0x00007ffa50c90000 - 0x00007ffa50f23000 	C:\WINDOWS\WinSxS\amd64_microsoft.windows.common-controls_6595b64144ccf1df_6.0.26100.6725_none_3e085828e334708b\COMCTL32.dll
0x00007ffa6deb0000 - 0x00007ffa6ded7000 	C:\WINDOWS\System32\win32u.dll
0x00007ffa6fe50000 - 0x00007ffa6fef9000 	C:\WINDOWS\System32\msvcrt.dll
0x00007ffa706e0000 - 0x00007ffa7070b000 	C:\WINDOWS\System32\GDI32.dll
0x00007ffa6e1b0000 - 0x00007ffa6e2dd000 	C:\WINDOWS\System32\gdi32full.dll
0x00007ffa6e640000 - 0x00007ffa6e6e3000 	C:\WINDOWS\System32\msvcp_win.dll
0x00007ffa6e950000 - 0x00007ffa6e97f000 	C:\WINDOWS\System32\IMM32.DLL
0x00007ffa66af0000 - 0x00007ffa66afc000 	c:\Users\Utkarsh\.vscode\extensions\redhat.java-1.46.0-win32-x64\jre\21.0.8-win32-x86_64\bin\vcruntime140_1.dll
0x00007ffa39c80000 - 0x00007ffa39d0d000 	c:\Users\Utkarsh\.vscode\extensions\redhat.java-1.46.0-win32-x64\jre\21.0.8-win32-x86_64\bin\msvcp140.dll
0x00007ff9f0140000 - 0x00007ff9f0ed7000 	c:\Users\Utkarsh\.vscode\extensions\redhat.java-1.46.0-win32-x64\jre\21.0.8-win32-x86_64\bin\server\jvm.dll
0x00007ffa6f630000 - 0x00007ffa6f6e4000 	C:\WINDOWS\System32\ADVAPI32.dll
0x00007ffa6e8a0000 - 0x00007ffa6e946000 	C:\WINDOWS\System32\sechost.dll
0x00007ffa6ee20000 - 0x00007ffa6ef38000 	C:\WINDOWS\System32\RPCRT4.dll
0x00007ffa70860000 - 0x00007ffa708d4000 	C:\WINDOWS\System32\WS2_32.dll
0x00007ffa6d930000 - 0x00007ffa6d98e000 	C:\WINDOWS\SYSTEM32\POWRPROF.dll
0x00007ffa63c80000 - 0x00007ffa63c8b000 	C:\WINDOWS\SYSTEM32\VERSION.dll
0x00007ffa62f40000 - 0x00007ffa62f75000 	C:\WINDOWS\SYSTEM32\WINMM.dll
0x00007ffa6d910000 - 0x00007ffa6d924000 	C:\WINDOWS\SYSTEM32\UMPDC.dll
0x00007ffa6c860000 - 0x00007ffa6c87b000 	C:\WINDOWS\SYSTEM32\kernel.appcore.dll
0x00007ffa66520000 - 0x00007ffa6652a000 	c:\Users\Utkarsh\.vscode\extensions\redhat.java-1.46.0-win32-x64\jre\21.0.8-win32-x86_64\bin\jimage.dll
0x00007ffa5f190000 - 0x00007ffa5f3d2000 	C:\WINDOWS\SYSTEM32\DBGHELP.DLL
0x00007ffa6efd0000 - 0x00007ffa6f34b000 	C:\WINDOWS\System32\combase.dll
0x00007ffa700d0000 - 0x00007ffa701a7000 	C:\WINDOWS\System32\OLEAUT32.dll
0x00007ffa4eff0000 - 0x00007ffa4f02c000 	C:\WINDOWS\SYSTEM32\dbgcore.DLL
0x00007ffa6e430000 - 0x00007ffa6e4c8000 	C:\WINDOWS\System32\bcryptPrimitives.dll
0x00007ffa6aaf0000 - 0x00007ffa6aaff000 	c:\Users\Utkarsh\.vscode\extensions\redhat.java-1.46.0-win32-x64\jre\21.0.8-win32-x86_64\bin\instrument.dll
0x00007ffa566c0000 - 0x00007ffa566df000 	c:\Users\Utkarsh\.vscode\extensions\redhat.java-1.46.0-win32-x64\jre\21.0.8-win32-x86_64\bin\java.dll
0x00007ffa6f700000 - 0x00007ffa6fe4c000 	C:\WINDOWS\System32\SHELL32.dll
0x00007ffa6e4d0000 - 0x00007ffa6e63b000 	C:\WINDOWS\System32\wintypes.dll
0x00007ffa6b6d0000 - 0x00007ffa6bf2d000 	C:\WINDOWS\SYSTEM32\windows.storage.dll
0x00007ffa6ffd0000 - 0x00007ffa700c2000 	C:\WINDOWS\System32\SHCORE.dll
0x00007ffa70340000 - 0x00007ffa703a2000 	C:\WINDOWS\System32\shlwapi.dll
0x00007ffa6d9d0000 - 0x00007ffa6d9f9000 	C:\WINDOWS\SYSTEM32\profapi.dll
0x00007ffa56080000 - 0x00007ffa56098000 	c:\Users\Utkarsh\.vscode\extensions\redhat.java-1.46.0-win32-x64\jre\21.0.8-win32-x86_64\bin\zip.dll
0x00007ffa66990000 - 0x00007ffa669a0000 	C:\Users\Utkarsh\.vscode\extensions\redhat.java-1.46.0-win32-x64\jre\21.0.8-win32-x86_64\bin\net.dll
0x00007ffa667b0000 - 0x00007ffa668cf000 	C:\WINDOWS\SYSTEM32\WINHTTP.dll
0x00007ffa6cdf0000 - 0x00007ffa6ce5b000 	C:\WINDOWS\system32\mswsock.dll
0x00007ffa55d60000 - 0x00007ffa55d76000 	C:\Users\Utkarsh\.vscode\extensions\redhat.java-1.46.0-win32-x64\jre\21.0.8-win32-x86_64\bin\nio.dll
0x00007ffa56d00000 - 0x00007ffa56d10000 	c:\Users\Utkarsh\.vscode\extensions\redhat.java-1.46.0-win32-x64\jre\21.0.8-win32-x86_64\bin\verify.dll
0x00007ffa3a720000 - 0x00007ffa3a764000 	C:\Users\Utkarsh\AppData\Roaming\Code\User\globalStorage\redhat.java\1.46.0\config_win\org.eclipse.equinox.launcher\org.eclipse.equinox.launcher.win32.win32.x86_64_1.2.1400.v20250801-0854\eclipse_11916.dll
0x00007ffa6e700000 - 0x00007ffa6e898000 	C:\WINDOWS\System32\ole32.dll
0x00007ffa6d0b0000 - 0x00007ffa6d0cb000 	C:\WINDOWS\SYSTEM32\CRYPTSP.dll
0x00007ffa6c7c0000 - 0x00007ffa6c7fb000 	C:\WINDOWS\system32\rsaenh.dll
0x00007ffa6ce90000 - 0x00007ffa6cebb000 	C:\WINDOWS\SYSTEM32\USERENV.dll
0x00007ffa6d9a0000 - 0x00007ffa6d9c6000 	C:\WINDOWS\SYSTEM32\bcrypt.dll
0x00007ffa6d0a0000 - 0x00007ffa6d0ac000 	C:\WINDOWS\SYSTEM32\CRYPTBASE.dll
0x00007ffa6c250000 - 0x00007ffa6c284000 	C:\WINDOWS\SYSTEM32\IPHLPAPI.DLL
0x00007ffa701b0000 - 0x00007ffa701ba000 	C:\WINDOWS\System32\NSI.dll
0x00007ffa31b30000 - 0x00007ffa31b79000 	C:\Users\Utkarsh\AppData\Local\Temp\jna-1551202770\jna15174950328990709706.dll
0x00007ffa6e6f0000 - 0x00007ffa6e6f8000 	C:\WINDOWS\System32\PSAPI.DLL
0x00007ffa67580000 - 0x00007ffa6759e000 	C:\WINDOWS\SYSTEM32\dhcpcsvc6.DLL
0x00007ffa67550000 - 0x00007ffa67573000 	C:\WINDOWS\SYSTEM32\dhcpcsvc.DLL

JVMTI agents:
c:\Users\Utkarsh\.vscode\extensions\redhat.java-1.46.0-win32-x64\lombok\lombok-1.18.39-4050.jar path:c:\Users\Utkarsh\.vscode\extensions\redhat.java-1.46.0-win32-x64\jre\21.0.8-win32-x86_64\bin\instrument.dll, loaded, initialized, instrumentlib options:none

dbghelp: loaded successfully - version: 4.0.5 - missing functions: none
symbol engine: initialized successfully - sym options: 0x614 - pdb path: .;c:\Users\Utkarsh\.vscode\extensions\redhat.java-1.46.0-win32-x64\jre\21.0.8-win32-x86_64\bin;C:\WINDOWS\SYSTEM32;C:\WINDOWS\WinSxS\amd64_microsoft.windows.common-controls_6595b64144ccf1df_6.0.26100.6725_none_3e085828e334708b;c:\Users\Utkarsh\.vscode\extensions\redhat.java-1.46.0-win32-x64\jre\21.0.8-win32-x86_64\bin\server;C:\Users\Utkarsh\AppData\Roaming\Code\User\globalStorage\redhat.java\1.46.0\config_win\org.eclipse.equinox.launcher\org.eclipse.equinox.launcher.win32.win32.x86_64_1.2.1400.v20250801-0854;C:\Users\Utkarsh\AppData\Local\Temp\jna-1551202770

VM Arguments:
jvm_args: --add-modules=ALL-SYSTEM --add-opens=java.base/java.util=ALL-UNNAMED --add-opens=java.base/java.lang=ALL-UNNAMED --add-opens=java.base/sun.nio.fs=ALL-UNNAMED -Declipse.application=org.eclipse.jdt.ls.core.id1 -Dosgi.bundles.defaultStartLevel=4 -Declipse.product=org.eclipse.jdt.ls.core.product -Djava.import.generatesMetadataFilesAtProjectRoot=false -DDetectVMInstallationsJob.disabled=true -Dfile.encoding=utf8 -XX:+UseParallelGC -XX:GCTimeRatio=4 -XX:AdaptiveSizePolicyWeight=90 -Dsun.zip.disableMemoryMapping=true -Xmx2G -Xms100m -Xlog:disable -javaagent:c:\Users\Utkarsh\.vscode\extensions\redhat.java-1.46.0-win32-x64\lombok\lombok-1.18.39-4050.jar -XX:+HeapDumpOnOutOfMemoryError -XX:HeapDumpPath=c:\Users\Utkarsh\AppData\Roaming\Code\User\workspaceStorage\476b35af7295efd7ee149330c3029c14\redhat.java -Daether.dependencyCollector.impl=bf 
java_command: c:\Users\Utkarsh\.vscode\extensions\redhat.java-1.46.0-win32-x64\server\plugins\org.eclipse.equinox.launcher_1.7.0.v20250519-0528.jar -configuration c:\Users\Utkarsh\AppData\Roaming\Code\User\globalStorage\redhat.java\1.46.0\config_win -data c:\Users\Utkarsh\AppData\Roaming\Code\User\workspaceStorage\476b35af7295efd7ee149330c3029c14\redhat.java\jdt_ws --pipe=\\.\pipe\lsp-cf02ca0f8b0876c68c547d6ccaeb62b8-sock
java_class_path (initial): c:\Users\Utkarsh\.vscode\extensions\redhat.java-1.46.0-win32-x64\server\plugins\org.eclipse.equinox.launcher_1.7.0.v20250519-0528.jar
Launcher Type: SUN_STANDARD

[Global flags]
    uintx AdaptiveSizePolicyWeight                 = 90                                        {product} {command line}
     intx CICompilerCount                          = 4                                         {product} {ergonomic}
    uintx GCTimeRatio                              = 4                                         {product} {command line}
     bool HeapDumpOnOutOfMemoryError               = true                                   {manageable} {command line}
    ccstr HeapDumpPath                             = c:\Users\Utkarsh\AppData\Roaming\Code\User\workspaceStorage\476b35af7295efd7ee149330c3029c14\redhat.java         {manageable} {command line}
   size_t InitialHeapSize                          = 104857600                                 {product} {command line}
   size_t MaxHeapSize                              = 2147483648                                {product} {command line}
   size_t MaxNewSize                               = 715653120                                 {product} {ergonomic}
   size_t MinHeapDeltaBytes                        = 524288                                    {product} {ergonomic}
   size_t MinHeapSize                              = 104857600                                 {product} {command line}
   size_t NewSize                                  = 34603008                                  {product} {ergonomic}
    uintx NonNMethodCodeHeapSize                   = 5839372                                {pd product} {ergonomic}
    uintx NonProfiledCodeHeapSize                  = 122909434                              {pd product} {ergonomic}
   size_t OldSize                                  = 70254592                                  {product} {ergonomic}
    uintx ProfiledCodeHeapSize                     = 122909434                              {pd product} {ergonomic}
    uintx ReservedCodeCacheSize                    = 251658240                              {pd product} {ergonomic}
     bool SegmentedCodeCache                       = true                                      {product} {ergonomic}
   size_t SoftMaxHeapSize                          = 2147483648                             {manageable} {ergonomic}
     bool UseCompressedOops                        = true                           {product lp64_product} {ergonomic}
     bool UseLargePagesIndividualAllocation        = false                                  {pd product} {ergonomic}
     bool UseParallelGC                            = true                                      {product} {command line}

Logging:
Log output configuration:
 #0: stdout all=off uptime,level,tags foldmultilines=false
 #1: stderr all=off uptime,level,tags foldmultilines=false

Environment Variables:
PATH=D:\app\oracle\product\10.2.0\server\bin;C:\Program Files\Eclipse Adoptium\jdk-21.0.8.9-hotspot\bin;C:\windows\system32;C:\windows;C:\windows\System32\Wbem;C:\windows\System32\WindowsPowerShell\v1.0\;C:\windows\System32\OpenSSH\;C:\Program Files (x86)\NVIDIA Corporation\PhysX\Common;C:\WINDOWS\system32;C:\WINDOWS;C:\WINDOWS\System32\Wbem;C:\WINDOWS\System32\WindowsPowerShell\v1.0\;C:\WINDOWS\System32\OpenSSH\;C:\Program Files\Git\cmd;C:\Program Files\nodejs\;C:\Program Files\Cloudflare\Cloudflare WARP\;C:\MinGW\bin;C:\Program Files\MySQL\MySQL Shell 8.0\bin\;C:\Users\Utkarsh\AppData\Local\Microsoft\WindowsApps;C:\Users\Utkarsh\AppData\Local\Programs\Microsoft VS Code\bin;C:\Users\Utkarsh\AppData\Roaming\npm;C:\Program Files\Eclipse Adoptium\jdk-21.0.8.9-hotspot\bin;C:\Users\Utkarsh\AppData\Local\Programs\cursor\resources\app\bin;
USERNAME=Utkarsh
OS=Windows_NT
PROCESSOR_IDENTIFIER=AMD64 Family 25 Model 80 Stepping 0, AuthenticAMD
TMP=C:\Users\Utkarsh\AppData\Local\Temp
TEMP=C:\Users\Utkarsh\AppData\Local\Temp




Periodic native trim disabled

---------------  S Y S T E M  ---------------

OS:
 Windows 11 , 64 bit Build 26100 (10.0.26100.6725)
OS uptime: 2 days 5:47 hours
Hyper-V role detected

CPU: total 12 (initial active 12) (12 cores per cpu, 2 threads per core) family 25 model 80 stepping 0 microcode 0xa500011, cx8, cmov, fxsr, ht, mmx, 3dnowpref, sse, sse2, sse3, ssse3, sse4a, sse4.1, sse4.2, popcnt, lzcnt, tsc, tscinvbit, avx, avx2, aes, erms, clmul, bmi1, bmi2, adx, sha, fma, vzeroupper, clflush, clflushopt, hv, rdtscp, rdpid, fsrm, f16c, cet_ss
Processor Information for processor 0
  Max Mhz: 3301, Current Mhz: 3301, Mhz Limit: 3301
Processor Information for processor 1
  Max Mhz: 3301, Current Mhz: 3301, Mhz Limit: 3301
Processor Information for processor 2
  Max Mhz: 3301, Current Mhz: 3301, Mhz Limit: 3301
Processor Information for processor 3
  Max Mhz: 3301, Current Mhz: 3301, Mhz Limit: 3301
Processor Information for processor 4
  Max Mhz: 3301, Current Mhz: 3301, Mhz Limit: 3301
Processor Information for processor 5
  Max Mhz: 3301, Current Mhz: 1805, Mhz Limit: 3301
Processor Information for processor 6
  Max Mhz: 3301, Current Mhz: 3301, Mhz Limit: 3301
Processor Information for processor 7
  Max Mhz: 3301, Current Mhz: 3301, Mhz Limit: 3301
Processor Information for processor 8
  Max Mhz: 3301, Current Mhz: 3301, Mhz Limit: 3301
Processor Information for processor 9
  Max Mhz: 3301, Current Mhz: 1805, Mhz Limit: 3301
Processor Information for processor 10
  Max Mhz: 3301, Current Mhz: 3301, Mhz Limit: 3301
Processor Information for processor 11
  Max Mhz: 3301, Current Mhz: 1805, Mhz Limit: 3301

Memory: 4k page, system-wide physical 15710M (1242M free)
TotalPageFile size 19806M (AvailPageFile size 7M)
current process WorkingSet (physical memory assigned to process): 301M, peak: 301M
current process commit charge ("private bytes"): 395M, peak: 405M

vm_info: OpenJDK 64-Bit Server VM (21.0.8+9-LTS) for windows-amd64 JRE (21.0.8+9-LTS), built on 2025-07-15T00:00:00Z by "admin" with MS VC++ 17.7 (VS2022)

END.
