#
# There is insufficient memory for the Java Runtime Environment to continue.
# Native memory allocation (malloc) failed to allocate 1048576 bytes. Error detail: AllocateHeap
# Possible reasons:
#   The system is out of physical RAM or swap space
#   This process is running with CompressedOops enabled, and the Java Heap may be blocking the growth of the native heap
# Possible solutions:
#   Reduce memory load on the system
#   Increase physical memory or swap space
#   Check if swap backing store is full
#   Decrease Java heap size (-Xmx/-Xms)
#   Decrease number of Java threads
#   Decrease Java thread stack sizes (-Xss)
#   Set larger code cache with -XX:ReservedCodeCacheSize=
#   JVM is running with Unscaled Compressed Oops mode in which the Java heap is
#     placed in the first 4GB address space. The Java Heap base address is the
#     maximum limit for the native heap growth. Please use -XX:HeapBaseMinAddress
#     to set the Java Heap base and to place the Java Heap above 4GB virtual address.
# This output file may be truncated or incomplete.
#
#  Out of Memory Error (allocation.cpp:44), pid=27448, tid=9876
#
# JRE version:  (21.0.8+9) (build )
# Java VM: OpenJDK 64-Bit Server VM (21.0.8+9-LTS, mixed mode, tiered, compressed oops, compressed class ptrs, parallel gc, windows-amd64)
# No core dump will be written. Minidumps are not enabled by default on client versions of Windows
#

---------------  S U M M A R Y ------------

Command Line: --add-modules=ALL-SYSTEM --add-opens=java.base/java.util=ALL-UNNAMED --add-opens=java.base/java.lang=ALL-UNNAMED --add-opens=java.base/sun.nio.fs=ALL-UNNAMED -Declipse.application=org.eclipse.jdt.ls.core.id1 -Dosgi.bundles.defaultStartLevel=4 -Declipse.product=org.eclipse.jdt.ls.core.product -Djava.import.generatesMetadataFilesAtProjectRoot=false -DDetectVMInstallationsJob.disabled=true -Dfile.encoding=utf8 -XX:+UseParallelGC -XX:GCTimeRatio=4 -XX:AdaptiveSizePolicyWeight=90 -Dsun.zip.disableMemoryMapping=true -Xmx2G -Xms100m -Xlog:disable -javaagent:c:\Users\Utkarsh\.vscode\extensions\redhat.java-1.46.0-win32-x64\lombok\lombok-1.18.39-4050.jar -XX:+HeapDumpOnOutOfMemoryError -XX:HeapDumpPath=c:\Users\Utkarsh\AppData\Roaming\Code\User\workspaceStorage\476b35af7295efd7ee149330c3029c14\redhat.java -Daether.dependencyCollector.impl=bf c:\Users\Utkarsh\.vscode\extensions\redhat.java-1.46.0-win32-x64\server\plugins\org.eclipse.equinox.launcher_1.7.0.v20250519-0528.jar -configuration c:\Users\Utkarsh\AppData\Roaming\Code\User\globalStorage\redhat.java\1.46.0\config_win -data c:\Users\Utkarsh\AppData\Roaming\Code\User\workspaceStorage\476b35af7295efd7ee149330c3029c14\redhat.java\jdt_ws --pipe=\\.\pipe\lsp-8d0beffebeb4ae8a5ccd7b00ce8d3bbf-sock

Host: AMD Ryzen 5 5600H with Radeon Graphics         , 12 cores, 15G,  Windows 11 , 64 bit Build 26100 (10.0.26100.6725)
Time: Wed Oct 15 11:33:46 2025 India Standard Time elapsed time: 6.094886 seconds (0d 0h 0m 6s)

---------------  T H R E A D  ---------------

Current thread (0x000001aafcc1bf40):  JavaThread "Unknown thread" [_thread_in_vm, id=9876, stack(0x0000006342900000,0x0000006342a00000) (1024K)]

Stack: [0x0000006342900000,0x0000006342a00000]
Native frames: (J=compiled Java code, j=interpreted, Vv=VM code, C=native code)
V  [jvm.dll+0x6d2449]
V  [jvm.dll+0x8ae341]
V  [jvm.dll+0x8b08be]
V  [jvm.dll+0x8b0fa3]
V  [jvm.dll+0x280c96]
V  [jvm.dll+0xc0347]
V  [jvm.dll+0x706372]
V  [jvm.dll+0x7070ac]
V  [jvm.dll+0x6e0f43]
V  [jvm.dll+0x877c7c]
V  [jvm.dll+0x3becec]
V  [jvm.dll+0x8606d8]
V  [jvm.dll+0x4530ee]
V  [jvm.dll+0x454d31]
C  [jli.dll+0x5278]
C  [ucrtbase.dll+0x37b0]
C  [KERNEL32.DLL+0x2e8d7]
C  [ntdll.dll+0x8c53c]


---------------  P R O C E S S  ---------------

Threads class SMR info:
_java_thread_list=0x000001aafcc45980, length=1, elements={
0x000001aafcc1bf40
}

Java Threads: ( => current thread )
=>0x000001aafcc1bf40 JavaThread "Unknown thread"             [_thread_in_vm, id=9876, stack(0x0000006342900000,0x0000006342a00000) (1024K)]
Total: 1

Other Threads:
  0x000001aa9378ca00 WatcherThread "VM Periodic Task Thread"        [id=24580, stack(0x0000006342b00000,0x0000006342c00000) (1024K)]
  0x000001aafcc3a1a0 WorkerThread "GC Thread#0"                     [id=16768, stack(0x0000006342a00000,0x0000006342b00000) (1024K)]
Total: 2

Threads with active compile tasks:
Total: 0

VM state: not at safepoint (normal execution)

VM Mutex/Monitor currently owned by a thread: None

Heap address: 0x0000000080000000, size: 2048 MB, Compressed Oops mode: 32-bit

CDS archive(s) not mapped
Compressed class space mapped at: 0x0000000100000000-0x0000000140000000, reserved size: 1073741824
Narrow klass base: 0x0000000000000000, Narrow klass shift: 3, Narrow klass range: 0x140000000

GC Precious Log:
 CardTable entry size: 512
 CPUs: 12 total, 12 available
 Memory: 15710M
 Large Page Support: Disabled
 NUMA Support: Disabled
 Compressed Oops: Enabled (32-bit)
 Alignments: Space 512K, Generation 512K, Heap 2M
 Heap Min Capacity: 100M
 Heap Initial Capacity: 100M
 Heap Max Capacity: 2G
 Pre-touch: Disabled
 Parallel Workers: 10

Heap:
 PSYoungGen      total 29696K, used 512K [0x00000000d5580000, 0x00000000d7680000, 0x0000000100000000)
  eden space 25600K, 2% used [0x00000000d5580000,0x00000000d5600070,0x00000000d6e80000)
  from space 4096K, 0% used [0x00000000d7280000,0x00000000d7280000,0x00000000d7680000)
  to   space 4096K, 0% used [0x00000000d6e80000,0x00000000d6e80000,0x00000000d7280000)
 ParOldGen       total 68608K, used 0K [0x0000000080000000, 0x0000000084300000, 0x00000000d5580000)
  object space 68608K, 0% used [0x0000000080000000,0x0000000080000000,0x0000000084300000)
 Metaspace       used 1396K, committed 1472K, reserved 1114112K
  class space    used 112K, committed 128K, reserved 1048576K

Card table byte_map: [0x000001aafc5c0000,0x000001aafc9d0000] _byte_map_base: 0x000001aafc1c0000

Marking Bits: (ParMarkBitMap*) 0x00007ff9f0dfa340
 Begin Bits: [0x000001aa8f2b0000, 0x000001aa912b0000)
 End Bits:   [0x000001aa912b0000, 0x000001aa932b0000)

Polling page: 0x000001aafaca0000

Metaspace:

Usage:
  Non-class:      1.25 MB used.
      Class:    112.47 KB used.
       Both:      1.36 MB used.

Virtual space:
  Non-class space:       64.00 MB reserved,       1.31 MB (  2%) committed,  1 nodes.
      Class space:        1.00 GB reserved,     128.00 KB ( <1%) committed,  1 nodes.
             Both:        1.06 GB reserved,       1.44 MB ( <1%) committed. 

Chunk freelists:
   Non-Class:  12.00 MB
       Class:  15.75 MB
        Both:  27.75 MB

MaxMetaspaceSize: unlimited
CompressedClassSpaceSize: 1.00 GB
Initial GC threshold: 21.00 MB
Current GC threshold: 17179869184.00 GB
CDS: off
 - commit_granule_bytes: 65536.
 - commit_granule_words: 8192.
 - virtual_space_node_default_size: 8388608.
 - enlarge_chunks_in_place: 1.
 - use_allocation_guard: 0.


Internal statistics:

num_allocs_failed_limit: 0.
num_arena_births: 2.
num_arena_deaths: 0.
num_vsnodes_births: 2.
num_vsnodes_deaths: 0.
num_space_committed: 23.
num_space_uncommitted: 0.
num_chunks_returned_to_freelist: 0.
num_chunks_taken_from_freelist: 3.
num_chunk_merges: 0.
num_chunk_splits: 2.
num_chunks_enlarged: 0.
num_inconsistent_stats: 0.

CodeHeap 'non-profiled nmethods': size=120000Kb used=0Kb max_used=0Kb free=120000Kb
 bounds [0x000001aa87ad0000, 0x000001aa87d40000, 0x000001aa8f000000]
CodeHeap 'profiled nmethods': size=120000Kb used=0Kb max_used=0Kb free=120000Kb
 bounds [0x000001aa80000000, 0x000001aa80270000, 0x000001aa87530000]
CodeHeap 'non-nmethods': size=5760Kb used=194Kb max_used=342Kb free=5565Kb
 bounds [0x000001aa87530000, 0x000001aa877a0000, 0x000001aa87ad0000]
CodeCache: size=245760Kb, used=194Kb, max_used=342Kb, free=245565Kb
 total_blobs=70, nmethods=0, adapters=48, full_count=0
Compilation: enabled, stopped_count=0, restarted_count=0

Compilation events (0 events):
No events

GC Heap History (0 events):
No events

Dll operation events (2 events):
Event: 0.010 Loaded shared library c:\Users\Utkarsh\.vscode\extensions\redhat.java-1.46.0-win32-x64\jre\21.0.8-win32-x86_64\bin\java.dll
Event: 4.048 Loaded shared library c:\Users\Utkarsh\.vscode\extensions\redhat.java-1.46.0-win32-x64\jre\21.0.8-win32-x86_64\bin\zip.dll

Deoptimization events (0 events):
No events

Classes loaded (20 events):
Event: 5.089 Loading class java/util/Iterator
Event: 5.089 Loading class java/util/Iterator done
Event: 5.089 Loading class java/lang/reflect/RecordComponent
Event: 5.089 Loading class java/lang/reflect/RecordComponent done
Event: 5.089 Loading class jdk/internal/vm/vector/VectorSupport
Event: 5.090 Loading class jdk/internal/vm/vector/VectorSupport done
Event: 5.090 Loading class jdk/internal/vm/vector/VectorSupport$VectorPayload
Event: 5.090 Loading class jdk/internal/vm/vector/VectorSupport$VectorPayload done
Event: 5.090 Loading class jdk/internal/vm/vector/VectorSupport$Vector
Event: 5.090 Loading class jdk/internal/vm/vector/VectorSupport$Vector done
Event: 5.090 Loading class jdk/internal/vm/vector/VectorSupport$VectorMask
Event: 5.090 Loading class jdk/internal/vm/vector/VectorSupport$VectorMask done
Event: 5.090 Loading class jdk/internal/vm/vector/VectorSupport$VectorShuffle
Event: 5.090 Loading class jdk/internal/vm/vector/VectorSupport$VectorShuffle done
Event: 5.090 Loading class jdk/internal/vm/FillerObject
Event: 5.090 Loading class jdk/internal/vm/FillerObject done
Event: 5.092 Loading class java/lang/NullPointerException
Event: 5.092 Loading class java/lang/NullPointerException done
Event: 5.092 Loading class java/lang/ArithmeticException
Event: 5.092 Loading class java/lang/ArithmeticException done

Classes unloaded (0 events):
No events

Classes redefined (0 events):
No events

Internal exceptions (0 events):
No events

ZGC Phase Switch (0 events):
No events

VM Operations (0 events):
No events

Memory protections (0 events):
No events

Nmethod flushes (0 events):
No events

Events (1 events):
Event: 4.016 Thread 0x000001aafcc1bf40 Thread added: 0x000001aafcc1bf40


Dynamic libraries:
0x00007ff634380000 - 0x00007ff63438e000 	c:\Users\Utkarsh\.vscode\extensions\redhat.java-1.46.0-win32-x64\jre\21.0.8-win32-x86_64\bin\java.exe
0x00007ffa70920000 - 0x00007ffa70b88000 	C:\WINDOWS\SYSTEM32\ntdll.dll
0x00007ffa6ff00000 - 0x00007ffa6ffc9000 	C:\WINDOWS\System32\KERNEL32.DLL
0x00007ffa6dab0000 - 0x00007ffa6dea2000 	C:\WINDOWS\System32\KERNELBASE.dll
0x00007ffa6dee0000 - 0x00007ffa6e02b000 	C:\WINDOWS\System32\ucrtbase.dll
0x00007ffa56970000 - 0x00007ffa5698e000 	c:\Users\Utkarsh\.vscode\extensions\redhat.java-1.46.0-win32-x64\jre\21.0.8-win32-x86_64\bin\VCRUNTIME140.dll
0x00007ffa566c0000 - 0x00007ffa566d8000 	c:\Users\Utkarsh\.vscode\extensions\redhat.java-1.46.0-win32-x64\jre\21.0.8-win32-x86_64\bin\jli.dll
0x00007ffa703b0000 - 0x00007ffa70575000 	C:\WINDOWS\System32\USER32.dll
0x00007ffa50c90000 - 0x00007ffa50f23000 	C:\WINDOWS\WinSxS\amd64_microsoft.windows.common-controls_6595b64144ccf1df_6.0.26100.6725_none_3e085828e334708b\COMCTL32.dll
0x00007ffa6deb0000 - 0x00007ffa6ded7000 	C:\WINDOWS\System32\win32u.dll
0x00007ffa6fe50000 - 0x00007ffa6fef9000 	C:\WINDOWS\System32\msvcrt.dll
0x00007ffa706e0000 - 0x00007ffa7070b000 	C:\WINDOWS\System32\GDI32.dll
0x00007ffa6e1b0000 - 0x00007ffa6e2dd000 	C:\WINDOWS\System32\gdi32full.dll
0x00007ffa6e640000 - 0x00007ffa6e6e3000 	C:\WINDOWS\System32\msvcp_win.dll
0x00007ffa6e950000 - 0x00007ffa6e97f000 	C:\WINDOWS\System32\IMM32.DLL
0x00007ffa66af0000 - 0x00007ffa66afc000 	c:\Users\Utkarsh\.vscode\extensions\redhat.java-1.46.0-win32-x64\jre\21.0.8-win32-x86_64\bin\vcruntime140_1.dll
0x00007ffa1b720000 - 0x00007ffa1b7ad000 	c:\Users\Utkarsh\.vscode\extensions\redhat.java-1.46.0-win32-x64\jre\21.0.8-win32-x86_64\bin\msvcp140.dll
0x00007ff9f0140000 - 0x00007ff9f0ed7000 	c:\Users\Utkarsh\.vscode\extensions\redhat.java-1.46.0-win32-x64\jre\21.0.8-win32-x86_64\bin\server\jvm.dll
0x00007ffa6f630000 - 0x00007ffa6f6e4000 	C:\WINDOWS\System32\ADVAPI32.dll
0x00007ffa6e8a0000 - 0x00007ffa6e946000 	C:\WINDOWS\System32\sechost.dll
0x00007ffa6ee20000 - 0x00007ffa6ef38000 	C:\WINDOWS\System32\RPCRT4.dll
0x00007ffa70860000 - 0x00007ffa708d4000 	C:\WINDOWS\System32\WS2_32.dll
0x00007ffa6d930000 - 0x00007ffa6d98e000 	C:\WINDOWS\SYSTEM32\POWRPROF.dll
0x00007ffa62f40000 - 0x00007ffa62f75000 	C:\WINDOWS\SYSTEM32\WINMM.dll
0x00007ffa63c80000 - 0x00007ffa63c8b000 	C:\WINDOWS\SYSTEM32\VERSION.dll
0x00007ffa6d910000 - 0x00007ffa6d924000 	C:\WINDOWS\SYSTEM32\UMPDC.dll
0x00007ffa6c860000 - 0x00007ffa6c87b000 	C:\WINDOWS\SYSTEM32\kernel.appcore.dll
0x00007ffa66990000 - 0x00007ffa6699a000 	c:\Users\Utkarsh\.vscode\extensions\redhat.java-1.46.0-win32-x64\jre\21.0.8-win32-x86_64\bin\jimage.dll
0x00007ffa5f190000 - 0x00007ffa5f3d2000 	C:\WINDOWS\SYSTEM32\DBGHELP.DLL
0x00007ffa6efd0000 - 0x00007ffa6f34b000 	C:\WINDOWS\System32\combase.dll
0x00007ffa700d0000 - 0x00007ffa701a7000 	C:\WINDOWS\System32\OLEAUT32.dll
0x00007ffa4eff0000 - 0x00007ffa4f02c000 	C:\WINDOWS\SYSTEM32\dbgcore.DLL
0x00007ffa6e430000 - 0x00007ffa6e4c8000 	C:\WINDOWS\System32\bcryptPrimitives.dll
0x00007ffa66520000 - 0x00007ffa6652f000 	c:\Users\Utkarsh\.vscode\extensions\redhat.java-1.46.0-win32-x64\jre\21.0.8-win32-x86_64\bin\instrument.dll
0x00007ffa56080000 - 0x00007ffa5609f000 	c:\Users\Utkarsh\.vscode\extensions\redhat.java-1.46.0-win32-x64\jre\21.0.8-win32-x86_64\bin\java.dll
0x00007ffa569b0000 - 0x00007ffa569c8000 	c:\Users\Utkarsh\.vscode\extensions\redhat.java-1.46.0-win32-x64\jre\21.0.8-win32-x86_64\bin\zip.dll

JVMTI agents:
c:\Users\Utkarsh\.vscode\extensions\redhat.java-1.46.0-win32-x64\lombok\lombok-1.18.39-4050.jar path:none, loaded, not initialized, instrumentlib options:none

dbghelp: loaded successfully - version: 4.0.5 - missing functions: none
symbol engine: initialized successfully - sym options: 0x614 - pdb path: .;c:\Users\Utkarsh\.vscode\extensions\redhat.java-1.46.0-win32-x64\jre\21.0.8-win32-x86_64\bin;C:\WINDOWS\SYSTEM32;C:\WINDOWS\WinSxS\amd64_microsoft.windows.common-controls_6595b64144ccf1df_6.0.26100.6725_none_3e085828e334708b;c:\Users\Utkarsh\.vscode\extensions\redhat.java-1.46.0-win32-x64\jre\21.0.8-win32-x86_64\bin\server

VM Arguments:
jvm_args: --add-modules=ALL-SYSTEM --add-opens=java.base/java.util=ALL-UNNAMED --add-opens=java.base/java.lang=ALL-UNNAMED --add-opens=java.base/sun.nio.fs=ALL-UNNAMED -Declipse.application=org.eclipse.jdt.ls.core.id1 -Dosgi.bundles.defaultStartLevel=4 -Declipse.product=org.eclipse.jdt.ls.core.product -Djava.import.generatesMetadataFilesAtProjectRoot=false -DDetectVMInstallationsJob.disabled=true -Dfile.encoding=utf8 -XX:+UseParallelGC -XX:GCTimeRatio=4 -XX:AdaptiveSizePolicyWeight=90 -Dsun.zip.disableMemoryMapping=true -Xmx2G -Xms100m -Xlog:disable -javaagent:c:\Users\Utkarsh\.vscode\extensions\redhat.java-1.46.0-win32-x64\lombok\lombok-1.18.39-4050.jar -XX:+HeapDumpOnOutOfMemoryError -XX:HeapDumpPath=c:\Users\Utkarsh\AppData\Roaming\Code\User\workspaceStorage\476b35af7295efd7ee149330c3029c14\redhat.java -Daether.dependencyCollector.impl=bf 
java_command: c:\Users\Utkarsh\.vscode\extensions\redhat.java-1.46.0-win32-x64\server\plugins\org.eclipse.equinox.launcher_1.7.0.v20250519-0528.jar -configuration c:\Users\Utkarsh\AppData\Roaming\Code\User\globalStorage\redhat.java\1.46.0\config_win -data c:\Users\Utkarsh\AppData\Roaming\Code\User\workspaceStorage\476b35af7295efd7ee149330c3029c14\redhat.java\jdt_ws --pipe=\\.\pipe\lsp-8d0beffebeb4ae8a5ccd7b00ce8d3bbf-sock
java_class_path (initial): c:\Users\Utkarsh\.vscode\extensions\redhat.java-1.46.0-win32-x64\server\plugins\org.eclipse.equinox.launcher_1.7.0.v20250519-0528.jar
Launcher Type: SUN_STANDARD

[Global flags]
    uintx AdaptiveSizePolicyWeight                 = 90                                        {product} {command line}
     intx CICompilerCount                          = 4                                         {product} {ergonomic}
    uintx GCTimeRatio                              = 4                                         {product} {command line}
     bool HeapDumpOnOutOfMemoryError               = true                                   {manageable} {command line}
    ccstr HeapDumpPath                             = c:\Users\Utkarsh\AppData\Roaming\Code\User\workspaceStorage\476b35af7295efd7ee149330c3029c14\redhat.java         {manageable} {command line}
   size_t InitialHeapSize                          = 104857600                                 {product} {command line}
   size_t MaxHeapSize                              = 2147483648                                {product} {command line}
   size_t MaxNewSize                               = 715653120                                 {product} {ergonomic}
   size_t MinHeapDeltaBytes                        = 524288                                    {product} {ergonomic}
   size_t MinHeapSize                              = 104857600                                 {product} {command line}
   size_t NewSize                                  = 34603008                                  {product} {ergonomic}
    uintx NonNMethodCodeHeapSize                   = 5839372                                {pd product} {ergonomic}
    uintx NonProfiledCodeHeapSize                  = 122909434                              {pd product} {ergonomic}
   size_t OldSize                                  = 70254592                                  {product} {ergonomic}
    uintx ProfiledCodeHeapSize                     = 122909434                              {pd product} {ergonomic}
    uintx ReservedCodeCacheSize                    = 251658240                              {pd product} {ergonomic}
     bool SegmentedCodeCache                       = true                                      {product} {ergonomic}
   size_t SoftMaxHeapSize                          = 2147483648                             {manageable} {ergonomic}
     bool UseCompressedOops                        = true                           {product lp64_product} {ergonomic}
     bool UseLargePagesIndividualAllocation        = false                                  {pd product} {ergonomic}
     bool UseParallelGC                            = true                                      {product} {command line}

Logging:
Log output configuration:
 #0: stdout all=off uptime,level,tags foldmultilines=false
 #1: stderr all=off uptime,level,tags foldmultilines=false

Environment Variables:
PATH=D:\app\oracle\product\10.2.0\server\bin;C:\Program Files\Eclipse Adoptium\jdk-21.0.8.9-hotspot\bin;C:\windows\system32;C:\windows;C:\windows\System32\Wbem;C:\windows\System32\WindowsPowerShell\v1.0\;C:\windows\System32\OpenSSH\;C:\Program Files (x86)\NVIDIA Corporation\PhysX\Common;C:\WINDOWS\system32;C:\WINDOWS;C:\WINDOWS\System32\Wbem;C:\WINDOWS\System32\WindowsPowerShell\v1.0\;C:\WINDOWS\System32\OpenSSH\;C:\Program Files\Git\cmd;C:\Program Files\nodejs\;C:\Program Files\Cloudflare\Cloudflare WARP\;C:\MinGW\bin;C:\Program Files\MySQL\MySQL Shell 8.0\bin\;C:\Users\Utkarsh\AppData\Local\Microsoft\WindowsApps;C:\Users\Utkarsh\AppData\Local\Programs\Microsoft VS Code\bin;C:\Users\Utkarsh\AppData\Roaming\npm;C:\Program Files\Eclipse Adoptium\jdk-21.0.8.9-hotspot\bin;C:\Users\Utkarsh\AppData\Local\Programs\cursor\resources\app\bin;
USERNAME=Utkarsh
OS=Windows_NT
PROCESSOR_IDENTIFIER=AMD64 Family 25 Model 80 Stepping 0, AuthenticAMD
TMP=C:\Users\Utkarsh\AppData\Local\Temp
TEMP=C:\Users\Utkarsh\AppData\Local\Temp




Periodic native trim disabled

---------------  S Y S T E M  ---------------

OS:
 Windows 11 , 64 bit Build 26100 (10.0.26100.6725)
OS uptime: 2 days 5:57 hours
Hyper-V role detected

CPU: total 12 (initial active 12) (12 cores per cpu, 2 threads per core) family 25 model 80 stepping 0 microcode 0xa500011, cx8, cmov, fxsr, ht, mmx, 3dnowpref, sse, sse2, sse3, ssse3, sse4a, sse4.1, sse4.2, popcnt, lzcnt, tsc, tscinvbit, avx, avx2, aes, erms, clmul, bmi1, bmi2, adx, sha, fma, vzeroupper, clflush, clflushopt, hv, rdtscp, rdpid, fsrm, f16c, cet_ss
Processor Information for processor 0
  Max Mhz: 3301, Current Mhz: 1805, Mhz Limit: 3301
Processor Information for processor 1
  Max Mhz: 3301, Current Mhz: 3301, Mhz Limit: 3301
Processor Information for processor 2
  Max Mhz: 3301, Current Mhz: 3301, Mhz Limit: 3301
Processor Information for processor 3
  Max Mhz: 3301, Current Mhz: 1805, Mhz Limit: 3301
Processor Information for processor 4
  Max Mhz: 3301, Current Mhz: 3301, Mhz Limit: 3301
Processor Information for processor 5
  Max Mhz: 3301, Current Mhz: 1805, Mhz Limit: 3301
Processor Information for processor 6
  Max Mhz: 3301, Current Mhz: 1805, Mhz Limit: 3301
Processor Information for processor 7
  Max Mhz: 3301, Current Mhz: 1805, Mhz Limit: 3301
Processor Information for processor 8
  Max Mhz: 3301, Current Mhz: 1805, Mhz Limit: 3301
Processor Information for processor 9
  Max Mhz: 3301, Current Mhz: 1805, Mhz Limit: 3301
Processor Information for processor 10
  Max Mhz: 3301, Current Mhz: 1805, Mhz Limit: 3301
Processor Information for processor 11
  Max Mhz: 3301, Current Mhz: 1805, Mhz Limit: 3301

Memory: 4k page, system-wide physical 15710M (1331M free)
TotalPageFile size 19806M (AvailPageFile size 1M)
current process WorkingSet (physical memory assigned to process): 18M, peak: 18M
current process commit charge ("private bytes"): 183M, peak: 184M

vm_info: OpenJDK 64-Bit Server VM (21.0.8+9-LTS) for windows-amd64 JRE (21.0.8+9-LTS), built on 2025-07-15T00:00:00Z by "admin" with MS VC++ 17.7 (VS2022)

END.
